[2026-08-13 17:05:10,930] [INFO]    GDS input file passed, running in LVS mode
[2026-08-13 17:05:10,932] [INFO]    Found cell DAC_CORE_5bit in GDS DAC_CORE_5bit.gds (only top cell)
[2026-08-13 17:05:10,943] [INFO]    Cache miss: extracted LVSDB does not exist
[2026-08-13 17:05:10,944] [SUBPROCESS]    output/.kpex_cache/sky130A/foss/designs/lab2/klayout/DAC_CORE_5bit.gds/DAC_CORE_5bit.lvsdb.gz
[2026-08-13 17:05:10,945] [SUBPROCESS]    klayout -b -r /usr/local/lib/python3.12/dist-packages/klayout_pex/pdk/sky130A/libs.tech/kpex/sky130.lvs -rd input=/foss/designs/lab2/klayout/DAC_CORE_5bit.gds -rd report=/foss/designs/lab2/klayout/output/DAC_CORE_5bit__DAC_CORE_5bit/DAC_CORE_5bit.lvsdb.gz -rd schematic=/foss/designs/lab2/xschem/DAC_CORE_5bit.spice -rd thr=22 -rd run_mode=deep -rd spice_net_names=true -rd spice_comments=false -rd scale=false -rd verbose=false -rd schematic_simplify=false -rd net_only=false -rd top_lvl_pins=true -rd combine=false -rd combine_devices=false -rd purge=false -rd purge_nets=false -rd no_simplify=true
[2026-08-13 17:05:10,947] [SUBPROCESS]    output/DAC_CORE_5bit__DAC_CORE_5bit/DAC_CORE_5bit_lvs.log
[2026-08-13 17:05:13,817] [SUBPROCESS]    2026-08-13 17:05:13 +0200: Memory Usage (453992K) : Starting running SKY130 Klayout LVS runset on /foss/designs/lab2/klayout/DAC_CORE_5bit.gds
[2026-08-13 17:05:13,818] [SUBPROCESS]    2026-08-13 17:05:13 +0200: Memory Usage (456084K) : Layout file: /foss/designs/lab2/klayout/DAC_CORE_5bit.gds
[2026-08-13 17:05:13,819] [SUBPROCESS]    2026-08-13 17:05:13 +0200: Memory Usage (456084K) : Number of threads: 22
[2026-08-13 17:05:13,820] [SUBPROCESS]    2026-08-13 17:05:13 +0200: Memory Usage (456084K) : Final report: /foss/designs/lab2/klayout/output/DAC_CORE_5bit__DAC_CORE_5bit/DAC_CORE_5bit.lvsdb.gz
[2026-08-13 17:05:13,820] [SUBPROCESS]    2026-08-13 17:05:13 +0200: Memory Usage (456084K) : No substrate name given, default name is sky130_gnd
[2026-08-13 17:05:13,821] [SUBPROCESS]    2026-08-13 17:05:13 +0200: Memory Usage (456084K) : Extracted netlist with net names: true
[2026-08-13 17:05:13,822] [SUBPROCESS]    2026-08-13 17:05:13 +0200: Memory Usage (456084K) : Extracted netlist with comments in details: false
[2026-08-13 17:05:13,823] [SUBPROCESS]    2026-08-13 17:05:13 +0200: Memory Usage (456084K) : Extracted netlist file: DAC_CORE_5bit_extracted.cir
[2026-08-13 17:05:13,824] [SUBPROCESS]    2026-08-13 17:05:13 +0200: Memory Usage (456084K) : device_scaling: false
[2026-08-13 17:05:13,824] [SUBPROCESS]    2026-08-13 17:05:13 +0200: Memory Usage (456084K) : Verbose mode: false
[2026-08-13 17:05:13,825] [SUBPROCESS]    2026-08-13 17:05:13 +0200: Memory Usage (456084K) : deep mode is enabled.
[2026-08-13 17:05:13,825] [SUBPROCESS]    2026-08-13 17:05:13 +0200: Memory Usage (456468K) : Netlist file: /foss/designs/lab2/xschem/DAC_CORE_5bit.spice
[2026-08-13 17:05:13,826] [SUBPROCESS]    2026-08-13 17:05:13 +0200: Memory Usage (456468K) : Read in polygons from layers.
[2026-08-13 17:05:13,827] [SUBPROCESS]    2026-08-13 17:05:13 +0200: Memory Usage (462412K) : Read in labels from layers.
[2026-08-13 17:05:13,827] [SUBPROCESS]    2026-08-13 17:05:13 +0200: Memory Usage (463472K) : Evaluate switches start
[2026-08-13 17:05:13,828] [SUBPROCESS]    2026-08-13 17:05:13 +0200: Memory Usage (463472K) : SCH_SIMPLE enabled  false
[2026-08-13 17:05:13,829] [SUBPROCESS]    2026-08-13 17:05:13 +0200: Memory Usage (463472K) : NET_ONLY enabled  false
[2026-08-13 17:05:13,829] [SUBPROCESS]    2026-08-13 17:05:13 +0200: Memory Usage (463472K) : TOP_LVL_PINS enabled  true
[2026-08-13 17:05:13,830] [SUBPROCESS]    2026-08-13 17:05:13 +0200: Memory Usage (463472K) : COMBINE enabled  false
[2026-08-13 17:05:13,830] [SUBPROCESS]    2026-08-13 17:05:13 +0200: Memory Usage (463472K) : PURGE enabled  false
[2026-08-13 17:05:13,831] [SUBPROCESS]    2026-08-13 17:05:13 +0200: Memory Usage (463472K) : PURGE_NETS enabled  false
[2026-08-13 17:05:13,831] [SUBPROCESS]    2026-08-13 17:05:13 +0200: Memory Usage (463472K) : SIMPLIFY enabled  false
[2026-08-13 17:05:13,832] [SUBPROCESS]    2026-08-13 17:05:13 +0200: Memory Usage (463472K) : Evaluate switches end.
[2026-08-13 17:05:13,833] [SUBPROCESS]    2026-08-13 17:05:13 +0200: Memory Usage (463472K) : SKY130 LVS rules started
[2026-08-13 17:05:13,833] [SUBPROCESS]    2026-08-13 17:05:13 +0200: Memory Usage (463472K) : Starting deriving base layers.
[2026-08-13 17:05:13,834] [SUBPROCESS]    2026-08-13 17:05:13 +0200: Memory Usage (471908K) : Starting MOSFET DERIVATIONS
[2026-08-13 17:05:13,834] [SUBPROCESS]    2026-08-13 17:05:13 +0200: Memory Usage (471908K) : Starting PMOS layers DERIVATIONS
[2026-08-13 17:05:13,835] [SUBPROCESS]    2026-08-13 17:05:13 +0200: Memory Usage (472932K) : Starting NMOS layers DERIVATIONS
[2026-08-13 17:05:13,836] [SUBPROCESS]    2026-08-13 17:05:13 +0200: Memory Usage (474084K) : Starting BJT DERIVATIONS
[2026-08-13 17:05:13,837] [SUBPROCESS]    2026-08-13 17:05:13 +0200: Memory Usage (474724K) : Starting NPN layers DERIVATIONS
[2026-08-13 17:05:13,837] [SUBPROCESS]    2026-08-13 17:05:13 +0200: Memory Usage (476644K) : Starting PNP layers DERIVATIONS
[2026-08-13 17:05:13,838] [SUBPROCESS]    2026-08-13 17:05:13 +0200: Memory Usage (478044K) : Starting DIODE DERIVATIONS
[2026-08-13 17:05:13,839] [SUBPROCESS]    2026-08-13 17:05:13 +0200: Memory Usage (479324K) : Starting PHOTODIODE DERIVATIONS
[2026-08-13 17:05:13,839] [SUBPROCESS]    2026-08-13 17:05:13 +0200: Memory Usage (479964K) : Starting RESISTOR DERIVATIONS
[2026-08-13 17:05:13,840] [SUBPROCESS]    2026-08-13 17:05:13 +0200: Memory Usage (482000K) : Starting FUSE DERIVATIONS
[2026-08-13 17:05:13,841] [SUBPROCESS]    2026-08-13 17:05:13 +0200: Memory Usage (482000K) : Starting MIM DERIVATIONS
[2026-08-13 17:05:13,841] [SUBPROCESS]    2026-08-13 17:05:13 +0200: Memory Usage (482000K) : Starting VARACTOR DERIVATIONS
[2026-08-13 17:05:13,842] [SUBPROCESS]    2026-08-13 17:05:13 +0200: Memory Usage (482640K) : Starting INDUCTOR DERIVATIONS
[2026-08-13 17:05:13,843] [SUBPROCESS]    2026-08-13 17:05:13 +0200: Memory Usage (482896K) : Starting VPP CAP DERIVATIONS
[2026-08-13 17:05:13,843] [SUBPROCESS]    2026-08-13 17:05:13 +0200: Memory Usage (482896K) : Starting SONOS DERIVATIONS
[2026-08-13 17:05:13,844] [SUBPROCESS]    2026-08-13 17:05:13 +0200: Memory Usage (483148K) : Starting SKY130 LVS connectivity setup
[2026-08-13 17:05:13,845] [SUBPROCESS]    2026-08-13 17:05:13 +0200: Memory Usage (483148K) : Starting SKY130 LVS connectivity setup (Inter-layer)
[2026-08-13 17:05:13,846] [SUBPROCESS]    2026-08-13 17:05:13 +0200: Memory Usage (483336K) : Starting SKY130 LVS connectivity setup (Attaching labels)
[2026-08-13 17:05:13,847] [SUBPROCESS]    2026-08-13 17:05:13 +0200: Memory Usage (483336K) : Starting SKY130 LVS connectivity setup (Global connections)
[2026-08-13 17:05:13,847] [SUBPROCESS]    2026-08-13 17:05:13 +0200: Memory Usage (483336K) : Starting SKY130 LVS connectivity setup (Multifinger Devices)
[2026-08-13 17:05:13,848] [SUBPROCESS]    2026-08-13 17:05:13 +0200: Memory Usage (483336K) : Starting LVS BJT CONNECTIONS
[2026-08-13 17:05:13,849] [SUBPROCESS]    2026-08-13 17:05:13 +0200: Memory Usage (483336K) : Starting LVS DIODE CONNECTIONS
[2026-08-13 17:05:13,849] [SUBPROCESS]    2026-08-13 17:05:13 +0200: Memory Usage (483336K) : Starting LVS PHOTODIODE CONNECTIONS
[2026-08-13 17:05:13,850] [SUBPROCESS]    2026-08-13 17:05:13 +0200: Memory Usage (483336K) : Starting LVS MIMCAP CONNECTIONS
[2026-08-13 17:05:13,850] [SUBPROCESS]    2026-08-13 17:05:13 +0200: Memory Usage (483336K) : Starting LVS VARACTOR CONNECTIONS
[2026-08-13 17:05:13,851] [SUBPROCESS]    2026-08-13 17:05:13 +0200: Memory Usage (483336K) : Starting LVS RESISTOR CONNECTIONS
[2026-08-13 17:05:13,852] [SUBPROCESS]    2026-08-13 17:05:13 +0200: Memory Usage (483336K) : Starting LVS INDUCTOR CONNECTIONS
[2026-08-13 17:05:13,853] [SUBPROCESS]    2026-08-13 17:05:13 +0200: Memory Usage (483336K) : Starting LVS VPP CAP CONNECTIONS
[2026-08-13 17:05:13,854] [SUBPROCESS]    2026-08-13 17:05:13 +0200: Memory Usage (483336K) : Starting LVS SONOS CONNECTIONS
[2026-08-13 17:05:13,854] [SUBPROCESS]    2026-08-13 17:05:13 +0200: Memory Usage (483336K) : Starting MOSFET EXTRACTION
[2026-08-13 17:05:13,855] [SUBPROCESS]    2026-08-13 17:05:13 +0200: Memory Usage (483336K) : Starting PMOS EXTRACTION
[2026-08-13 17:05:13,856] [SUBPROCESS]    2026-08-13 17:05:13 +0200: Memory Usage (483336K) : Extracting 1.8V PMOS transistor standard
[2026-08-13 17:05:13,856] [SUBPROCESS]    2026-08-13 17:05:13 +0200: Memory Usage (483632K) : Extracting 1.8V PMOS transistor low threshold voltage
[2026-08-13 17:05:13,857] [SUBPROCESS]    2026-08-13 17:05:13 +0200: Memory Usage (483632K) : Extracting 1.8V PMOS transistor high threshold voltage
[2026-08-13 17:05:13,858] [SUBPROCESS]    2026-08-13 17:05:13 +0200: Memory Usage (483632K) : Extracting 5V gate 10.5V drain PMOS transistor
[2026-08-13 17:05:13,860] [SUBPROCESS]    2026-08-13 17:05:13 +0200: Memory Usage (483632K) : Starting NMOS EXTRACTION
[2026-08-13 17:05:13,861] [SUBPROCESS]    2026-08-13 17:05:13 +0200: Memory Usage (483632K) : Extracting 1.8V NMOS transistor standard
[2026-08-13 17:05:13,861] [SUBPROCESS]    2026-08-13 17:05:13 +0200: Memory Usage (483632K) : Extracting 1.8V NMOS transistor low threshold voltage
[2026-08-13 17:05:13,863] [SUBPROCESS]    2026-08-13 17:05:13 +0200: Memory Usage (483632K) : Extracting 3.3V NMOS transistor native voltage
[2026-08-13 17:05:13,863] [SUBPROCESS]    2026-08-13 17:05:13 +0200: Memory Usage (483632K) : Extracting 5V NMOS transistor native voltage
[2026-08-13 17:05:13,864] [SUBPROCESS]    2026-08-13 17:05:13 +0200: Memory Usage (483632K) : Extracting 5V gate 10.5V drain NMOS transistor
[2026-08-13 17:05:13,864] [SUBPROCESS]    2026-08-13 17:05:13 +0200: Memory Usage (483632K) : Starting BJT EXTRACTION
[2026-08-13 17:05:13,865] [SUBPROCESS]    2026-08-13 17:05:13 +0200: Memory Usage (483632K) : Starting NPN BJT EXTRACTION
[2026-08-13 17:05:13,866] [SUBPROCESS]    2026-08-13 17:05:13 +0200: Memory Usage (483632K) : Extracting sky130_fd_pr__npn_05v5_W1p00L1p00 BJT
[2026-08-13 17:05:13,866] [SUBPROCESS]    2026-08-13 17:05:13 +0200: Memory Usage (483632K) : Extracting sky130_fd_pr__npn_05v5_W1p00L2p00 BJT
[2026-08-13 17:05:13,867] [SUBPROCESS]    2026-08-13 17:05:13 +0200: Memory Usage (483632K) : Extracting sky130_fd_pr__npn_11v0_W1p00L1p00 BJT
[2026-08-13 17:05:13,868] [SUBPROCESS]    2026-08-13 17:05:13 +0200: Memory Usage (483632K) : Starting PNP BJT EXTRACTION
[2026-08-13 17:05:13,868] [SUBPROCESS]    2026-08-13 17:05:13 +0200: Memory Usage (483632K) : Extracting sky130_fd_pr__pnp_05v5_W0p68L0p68 BJT
[2026-08-13 17:05:13,869] [SUBPROCESS]    2026-08-13 17:05:13 +0200: Memory Usage (483632K) : Extracting sky130_fd_pr__pnp_05v5_W3p40L3p40 BJT
[2026-08-13 17:05:13,869] [SUBPROCESS]    2026-08-13 17:05:13 +0200: Memory Usage (483632K) : Starting DIODE EXTRACTION
[2026-08-13 17:05:13,871] [SUBPROCESS]    2026-08-13 17:05:13 +0200: Memory Usage (483632K) : Extracting 5V N+ diffusion diode
[2026-08-13 17:05:13,871] [SUBPROCESS]    2026-08-13 17:05:13 +0200: Memory Usage (483632K) : Extracting 5V N+ diffusion diode low threshold voltage
[2026-08-13 17:05:13,872] [SUBPROCESS]    2026-08-13 17:05:13 +0200: Memory Usage (483632K) : Extracting 5V N+ diffusion diode native threshold voltage
[2026-08-13 17:05:13,873] [SUBPROCESS]    2026-08-13 17:05:13 +0200: Memory Usage (483632K) : Extracting 11V N+ diffusion diode
[2026-08-13 17:05:13,874] [SUBPROCESS]    2026-08-13 17:05:13 +0200: Memory Usage (483632K) : Extracting 5V P+ diffusion diode
[2026-08-13 17:05:13,874] [SUBPROCESS]    2026-08-13 17:05:13 +0200: Memory Usage (483632K) : Extracting5V P+ diffusion diode low threshold voltage
[2026-08-13 17:05:13,875] [SUBPROCESS]    2026-08-13 17:05:13 +0200: Memory Usage (483632K) : Extracting 5V P+ diffusion diode high threshold voltage
[2026-08-13 17:05:13,876] [SUBPROCESS]    2026-08-13 17:05:13 +0200: Memory Usage (483632K) : Extracting 11V P+ diffusion diode
[2026-08-13 17:05:13,876] [SUBPROCESS]    2026-08-13 17:05:13 +0200: Memory Usage (483632K) : Starting PHOTODIODE EXTRACTION
[2026-08-13 17:05:13,877] [SUBPROCESS]    2026-08-13 17:05:13 +0200: Memory Usage (483632K) : Extracting Photodiode
[2026-08-13 17:05:13,878] [SUBPROCESS]    2026-08-13 17:05:13 +0200: Memory Usage (483632K) : Starting RESISTOR EXTRACTION
[2026-08-13 17:05:13,879] [SUBPROCESS]    2026-08-13 17:05:13 +0200: Memory Usage (483632K) : Extracting sky130_fd_pr__res_generic_nd device
[2026-08-13 17:05:13,879] [SUBPROCESS]    2026-08-13 17:05:13 +0200: Memory Usage (483632K) : Extracting sky130_fd_pr__res_generic_nd device
[2026-08-13 17:05:13,880] [SUBPROCESS]    2026-08-13 17:05:13 +0200: Memory Usage (483632K) : Extracting sky130_fd_pr__res_generic_pd device
[2026-08-13 17:05:13,881] [SUBPROCESS]    2026-08-13 17:05:13 +0200: Memory Usage (483632K) : Extracting sky130_fd_pr__res_generic_pd device
[2026-08-13 17:05:13,881] [SUBPROCESS]    2026-08-13 17:05:13 +0200: Memory Usage (483632K) : Extracting sky130_fd_pr__res_iso_pw device
[2026-08-13 17:05:13,882] [SUBPROCESS]    2026-08-13 17:05:13 +0200: Memory Usage (483632K) : Extracting sky130_fd_pr__res_generic_po device
[2026-08-13 17:05:13,904] [SUBPROCESS]    2026-08-13 17:05:13 +0200: Memory Usage (483632K) : Extracting sky130_fd_pr__res_high_po_0p35 device
[2026-08-13 17:05:13,905] [SUBPROCESS]    2026-08-13 17:05:13 +0200: Memory Usage (483632K) : Extracting sky130_fd_pr__res_high_po_0p69 device
[2026-08-13 17:05:13,905] [SUBPROCESS]    2026-08-13 17:05:13 +0200: Memory Usage (483632K) : Extracting sky130_fd_pr__res_high_po_1p41 device
[2026-08-13 17:05:13,906] [SUBPROCESS]    2026-08-13 17:05:13 +0200: Memory Usage (483632K) : Extracting sky130_fd_pr__res_high_po_2p85 device
[2026-08-13 17:05:13,907] [SUBPROCESS]    2026-08-13 17:05:13 +0200: Memory Usage (483632K) : Extracting sky130_fd_pr__res_high_po_5p73 device
[2026-08-13 17:05:13,907] [SUBPROCESS]    2026-08-13 17:05:13 +0200: Memory Usage (483632K) : Extracting sky130_fd_pr__res_xhigh_po_0p35 device
[2026-08-13 17:05:13,909] [SUBPROCESS]    2026-08-13 17:05:13 +0200: Memory Usage (483632K) : Extracting sky130_fd_pr__res_xhigh_po_0p69 device
[2026-08-13 17:05:13,910] [SUBPROCESS]    2026-08-13 17:05:13 +0200: Memory Usage (483632K) : Extracting sky130_fd_pr__res_xhigh_po_1p41 device
[2026-08-13 17:05:13,910] [SUBPROCESS]    2026-08-13 17:05:13 +0200: Memory Usage (483632K) : Extracting sky130_fd_pr__res_xhigh_po_2p85 device
[2026-08-13 17:05:13,911] [SUBPROCESS]    2026-08-13 17:05:13 +0200: Memory Usage (483632K) : Extracting sky130_fd_pr__res_xhigh_po_5p73 device
[2026-08-13 17:05:13,911] [SUBPROCESS]    2026-08-13 17:05:13 +0200: Memory Usage (483632K) : Extracting sky130_fd_pr__res_generic_l1 device
[2026-08-13 17:05:13,912] [SUBPROCESS]    2026-08-13 17:05:13 +0200: Memory Usage (483632K) : Extracting sky130_fd_pr__res_generic_m1 device
[2026-08-13 17:05:13,913] [SUBPROCESS]    2026-08-13 17:05:13 +0200: Memory Usage (483632K) : Extracting sky130_fd_pr__res_generic_m2 device
[2026-08-13 17:05:13,913] [SUBPROCESS]    2026-08-13 17:05:13 +0200: Memory Usage (483632K) : Extracting sky130_fd_pr__res_generic_m3 device
[2026-08-13 17:05:13,914] [SUBPROCESS]    2026-08-13 17:05:13 +0200: Memory Usage (483632K) : Extracting sky130_fd_pr__res_generic_m4 device
[2026-08-13 17:05:13,914] [SUBPROCESS]    2026-08-13 17:05:13 +0200: Memory Usage (483632K) : Extracting sky130_fd_pr__res_generic_m5 device
[2026-08-13 17:05:13,915] [SUBPROCESS]    2026-08-13 17:05:13 +0200: Memory Usage (483632K) : Starting FUSE EXTRACTION
[2026-08-13 17:05:13,916] [SUBPROCESS]    2026-08-13 17:05:13 +0200: Memory Usage (483632K) : Extracting sky130_fd_pr__fuse_m4 device
[2026-08-13 17:05:13,916] [SUBPROCESS]    2026-08-13 17:05:13 +0200: Memory Usage (483632K) : Starting MIMCAP EXTRACTION
[2026-08-13 17:05:13,917] [SUBPROCESS]    2026-08-13 17:05:13 +0200: Memory Usage (483632K) : Extracting sky130_fd_pr__model__cap_mim device
[2026-08-13 17:05:13,917] [SUBPROCESS]    2026-08-13 17:05:13 +0200: Memory Usage (483632K) : Extracting sky130_fd_pr__model__cap_mim_m4 device
[2026-08-13 17:05:13,918] [SUBPROCESS]    2026-08-13 17:05:13 +0200: Memory Usage (483632K) : Starting VARACTOR EXTRACTION
[2026-08-13 17:05:13,919] [SUBPROCESS]    2026-08-13 17:05:13 +0200: Memory Usage (483632K) : Extracting low threshold voltage varactor
[2026-08-13 17:05:13,920] [SUBPROCESS]    2026-08-13 17:05:13 +0200: Memory Usage (483632K) : Extracting high threshold voltage varactor
[2026-08-13 17:05:13,921] [SUBPROCESS]    2026-08-13 17:05:13 +0200: Memory Usage (483632K) : Starting VARACTOR EXTRACTION
[2026-08-13 17:05:13,921] [SUBPROCESS]    2026-08-13 17:05:13 +0200: Memory Usage (483632K) : Extracting sky130_fd_pr__cap_vpp_02p4x04p6_m1m2_noshield
[2026-08-13 17:05:13,922] [SUBPROCESS]    2026-08-13 17:05:13 +0200: Memory Usage (483632K) : Extracting sky130_fd_pr__cap_vpp_02p7x06p1_m1m2m3m4_shieldl1_fingercap
[2026-08-13 17:05:13,923] [SUBPROCESS]    2026-08-13 17:05:13 +0200: Memory Usage (483632K) : Extracting sky130_fd_pr__cap_vpp_02p7x11p1_m1m2m3m4_shieldl1_fingercap
[2026-08-13 17:05:13,924] [SUBPROCESS]    2026-08-13 17:05:13 +0200: Memory Usage (483632K) : Extracting sky130_fd_pr__cap_vpp_02p7x21p1_m1m2m3m4_shieldl1_fingercap
[2026-08-13 17:05:13,924] [SUBPROCESS]    2026-08-13 17:05:13 +0200: Memory Usage (483632K) : Extracting sky130_fd_pr__cap_vpp_02p7x41p1_m1m2m3m4_shieldl1_fingercap
[2026-08-13 17:05:13,925] [SUBPROCESS]    2026-08-13 17:05:13 +0200: Memory Usage (483632K) : Extracting sky130_fd_pr__cap_vpp_02p9x06p1_m1m2m3m4_shieldl1_fingercap2
[2026-08-13 17:05:13,926] [SUBPROCESS]    2026-08-13 17:05:13 +0200: Memory Usage (483632K) : Extracting sky130_fd_pr__cap_vpp_03p9x03p9_m1m2_shieldl1_floatm3
[2026-08-13 17:05:13,926] [SUBPROCESS]    2026-08-13 17:05:13 +0200: Memory Usage (483632K) : Extracting sky130_fd_pr__cap_vpp_04p4x04p6_l1m1m2_noshield
[2026-08-13 17:05:13,927] [SUBPROCESS]    2026-08-13 17:05:13 +0200: Memory Usage (483632K) : Extracting sky130_fd_pr__cap_vpp_04p4x04p6_l1m1m2_noshield_o2subcell
[2026-08-13 17:05:13,928] [SUBPROCESS]    2026-08-13 17:05:13 +0200: Memory Usage (483632K) : Extracting sky130_fd_pr__cap_vpp_04p4x04p6_l1m1m2_shieldpo_floatm3
[2026-08-13 17:05:13,929] [SUBPROCESS]    2026-08-13 17:05:13 +0200: Memory Usage (483632K) : Extracting sky130_fd_pr__cap_vpp_04p4x04p6_m1m2m3_shieldl1
[2026-08-13 17:05:13,930] [SUBPROCESS]    2026-08-13 17:05:13 +0200: Memory Usage (483632K) : Extracting sky130_fd_pr__cap_vpp_04p4x04p6_m1m2m3_shieldl1m5_floatm4
[2026-08-13 17:05:13,931] [SUBPROCESS]    2026-08-13 17:05:13 +0200: Memory Usage (483632K) : Extracting sky130_fd_pr__cap_vpp_04p4x04p6_m1m2_noshield
[2026-08-13 17:05:13,932] [SUBPROCESS]    2026-08-13 17:05:13 +0200: Memory Usage (483632K) : Extracting sky130_fd_pr__cap_vpp_04p4x04p6_m1m2_noshield_o2
[2026-08-13 17:05:13,933] [SUBPROCESS]    2026-08-13 17:05:13 +0200: Memory Usage (483632K) : Extracting sky130_fd_pr__cap_vpp_04p4x04p6_m1m2_shieldl1
[2026-08-13 17:05:13,934] [SUBPROCESS]    2026-08-13 17:05:13 +0200: Memory Usage (483632K) : Extracting sky130_fd_pr__cap_vpp_05p9x05p9_m1m2m3m4_shieldl1_wafflecap
[2026-08-13 17:05:13,935] [SUBPROCESS]    2026-08-13 17:05:13 +0200: Memory Usage (483632K) : Extracting sky130_fd_pr__cap_vpp_06p8x06p1_l1m1m2m3_shieldpom4
[2026-08-13 17:05:13,936] [SUBPROCESS]    2026-08-13 17:05:13 +0200: Memory Usage (483632K) : Extracting sky130_fd_pr__cap_vpp_06p8x06p1_m1m2m3_shieldl1m4
[2026-08-13 17:05:13,938] [SUBPROCESS]    2026-08-13 17:05:13 +0200: Memory Usage (483632K) : Extracting sky130_fd_pr__cap_vpp_08p6x07p8_l1m1m2_noshield
[2026-08-13 17:05:13,938] [SUBPROCESS]    2026-08-13 17:05:13 +0200: Memory Usage (483632K) : Extracting sky130_fd_pr__cap_vpp_08p6x07p8_l1m1m2_noshield_o2subcell
[2026-08-13 17:05:13,939] [SUBPROCESS]    2026-08-13 17:05:13 +0200: Memory Usage (483632K) : Extracting sky130_fd_pr__cap_vpp_08p6x07p8_l1m1m2_shieldpo_floatm3
[2026-08-13 17:05:13,940] [SUBPROCESS]    2026-08-13 17:05:13 +0200: Memory Usage (483632K) : Extracting sky130_fd_pr__cap_vpp_08p6x07p8_m1m2m3_shieldl1
[2026-08-13 17:05:13,941] [SUBPROCESS]    2026-08-13 17:05:13 +0200: Memory Usage (483632K) : Extracting sky130_fd_pr__cap_vpp_08p6x07p8_m1m2m3_shieldl1m5_floatm4
[2026-08-13 17:05:13,941] [SUBPROCESS]    2026-08-13 17:05:13 +0200: Memory Usage (483632K) : Extracting sky130_fd_pr__cap_vpp_08p6x07p8_m1m2_noshield
[2026-08-13 17:05:13,942] [SUBPROCESS]    2026-08-13 17:05:13 +0200: Memory Usage (483632K) : Extracting sky130_fd_pr__cap_vpp_08p6x07p8_m1m2_shieldl1
[2026-08-13 17:05:13,943] [SUBPROCESS]    2026-08-13 17:05:13 +0200: Memory Usage (483632K) : Extracting sky130_fd_pr__cap_vpp_11p3x11p3_m1m2m3m4_shieldl1_wafflecap
[2026-08-13 17:05:13,944] [SUBPROCESS]    2026-08-13 17:05:13 +0200: Memory Usage (483632K) : Extracting vpp cap sky130_fd_pr__cap_vpp_11p3x11p8_l1m1m2m3m4_shieldm5_nhv
[2026-08-13 17:05:13,944] [SUBPROCESS]    2026-08-13 17:05:13 +0200: Memory Usage (483632K) : Extracting sky130_fd_pr__cap_vpp_11p5x11p7_l1m1m2m3m4_shieldm5
[2026-08-13 17:05:13,945] [SUBPROCESS]    2026-08-13 17:05:13 +0200: Memory Usage (483632K) : Extracting sky130_fd_pr__cap_vpp_11p5x11p7_l1m1m2m3m4_shieldpom5
[2026-08-13 17:05:13,946] [SUBPROCESS]    2026-08-13 17:05:13 +0200: Memory Usage (483632K) : Extracting sky130_fd_pr__cap_vpp_11p5x11p7_l1m1m2m3m4_shieldpom5_x
[2026-08-13 17:05:13,946] [SUBPROCESS]    2026-08-13 17:05:13 +0200: Memory Usage (483632K) : Extracting sky130_fd_pr__cap_vpp_11p5x11p7_l1m1m2m3_shieldm4
[2026-08-13 17:05:13,947] [SUBPROCESS]    2026-08-13 17:05:13 +0200: Memory Usage (483632K) : Extracting sky130_fd_pr__cap_vpp_11p5x11p7_l1m1m2m3_shieldpom4
[2026-08-13 17:05:13,948] [SUBPROCESS]    2026-08-13 17:05:13 +0200: Memory Usage (483632K) : Extracting sky130_fd_pr__cap_vpp_11p5x11p7_l1m1m2_noshield
[2026-08-13 17:05:13,948] [SUBPROCESS]    2026-08-13 17:05:13 +0200: Memory Usage (483632K) : Extracting sky130_fd_pr__cap_vpp_11p5x11p7_l1m1m2_shieldpom3
[2026-08-13 17:05:13,949] [SUBPROCESS]    2026-08-13 17:05:13 +0200: Memory Usage (483632K) : Extracting sky130_fd_pr__cap_vpp_11p5x11p7_m1m2m3m4_shieldl1m5
[2026-08-13 17:05:13,949] [SUBPROCESS]    2026-08-13 17:05:13 +0200: Memory Usage (483632K) : Extracting sky130_fd_pr__cap_vpp_11p5x11p7_m1m2m3m4_shieldm5
[2026-08-13 17:05:13,950] [SUBPROCESS]    2026-08-13 17:05:13 +0200: Memory Usage (483632K) : Extracting sky130_fd_pr__cap_vpp_11p5x11p7_m1m2m3_shieldl1
[2026-08-13 17:05:13,951] [SUBPROCESS]    2026-08-13 17:05:13 +0200: Memory Usage (483632K) : Extracting sky130_fd_pr__cap_vpp_11p5x11p7_m1m2m3_shieldl1m5_floatm4
[2026-08-13 17:05:13,951] [SUBPROCESS]    2026-08-13 17:05:13 +0200: Memory Usage (483632K) : Extracting sky130_fd_pr__cap_vpp_11p5x11p7_m1m2_noshield
[2026-08-13 17:05:13,952] [SUBPROCESS]    2026-08-13 17:05:13 +0200: Memory Usage (483632K) : Extracting sky130_fd_pr__cap_vpp_11p5x11p7_m1m2_shieldl1
[2026-08-13 17:05:13,953] [SUBPROCESS]    2026-08-13 17:05:13 +0200: Memory Usage (483632K) : Extracting sky130_fd_pr__cap_vpp_11p5x11p7_m1m4_noshield
[2026-08-13 17:05:13,953] [SUBPROCESS]    2026-08-13 17:05:13 +0200: Memory Usage (483632K) : Extracting sky130_fd_pr__cap_vpp_11p5x11p7_pol1m1m2m3m4m5_noshield
[2026-08-13 17:05:13,955] [SUBPROCESS]    2026-08-13 17:05:13 +0200: Memory Usage (483632K) : Extracting sky130_fd_pr__cap_vpp_11p5x23p1_pol1m1m2m3m4m5_noshield
[2026-08-13 17:05:13,955] [SUBPROCESS]    2026-08-13 17:05:13 +0200: Memory Usage (483632K) : Extracting sky130_fd_pr__cap_vpp_22p5x11p7_pol1m1m2m3m4m5_noshield
[2026-08-13 17:05:13,956] [SUBPROCESS]    2026-08-13 17:05:13 +0200: Memory Usage (483632K) : Extracting sky130_fd_pr__cap_vpp_22p5x23p1_pol1m1m2m3m4m5_noshield
[2026-08-13 17:05:13,957] [SUBPROCESS]    2026-08-13 17:05:13 +0200: Memory Usage (483632K) : Extracting sky130_fd_pr__cap_vpp_33p6x11p7_pol1m1m2m3m4m5_noshield
[2026-08-13 17:05:13,958] [SUBPROCESS]    2026-08-13 17:05:13 +0200: Memory Usage (483632K) : Extracting sky130_fd_pr__cap_vpp_33p6x23p1_pol1m1m2m3m4m5_noshield
[2026-08-13 17:05:13,958] [SUBPROCESS]    2026-08-13 17:05:13 +0200: Memory Usage (483632K) : Extracting sky130_fd_pr__cap_vpp_44p7x11p7_pol1m1m2m3m4m5_noshield
[2026-08-13 17:05:13,959] [SUBPROCESS]    2026-08-13 17:05:13 +0200: Memory Usage (483632K) : Extracting sky130_fd_pr__cap_vpp_44p7x23p1_pol1m1m2m3m4m5_noshield
[2026-08-13 17:05:13,960] [SUBPROCESS]    2026-08-13 17:05:13 +0200: Memory Usage (483632K) : Extracting sky130_fd_pr__cap_vpp_55p8x11p7_pol1m1m2m3m4m5_noshield
[2026-08-13 17:05:14,052] [SUBPROCESS]    2026-08-13 17:05:13 +0200: Memory Usage (483632K) : Extracting sky130_fd_pr__cap_vpp_55p8x11p7_pol1m1m2m3m4m5_noshield_m5pullin
[2026-08-13 17:05:14,053] [SUBPROCESS]    2026-08-13 17:05:13 +0200: Memory Usage (483632K) : Extracting sky130_fd_pr__cap_vpp_55p8x23p1_pol1m1m2m3m4m5_noshield
[2026-08-13 17:05:14,055] [SUBPROCESS]    2026-08-13 17:05:13 +0200: Memory Usage (483632K) : Extracting sky130_fd_pr__cap_vpp_55p8x23p1_pol1m1m2m3m4m5_noshield_m5pullin
[2026-08-13 17:05:14,055] [SUBPROCESS]    2026-08-13 17:05:13 +0200: Memory Usage (483632K) : Extracting sky130_fd_pr__cap_vpp_55p8x23p1_pol1m1m2m3m4m5_noshield_test
[2026-08-13 17:05:14,057] [SUBPROCESS]    2026-08-13 17:05:13 +0200: Memory Usage (483632K) : Starting SONOS EXTRACTION
[2026-08-13 17:05:14,057] [SUBPROCESS]    2026-08-13 17:05:13 +0200: Memory Usage (483632K) : Extracting Build space flash special SONOSFET star
[2026-08-13 17:05:14,058] [SUBPROCESS]    2026-08-13 17:05:13 +0200: Memory Usage (483632K) : Starting SKY130 LVS comparison section
[2026-08-13 17:05:14,059] [SUBPROCESS]    2026-08-13 17:05:13 +0200: Memory Usage (484320K) : LVS Total Run time 0.892780 seconds
[2026-08-13 17:05:14,059] [SUBPROCESS]    2026-08-13 17:05:13 +0200: Memory Usage (484320K) : xxxxxxxxxxxxxxxxxxxxxxxxxxxxxxxxxxxxxxxxxx
[2026-08-13 17:05:14,060] [SUBPROCESS]    2026-08-13 17:05:13 +0200: Memory Usage (484320K) : ERROR : Netlists don't match
[2026-08-13 17:05:14,061] [SUBPROCESS]    2026-08-13 17:05:13 +0200: Memory Usage (484320K) : xxxxxxxxxxxxxxxxxxxxxxxxxxxxxxxxxxxxxxxxxx
[2026-08-13 17:05:14,173] [WARNING]    klayout LVS failed with status code 1 after 3.226s, see log file: output/DAC_CORE_5bit__DAC_CORE_5bit/DAC_CORE_5bit_lvs.log
[2026-08-13 17:05:14,220] [WARNING]    Unable to find info about extracted LVS layer 'tap'
[2026-08-13 17:05:14,221] [WARNING]    Unable to find info about extracted LVS layer 'licon'
[2026-08-13 17:05:14,223] [INFO]    (64, 20) -> (nwell)
[2026-08-13 17:05:14,223] [INFO]    (94, 20) -> (psd)
[2026-08-13 17:05:14,224] [INFO]    (65, 144) -> (ntap_conn)
[2026-08-13 17:05:14,225] [INFO]    (66, 20) -> (poly_con)
[2026-08-13 17:05:14,226] [INFO]    (67, 20) -> (li_con)
[2026-08-13 17:05:14,227] [INFO]    (66, 4403) -> (licon_poly_con)
[2026-08-13 17:05:14,228] [INFO]    (66, 4402) -> (licon_psd_con)
[2026-08-13 17:05:14,229] [INFO]    (67, 44) -> (mcon_con)
[2026-08-13 17:05:14,230] [INFO]    (68, 44) -> (via1_con)
[2026-08-13 17:05:14,230] [INFO]    (68, 20) -> (met1_con)
[2026-08-13 17:05:14,231] [INFO]    (69, 20) -> (met2_con)
[2026-08-13 17:05:14,232] [INFO]    (68, 16) -> (met1_pin_con)
[2026-08-13 17:05:14,233] [INFO]    (69, 16) -> (met2_pin_con)
[2026-08-13 17:05:14,276] [INFO]    DBU: 0.001
[2026-08-13 17:05:14,278] [INFO]    Delaunay b: 0.5
[2026-08-13 17:05:14,279] [INFO]    Delaunay area_max: 50
[2026-08-13 17:05:14,286] [INFO]    Conductor I_DAC, metal li1, z=0.9361, height=0.1
[2026-08-13 17:05:14,290] [INFO]    Conductor I_DAC, via mcon_con, z=1.0361, height=0.3400000000000001
[2026-08-13 17:05:14,293] [INFO]    Conductor I_DAC, metal met1, z=1.3761, height=0.36
[2026-08-13 17:05:14,295] [INFO]    Conductor I_DAC, via via1_con, z=1.7361, height=0.27
[2026-08-13 17:05:14,297] [INFO]    Conductor I_DAC, metal met2, z=2.0061, height=0.36
[2026-08-13 17:05:14,300] [INFO]    Diffusion I_DAC, layer psd, z=0, height=0.1
[2026-08-13 17:05:14,303] [INFO]    Diffusion I_DAC, contact licon_psd_con, z=0, height=0.9361
[2026-08-13 17:05:14,305] [INFO]    Conductor $2, metal li1, z=0.9361, height=0.1
[2026-08-13 17:05:14,309] [INFO]    Conductor $2, via mcon_con, z=1.0361, height=0.3400000000000001
[2026-08-13 17:05:14,312] [INFO]    Conductor $2, metal met1, z=1.3761, height=0.36
[2026-08-13 17:05:14,314] [INFO]    Conductor $2, via via1_con, z=1.7361, height=0.27
[2026-08-13 17:05:14,315] [INFO]    Conductor $2, metal met2, z=2.0061, height=0.36
[2026-08-13 17:05:14,317] [INFO]    Diffusion $2, layer psd, z=0, height=0.1
[2026-08-13 17:05:14,320] [INFO]    Diffusion $2, contact licon_psd_con, z=0, height=0.9361
[2026-08-13 17:05:14,322] [INFO]    Conductor $3, metal li1, z=0.9361, height=0.1
[2026-08-13 17:05:14,327] [INFO]    Conductor $3, via mcon_con, z=1.0361, height=0.3400000000000001
[2026-08-13 17:05:14,330] [INFO]    Conductor $3, metal met1, z=1.3761, height=0.36
[2026-08-13 17:05:14,332] [INFO]    Conductor $3, via via1_con, z=1.7361, height=0.27
[2026-08-13 17:05:14,334] [INFO]    Conductor $3, metal met2, z=2.0061, height=0.36
[2026-08-13 17:05:14,336] [INFO]    Diffusion $3, layer psd, z=0, height=0.1
[2026-08-13 17:05:14,338] [INFO]    Diffusion $3, contact licon_psd_con, z=0, height=0.9361
[2026-08-13 17:05:14,342] [INFO]    Conductor VDD, metal li1, z=0.9361, height=0.1
[2026-08-13 17:05:14,362] [INFO]    Conductor VDD, via mcon_con, z=1.0361, height=0.3400000000000001
[2026-08-13 17:05:14,368] [INFO]    Conductor VDD, metal met1, z=1.3761, height=0.36
[2026-08-13 17:05:14,372] [INFO]    Diffusion VDD, layer psd, z=0, height=0.1
[2026-08-13 17:05:14,386] [INFO]    Diffusion VDD, contact licon_psd_con, z=0, height=0.9361
[2026-08-13 17:05:14,387] [INFO]    Conductor B[0], metal poly, z=0.3262, height=0.18
[2026-08-13 17:05:14,388] [INFO]    Conductor B[0], via licon_poly_con, z=0.5062, height=0.4299
[2026-08-13 17:05:14,390] [INFO]    Conductor B[0], metal li1, z=0.9361, height=0.1
[2026-08-13 17:05:14,393] [INFO]    Conductor B[0], via mcon_con, z=1.0361, height=0.3400000000000001
[2026-08-13 17:05:14,395] [INFO]    Conductor B[0], metal met1, z=1.3761, height=0.36
[2026-08-13 17:05:14,398] [INFO]    Conductor B[0], via via1_con, z=1.7361, height=0.27
[2026-08-13 17:05:14,399] [INFO]    Conductor B[0], metal met2, z=2.0061, height=0.36
[2026-08-13 17:05:14,405] [INFO]    Conductor $10, metal li1, z=0.9361, height=0.1
[2026-08-13 17:05:14,409] [INFO]    Conductor $10, via mcon_con, z=1.0361, height=0.3400000000000001
[2026-08-13 17:05:14,412] [INFO]    Conductor $10, metal met1, z=1.3761, height=0.36
[2026-08-13 17:05:14,413] [INFO]    Conductor $10, via via1_con, z=1.7361, height=0.27
[2026-08-13 17:05:14,415] [INFO]    Conductor $10, metal met2, z=2.0061, height=0.36
[2026-08-13 17:05:14,417] [INFO]    Diffusion $10, layer psd, z=0, height=0.1
[2026-08-13 17:05:14,421] [INFO]    Diffusion $10, contact licon_psd_con, z=0, height=0.9361
[2026-08-13 17:05:14,423] [INFO]    Conductor $12, metal li1, z=0.9361, height=0.1
[2026-08-13 17:05:14,427] [INFO]    Conductor $12, via mcon_con, z=1.0361, height=0.3400000000000001
[2026-08-13 17:05:14,429] [INFO]    Conductor $12, metal met1, z=1.3761, height=0.36
[2026-08-13 17:05:14,431] [INFO]    Conductor $12, via via1_con, z=1.7361, height=0.27
[2026-08-13 17:05:14,433] [INFO]    Conductor $12, metal met2, z=2.0061, height=0.36
[2026-08-13 17:05:14,434] [INFO]    Diffusion $12, layer psd, z=0, height=0.1
[2026-08-13 17:05:14,437] [INFO]    Diffusion $12, contact licon_psd_con, z=0, height=0.9361
[2026-08-13 17:05:14,439] [INFO]    Conductor B[1], metal poly, z=0.3262, height=0.18
[2026-08-13 17:05:14,440] [INFO]    Conductor B[1], via licon_poly_con, z=0.5062, height=0.4299
[2026-08-13 17:05:14,442] [INFO]    Conductor B[1], metal li1, z=0.9361, height=0.1
[2026-08-13 17:05:14,447] [INFO]    Conductor B[1], via mcon_con, z=1.0361, height=0.3400000000000001
[2026-08-13 17:05:14,450] [INFO]    Conductor B[1], metal met1, z=1.3761, height=0.36
[2026-08-13 17:05:14,451] [INFO]    Conductor B[1], via via1_con, z=1.7361, height=0.27
[2026-08-13 17:05:14,452] [INFO]    Conductor B[1], metal met2, z=2.0061, height=0.36
[2026-08-13 17:05:14,456] [INFO]    Conductor B[2], metal poly, z=0.3262, height=0.18
[2026-08-13 17:05:14,457] [INFO]    Conductor B[2], via licon_poly_con, z=0.5062, height=0.4299
[2026-08-13 17:05:14,459] [INFO]    Conductor B[2], metal li1, z=0.9361, height=0.1
[2026-08-13 17:05:14,464] [INFO]    Conductor B[2], via mcon_con, z=1.0361, height=0.3400000000000001
[2026-08-13 17:05:14,466] [INFO]    Conductor B[2], metal met1, z=1.3761, height=0.36
[2026-08-13 17:05:14,468] [INFO]    Conductor B[2], via via1_con, z=1.7361, height=0.27
[2026-08-13 17:05:14,469] [INFO]    Conductor B[2], metal met2, z=2.0061, height=0.36
[2026-08-13 17:05:14,473] [INFO]    Conductor B[3], metal poly, z=0.3262, height=0.18
[2026-08-13 17:05:14,474] [INFO]    Conductor B[3], via licon_poly_con, z=0.5062, height=0.4299
[2026-08-13 17:05:14,475] [INFO]    Conductor B[3], metal li1, z=0.9361, height=0.1
[2026-08-13 17:05:14,480] [INFO]    Conductor B[3], via mcon_con, z=1.0361, height=0.3400000000000001
[2026-08-13 17:05:14,484] [INFO]    Conductor B[3], metal met1, z=1.3761, height=0.36
[2026-08-13 17:05:14,485] [INFO]    Conductor B[3], via via1_con, z=1.7361, height=0.27
[2026-08-13 17:05:14,486] [INFO]    Conductor B[3], metal met2, z=2.0061, height=0.36
[2026-08-13 17:05:14,491] [INFO]    Conductor B[4], metal poly, z=0.3262, height=0.18
[2026-08-13 17:05:14,492] [INFO]    Conductor B[4], via licon_poly_con, z=0.5062, height=0.4299
[2026-08-13 17:05:14,494] [INFO]    Conductor B[4], metal li1, z=0.9361, height=0.1
[2026-08-13 17:05:14,499] [INFO]    Conductor B[4], via mcon_con, z=1.0361, height=0.3400000000000001
[2026-08-13 17:05:14,502] [INFO]    Conductor B[4], metal met1, z=1.3761, height=0.36
[2026-08-13 17:05:14,503] [INFO]    Conductor B[4], via via1_con, z=1.7361, height=0.27
[2026-08-13 17:05:14,504] [INFO]    Conductor B[4], metal met2, z=2.0061, height=0.36
[2026-08-13 17:05:14,509] [INFO]    Conductor $39, metal li1, z=0.9361, height=0.1
[2026-08-13 17:05:14,516] [INFO]    Conductor $39, via mcon_con, z=1.0361, height=0.3400000000000001
[2026-08-13 17:05:14,519] [INFO]    Conductor $39, metal met1, z=1.3761, height=0.36
[2026-08-13 17:05:14,521] [INFO]    Conductor $39, via via1_con, z=1.7361, height=0.27
[2026-08-13 17:05:14,523] [INFO]    Conductor $39, metal met2, z=2.0061, height=0.36
[2026-08-13 17:05:14,525] [INFO]    Diffusion $39, layer psd, z=0, height=0.1
[2026-08-13 17:05:14,531] [INFO]    Diffusion $39, contact licon_psd_con, z=0, height=0.9361
[2026-08-13 17:05:14,534] [INFO]    Conductor DAC_REF, metal poly, z=0.3262, height=0.18
[2026-08-13 17:05:14,535] [INFO]    Conductor DAC_REF, via licon_poly_con, z=0.5062, height=0.4299
[2026-08-13 17:05:14,537] [INFO]    Conductor DAC_REF, metal li1, z=0.9361, height=0.1
[2026-08-13 17:05:14,540] [INFO]    Conductor DAC_REF, via mcon_con, z=1.0361, height=0.3400000000000001
[2026-08-13 17:05:14,543] [INFO]    Conductor DAC_REF, metal met1, z=1.3761, height=0.36
[2026-08-13 17:05:14,545] [INFO]    Conductor DAC_REF, via via1_con, z=1.7361, height=0.27
[2026-08-13 17:05:14,547] [INFO]    Conductor DAC_REF, metal met2, z=2.0061, height=0.36
[2026-08-13 17:05:14,573] [INFO]    Substrate VSUBS, z=-0.43000000000000005, height=0.33
[2026-08-13 17:05:14,574] [INFO]    Simple dielectric (field oxide) fox: z=0, height=0.3262
[2026-08-13 17:05:14,576] [INFO]    Sidewall dielectric iox: z=0.3262, height=0.18
[2026-08-13 17:05:14,578] [INFO]    Sidewall dielectric spnit: z=0.3262, height=0.301
[2026-08-13 17:05:14,580] [INFO]    Simple dielectric (sidewall) psg: z=0.6272, height=0.3089000000000001
[2026-08-13 17:05:14,581] [INFO]    Simple dielectric psg: z=0.3262, height=0.6099000000000001
[2026-08-13 17:05:14,584] [INFO]    Conformal dielectric (sidewall) lint: z=0.9361, height=0.175
[2026-08-13 17:05:14,585] [INFO]    Conformal dielectric (where no metal) lint: z=0.9361, height=0.075
[2026-08-13 17:05:14,587] [INFO]    Simple dielectric (sidewall) nild2: z=1.1111, height=0.26500000000000007
[2026-08-13 17:05:14,588] [INFO]    Simple dielectric (no metal) nild2: z=1.0111, height=0.36500000000000005
[2026-08-13 17:05:14,592] [INFO]    Sidewall dielectric nild3c: z=1.3761, height=0.36
[2026-08-13 17:05:14,594] [INFO]    Simple dielectric (sidewall) nild3: z=1.7361, height=0.2699999999999999
[2026-08-13 17:05:14,595] [INFO]    Simple dielectric nild3: z=1.3761, height=0.6299999999999999
[2026-08-13 17:05:14,598] [INFO]    Sidewall dielectric nild4c: z=2.0061, height=0.36
[2026-08-13 17:05:14,599] [INFO]    Simple dielectric (sidewall) nild4: z=2.3661, height=0.4199999999999998
[2026-08-13 17:05:14,600] [INFO]    Simple dielectric nild4: z=2.0061, height=0.7799999999999998
[2026-08-13 17:05:14,601] [INFO]    Simple dielectric nild5: z=2.7861, height=0.8650000000000002
[2026-08-13 17:05:14,602] [INFO]    Simple dielectric nild5: z=3.6511, height=0.36999999999999966
[2026-08-13 17:05:14,603] [INFO]    Simple dielectric nild6: z=4.0211, height=0.8649999999999993
[2026-08-13 17:05:14,604] [INFO]    Simple dielectric nild6: z=4.886099999999999, height=0.4850000000000012
[2026-08-13 17:05:14,605] [INFO]    Simple dielectric air: z=5.3711, height=5.0
[2026-08-13 17:05:33,234] [SUBPROCESS]    output/DAC_CORE_5bit__DAC_CORE_5bit/FasterCap_Input_Files/FasterCap_Input_1_outside=(void)_inside=fox.geo
[2026-08-13 17:05:33,251] [SUBPROCESS]    output/DAC_CORE_5bit__DAC_CORE_5bit/FasterCap_Input_Files/FasterCap_Input_2_outside=fox_inside=iox.geo
[2026-08-13 17:05:33,722] [SUBPROCESS]    output/DAC_CORE_5bit__DAC_CORE_5bit/FasterCap_Input_Files/FasterCap_Input_3_outside=fox_inside=spnit.geo
[2026-08-13 17:05:33,785] [SUBPROCESS]    output/DAC_CORE_5bit__DAC_CORE_5bit/FasterCap_Input_Files/FasterCap_Input_4_outside=fox_inside=psg.geo
[2026-08-13 17:05:33,952] [SUBPROCESS]    output/DAC_CORE_5bit__DAC_CORE_5bit/FasterCap_Input_Files/FasterCap_Input_5_outside=iox_inside=spnit.geo
[2026-08-13 17:05:34,440] [SUBPROCESS]    output/DAC_CORE_5bit__DAC_CORE_5bit/FasterCap_Input_Files/FasterCap_Input_6_outside=spnit_inside=psg.geo
[2026-08-13 17:05:34,456] [SUBPROCESS]    output/DAC_CORE_5bit__DAC_CORE_5bit/FasterCap_Input_Files/FasterCap_Input_7_outside=psg_inside=lint.geo
[2026-08-13 17:05:34,474] [SUBPROCESS]    output/DAC_CORE_5bit__DAC_CORE_5bit/FasterCap_Input_Files/FasterCap_Input_8_outside=lint_inside=nild2.geo
[2026-08-13 17:05:34,650] [SUBPROCESS]    output/DAC_CORE_5bit__DAC_CORE_5bit/FasterCap_Input_Files/FasterCap_Input_9_outside=nild2_inside=nild3c.geo
[2026-08-13 17:05:34,848] [SUBPROCESS]    output/DAC_CORE_5bit__DAC_CORE_5bit/FasterCap_Input_Files/FasterCap_Input_10_outside=nild2_inside=nild3.geo
[2026-08-13 17:05:34,863] [SUBPROCESS]    output/DAC_CORE_5bit__DAC_CORE_5bit/FasterCap_Input_Files/FasterCap_Input_11_outside=nild3c_inside=nild3.geo
[2026-08-13 17:05:35,089] [SUBPROCESS]    output/DAC_CORE_5bit__DAC_CORE_5bit/FasterCap_Input_Files/FasterCap_Input_12_outside=nild3_inside=nild4c.geo
[2026-08-13 17:05:35,182] [SUBPROCESS]    output/DAC_CORE_5bit__DAC_CORE_5bit/FasterCap_Input_Files/FasterCap_Input_13_outside=nild3_inside=nild4.geo
[2026-08-13 17:05:35,197] [SUBPROCESS]    output/DAC_CORE_5bit__DAC_CORE_5bit/FasterCap_Input_Files/FasterCap_Input_14_outside=nild4c_inside=nild4.geo
[2026-08-13 17:05:35,307] [SUBPROCESS]    output/DAC_CORE_5bit__DAC_CORE_5bit/FasterCap_Input_Files/FasterCap_Input_15_outside=nild4_inside=nild5.geo
[2026-08-13 17:05:35,308] [SUBPROCESS]    output/DAC_CORE_5bit__DAC_CORE_5bit/FasterCap_Input_Files/FasterCap_Input_16_outside=nild5_inside=nild6.geo
[2026-08-13 17:05:35,310] [SUBPROCESS]    output/DAC_CORE_5bit__DAC_CORE_5bit/FasterCap_Input_Files/FasterCap_Input_17_outside=nild6_inside=air.geo
[2026-08-13 17:05:35,312] [SUBPROCESS]    output/DAC_CORE_5bit__DAC_CORE_5bit/FasterCap_Input_Files/FasterCap_Input_18_outside=air_inside=(void).geo
[2026-08-13 17:05:35,314] [SUBPROCESS]    output/DAC_CORE_5bit__DAC_CORE_5bit/FasterCap_Input_Files/FasterCap_Input_19_outside=(void)_inside=psg.geo
[2026-08-13 17:05:35,316] [SUBPROCESS]    output/DAC_CORE_5bit__DAC_CORE_5bit/FasterCap_Input_Files/FasterCap_Input_20_outside=(void)_inside=lint.geo
[2026-08-13 17:05:35,332] [SUBPROCESS]    output/DAC_CORE_5bit__DAC_CORE_5bit/FasterCap_Input_Files/FasterCap_Input_21_outside=(void)_inside=nild2.geo
[2026-08-13 17:05:35,336] [SUBPROCESS]    output/DAC_CORE_5bit__DAC_CORE_5bit/FasterCap_Input_Files/FasterCap_Input_22_outside=(void)_inside=nild3.geo
[2026-08-13 17:05:35,338] [SUBPROCESS]    output/DAC_CORE_5bit__DAC_CORE_5bit/FasterCap_Input_Files/FasterCap_Input_23_outside=(void)_inside=nild4.geo
[2026-08-13 17:05:35,340] [SUBPROCESS]    output/DAC_CORE_5bit__DAC_CORE_5bit/FasterCap_Input_Files/FasterCap_Input_24_outside=(void)_inside=nild5.geo
[2026-08-13 17:05:35,342] [SUBPROCESS]    output/DAC_CORE_5bit__DAC_CORE_5bit/FasterCap_Input_Files/FasterCap_Input_25_outside=(void)_inside=nild6.geo
[2026-08-13 17:05:35,344] [SUBPROCESS]    output/DAC_CORE_5bit__DAC_CORE_5bit/FasterCap_Input_Files/FasterCap_Input_26_outside=(void)_net=VSUBS.geo
[2026-08-13 17:05:35,359] [SUBPROCESS]    output/DAC_CORE_5bit__DAC_CORE_5bit/FasterCap_Input_Files/FasterCap_Input_27_outside=(void)_net=I_DAC.geo
[2026-08-13 17:05:35,361] [SUBPROCESS]    output/DAC_CORE_5bit__DAC_CORE_5bit/FasterCap_Input_Files/FasterCap_Input_28_outside=fox_net=I_DAC.geo
[2026-08-13 17:05:35,367] [SUBPROCESS]    output/DAC_CORE_5bit__DAC_CORE_5bit/FasterCap_Input_Files/FasterCap_Input_29_outside=psg_net=I_DAC.geo
[2026-08-13 17:05:35,371] [SUBPROCESS]    output/DAC_CORE_5bit__DAC_CORE_5bit/FasterCap_Input_Files/FasterCap_Input_30_outside=lint_net=I_DAC.geo
[2026-08-13 17:05:35,378] [SUBPROCESS]    output/DAC_CORE_5bit__DAC_CORE_5bit/FasterCap_Input_Files/FasterCap_Input_31_outside=nild2_net=I_DAC.geo
[2026-08-13 17:05:35,384] [SUBPROCESS]    output/DAC_CORE_5bit__DAC_CORE_5bit/FasterCap_Input_Files/FasterCap_Input_32_outside=nild3_net=I_DAC.geo
[2026-08-13 17:05:35,389] [SUBPROCESS]    output/DAC_CORE_5bit__DAC_CORE_5bit/FasterCap_Input_Files/FasterCap_Input_33_outside=nild4_net=I_DAC.geo
[2026-08-13 17:05:35,389] [SUBPROCESS]    output/DAC_CORE_5bit__DAC_CORE_5bit/FasterCap_Input_Files/FasterCap_Input_34_outside=nild3c_net=I_DAC.geo
[2026-08-13 17:05:35,393] [SUBPROCESS]    output/DAC_CORE_5bit__DAC_CORE_5bit/FasterCap_Input_Files/FasterCap_Input_35_outside=nild4c_net=I_DAC.geo
[2026-08-13 17:05:35,394] [SUBPROCESS]    output/DAC_CORE_5bit__DAC_CORE_5bit/FasterCap_Input_Files/FasterCap_Input_36_outside=(void)_net=$2.geo
[2026-08-13 17:05:35,395] [SUBPROCESS]    output/DAC_CORE_5bit__DAC_CORE_5bit/FasterCap_Input_Files/FasterCap_Input_37_outside=fox_net=$2.geo
[2026-08-13 17:05:35,402] [SUBPROCESS]    output/DAC_CORE_5bit__DAC_CORE_5bit/FasterCap_Input_Files/FasterCap_Input_38_outside=psg_net=$2.geo
[2026-08-13 17:05:35,406] [SUBPROCESS]    output/DAC_CORE_5bit__DAC_CORE_5bit/FasterCap_Input_Files/FasterCap_Input_39_outside=lint_net=$2.geo
[2026-08-13 17:05:35,412] [SUBPROCESS]    output/DAC_CORE_5bit__DAC_CORE_5bit/FasterCap_Input_Files/FasterCap_Input_40_outside=nild2_net=$2.geo
[2026-08-13 17:05:35,419] [SUBPROCESS]    output/DAC_CORE_5bit__DAC_CORE_5bit/FasterCap_Input_Files/FasterCap_Input_41_outside=nild3_net=$2.geo
[2026-08-13 17:05:35,424] [SUBPROCESS]    output/DAC_CORE_5bit__DAC_CORE_5bit/FasterCap_Input_Files/FasterCap_Input_42_outside=nild4_net=$2.geo
[2026-08-13 17:05:35,425] [SUBPROCESS]    output/DAC_CORE_5bit__DAC_CORE_5bit/FasterCap_Input_Files/FasterCap_Input_43_outside=nild3c_net=$2.geo
[2026-08-13 17:05:35,429] [SUBPROCESS]    output/DAC_CORE_5bit__DAC_CORE_5bit/FasterCap_Input_Files/FasterCap_Input_44_outside=nild4c_net=$2.geo
[2026-08-13 17:05:35,431] [SUBPROCESS]    output/DAC_CORE_5bit__DAC_CORE_5bit/FasterCap_Input_Files/FasterCap_Input_45_outside=(void)_net=$3.geo
[2026-08-13 17:05:35,432] [SUBPROCESS]    output/DAC_CORE_5bit__DAC_CORE_5bit/FasterCap_Input_Files/FasterCap_Input_46_outside=fox_net=$3.geo
[2026-08-13 17:05:35,435] [SUBPROCESS]    output/DAC_CORE_5bit__DAC_CORE_5bit/FasterCap_Input_Files/FasterCap_Input_47_outside=psg_net=$3.geo
[2026-08-13 17:05:35,437] [SUBPROCESS]    output/DAC_CORE_5bit__DAC_CORE_5bit/FasterCap_Input_Files/FasterCap_Input_48_outside=lint_net=$3.geo
[2026-08-13 17:05:35,440] [SUBPROCESS]    output/DAC_CORE_5bit__DAC_CORE_5bit/FasterCap_Input_Files/FasterCap_Input_49_outside=nild2_net=$3.geo
[2026-08-13 17:05:35,444] [SUBPROCESS]    output/DAC_CORE_5bit__DAC_CORE_5bit/FasterCap_Input_Files/FasterCap_Input_50_outside=nild3_net=$3.geo
[2026-08-13 17:05:35,448] [SUBPROCESS]    output/DAC_CORE_5bit__DAC_CORE_5bit/FasterCap_Input_Files/FasterCap_Input_51_outside=nild4_net=$3.geo
[2026-08-13 17:05:35,449] [SUBPROCESS]    output/DAC_CORE_5bit__DAC_CORE_5bit/FasterCap_Input_Files/FasterCap_Input_52_outside=nild3c_net=$3.geo
[2026-08-13 17:05:35,451] [SUBPROCESS]    output/DAC_CORE_5bit__DAC_CORE_5bit/FasterCap_Input_Files/FasterCap_Input_53_outside=nild4c_net=$3.geo
[2026-08-13 17:05:35,453] [SUBPROCESS]    output/DAC_CORE_5bit__DAC_CORE_5bit/FasterCap_Input_Files/FasterCap_Input_54_outside=(void)_net=VDD.geo
[2026-08-13 17:05:35,457] [SUBPROCESS]    output/DAC_CORE_5bit__DAC_CORE_5bit/FasterCap_Input_Files/FasterCap_Input_55_outside=fox_net=VDD.geo
[2026-08-13 17:05:35,580] [SUBPROCESS]    output/DAC_CORE_5bit__DAC_CORE_5bit/FasterCap_Input_Files/FasterCap_Input_56_outside=psg_net=VDD.geo
[2026-08-13 17:05:35,642] [SUBPROCESS]    output/DAC_CORE_5bit__DAC_CORE_5bit/FasterCap_Input_Files/FasterCap_Input_57_outside=lint_net=VDD.geo
[2026-08-13 17:05:35,828] [SUBPROCESS]    output/DAC_CORE_5bit__DAC_CORE_5bit/FasterCap_Input_Files/FasterCap_Input_58_outside=nild2_net=VDD.geo
[2026-08-13 17:05:35,997] [SUBPROCESS]    output/DAC_CORE_5bit__DAC_CORE_5bit/FasterCap_Input_Files/FasterCap_Input_59_outside=nild3_net=VDD.geo
[2026-08-13 17:05:36,003] [SUBPROCESS]    output/DAC_CORE_5bit__DAC_CORE_5bit/FasterCap_Input_Files/FasterCap_Input_60_outside=nild3c_net=VDD.geo
[2026-08-13 17:05:36,015] [SUBPROCESS]    output/DAC_CORE_5bit__DAC_CORE_5bit/FasterCap_Input_Files/FasterCap_Input_61_outside=(void)_net=$10.geo
[2026-08-13 17:05:36,017] [SUBPROCESS]    output/DAC_CORE_5bit__DAC_CORE_5bit/FasterCap_Input_Files/FasterCap_Input_62_outside=fox_net=$10.geo
[2026-08-13 17:05:36,030] [SUBPROCESS]    output/DAC_CORE_5bit__DAC_CORE_5bit/FasterCap_Input_Files/FasterCap_Input_63_outside=psg_net=$10.geo
[2026-08-13 17:05:36,037] [SUBPROCESS]    output/DAC_CORE_5bit__DAC_CORE_5bit/FasterCap_Input_Files/FasterCap_Input_64_outside=lint_net=$10.geo
[2026-08-13 17:05:36,047] [SUBPROCESS]    output/DAC_CORE_5bit__DAC_CORE_5bit/FasterCap_Input_Files/FasterCap_Input_65_outside=nild2_net=$10.geo
[2026-08-13 17:05:36,061] [SUBPROCESS]    output/DAC_CORE_5bit__DAC_CORE_5bit/FasterCap_Input_Files/FasterCap_Input_66_outside=nild3_net=$10.geo
[2026-08-13 17:05:36,068] [SUBPROCESS]    output/DAC_CORE_5bit__DAC_CORE_5bit/FasterCap_Input_Files/FasterCap_Input_67_outside=nild4_net=$10.geo
[2026-08-13 17:05:36,071] [SUBPROCESS]    output/DAC_CORE_5bit__DAC_CORE_5bit/FasterCap_Input_Files/FasterCap_Input_68_outside=nild3c_net=$10.geo
[2026-08-13 17:05:36,074] [SUBPROCESS]    output/DAC_CORE_5bit__DAC_CORE_5bit/FasterCap_Input_Files/FasterCap_Input_69_outside=nild4c_net=$10.geo
[2026-08-13 17:05:36,077] [SUBPROCESS]    output/DAC_CORE_5bit__DAC_CORE_5bit/FasterCap_Input_Files/FasterCap_Input_70_outside=(void)_net=$12.geo
[2026-08-13 17:05:36,078] [SUBPROCESS]    output/DAC_CORE_5bit__DAC_CORE_5bit/FasterCap_Input_Files/FasterCap_Input_71_outside=fox_net=$12.geo
[2026-08-13 17:05:36,080] [SUBPROCESS]    output/DAC_CORE_5bit__DAC_CORE_5bit/FasterCap_Input_Files/FasterCap_Input_72_outside=psg_net=$12.geo
[2026-08-13 17:05:36,082] [SUBPROCESS]    output/DAC_CORE_5bit__DAC_CORE_5bit/FasterCap_Input_Files/FasterCap_Input_73_outside=lint_net=$12.geo
[2026-08-13 17:05:36,085] [SUBPROCESS]    output/DAC_CORE_5bit__DAC_CORE_5bit/FasterCap_Input_Files/FasterCap_Input_74_outside=nild2_net=$12.geo
[2026-08-13 17:05:36,088] [SUBPROCESS]    output/DAC_CORE_5bit__DAC_CORE_5bit/FasterCap_Input_Files/FasterCap_Input_75_outside=nild3_net=$12.geo
[2026-08-13 17:05:36,090] [SUBPROCESS]    output/DAC_CORE_5bit__DAC_CORE_5bit/FasterCap_Input_Files/FasterCap_Input_76_outside=nild4_net=$12.geo
[2026-08-13 17:05:36,091] [SUBPROCESS]    output/DAC_CORE_5bit__DAC_CORE_5bit/FasterCap_Input_Files/FasterCap_Input_77_outside=nild3c_net=$12.geo
[2026-08-13 17:05:36,093] [SUBPROCESS]    output/DAC_CORE_5bit__DAC_CORE_5bit/FasterCap_Input_Files/FasterCap_Input_78_outside=nild4c_net=$12.geo
[2026-08-13 17:05:36,095] [SUBPROCESS]    output/DAC_CORE_5bit__DAC_CORE_5bit/FasterCap_Input_Files/FasterCap_Input_79_outside=(void)_net=$39.geo
[2026-08-13 17:05:36,096] [SUBPROCESS]    output/DAC_CORE_5bit__DAC_CORE_5bit/FasterCap_Input_Files/FasterCap_Input_80_outside=fox_net=$39.geo
[2026-08-13 17:05:36,126] [SUBPROCESS]    output/DAC_CORE_5bit__DAC_CORE_5bit/FasterCap_Input_Files/FasterCap_Input_81_outside=psg_net=$39.geo
[2026-08-13 17:05:36,138] [SUBPROCESS]    output/DAC_CORE_5bit__DAC_CORE_5bit/FasterCap_Input_Files/FasterCap_Input_82_outside=lint_net=$39.geo
[2026-08-13 17:05:36,158] [SUBPROCESS]    output/DAC_CORE_5bit__DAC_CORE_5bit/FasterCap_Input_Files/FasterCap_Input_83_outside=nild2_net=$39.geo
[2026-08-13 17:05:36,184] [SUBPROCESS]    output/DAC_CORE_5bit__DAC_CORE_5bit/FasterCap_Input_Files/FasterCap_Input_84_outside=nild3_net=$39.geo
[2026-08-13 17:05:36,192] [SUBPROCESS]    output/DAC_CORE_5bit__DAC_CORE_5bit/FasterCap_Input_Files/FasterCap_Input_85_outside=nild4_net=$39.geo
[2026-08-13 17:05:36,196] [SUBPROCESS]    output/DAC_CORE_5bit__DAC_CORE_5bit/FasterCap_Input_Files/FasterCap_Input_86_outside=nild3c_net=$39.geo
[2026-08-13 17:05:36,203] [SUBPROCESS]    output/DAC_CORE_5bit__DAC_CORE_5bit/FasterCap_Input_Files/FasterCap_Input_87_outside=nild4c_net=$39.geo
[2026-08-13 17:05:36,207] [SUBPROCESS]    output/DAC_CORE_5bit__DAC_CORE_5bit/FasterCap_Input_Files/FasterCap_Input_88_outside=fox_net=B[0].geo
[2026-08-13 17:05:36,208] [SUBPROCESS]    output/DAC_CORE_5bit__DAC_CORE_5bit/FasterCap_Input_Files/FasterCap_Input_89_outside=spnit_net=B[0].geo
[2026-08-13 17:05:36,209] [SUBPROCESS]    output/DAC_CORE_5bit__DAC_CORE_5bit/FasterCap_Input_Files/FasterCap_Input_90_outside=psg_net=B[0].geo
[2026-08-13 17:05:36,209] [SUBPROCESS]    output/DAC_CORE_5bit__DAC_CORE_5bit/FasterCap_Input_Files/FasterCap_Input_91_outside=lint_net=B[0].geo
[2026-08-13 17:05:36,210] [SUBPROCESS]    output/DAC_CORE_5bit__DAC_CORE_5bit/FasterCap_Input_Files/FasterCap_Input_92_outside=nild2_net=B[0].geo
[2026-08-13 17:05:36,211] [SUBPROCESS]    output/DAC_CORE_5bit__DAC_CORE_5bit/FasterCap_Input_Files/FasterCap_Input_93_outside=nild3_net=B[0].geo
[2026-08-13 17:05:36,213] [SUBPROCESS]    output/DAC_CORE_5bit__DAC_CORE_5bit/FasterCap_Input_Files/FasterCap_Input_94_outside=nild4_net=B[0].geo
[2026-08-13 17:05:36,214] [SUBPROCESS]    output/DAC_CORE_5bit__DAC_CORE_5bit/FasterCap_Input_Files/FasterCap_Input_95_outside=iox_net=B[0].geo
[2026-08-13 17:05:36,214] [SUBPROCESS]    output/DAC_CORE_5bit__DAC_CORE_5bit/FasterCap_Input_Files/FasterCap_Input_96_outside=nild3c_net=B[0].geo
[2026-08-13 17:05:36,215] [SUBPROCESS]    output/DAC_CORE_5bit__DAC_CORE_5bit/FasterCap_Input_Files/FasterCap_Input_97_outside=nild4c_net=B[0].geo
[2026-08-13 17:05:36,217] [SUBPROCESS]    output/DAC_CORE_5bit__DAC_CORE_5bit/FasterCap_Input_Files/FasterCap_Input_98_outside=fox_net=B[1].geo
[2026-08-13 17:05:36,218] [SUBPROCESS]    output/DAC_CORE_5bit__DAC_CORE_5bit/FasterCap_Input_Files/FasterCap_Input_99_outside=spnit_net=B[1].geo
[2026-08-13 17:05:36,219] [SUBPROCESS]    output/DAC_CORE_5bit__DAC_CORE_5bit/FasterCap_Input_Files/FasterCap_Input_100_outside=psg_net=B[1].geo
[2026-08-13 17:05:36,220] [SUBPROCESS]    output/DAC_CORE_5bit__DAC_CORE_5bit/FasterCap_Input_Files/FasterCap_Input_101_outside=lint_net=B[1].geo
[2026-08-13 17:05:36,221] [SUBPROCESS]    output/DAC_CORE_5bit__DAC_CORE_5bit/FasterCap_Input_Files/FasterCap_Input_102_outside=nild2_net=B[1].geo
[2026-08-13 17:05:36,222] [SUBPROCESS]    output/DAC_CORE_5bit__DAC_CORE_5bit/FasterCap_Input_Files/FasterCap_Input_103_outside=nild3_net=B[1].geo
[2026-08-13 17:05:36,223] [SUBPROCESS]    output/DAC_CORE_5bit__DAC_CORE_5bit/FasterCap_Input_Files/FasterCap_Input_104_outside=nild4_net=B[1].geo
[2026-08-13 17:05:36,224] [SUBPROCESS]    output/DAC_CORE_5bit__DAC_CORE_5bit/FasterCap_Input_Files/FasterCap_Input_105_outside=iox_net=B[1].geo
[2026-08-13 17:05:36,225] [SUBPROCESS]    output/DAC_CORE_5bit__DAC_CORE_5bit/FasterCap_Input_Files/FasterCap_Input_106_outside=nild3c_net=B[1].geo
[2026-08-13 17:05:36,226] [SUBPROCESS]    output/DAC_CORE_5bit__DAC_CORE_5bit/FasterCap_Input_Files/FasterCap_Input_107_outside=nild4c_net=B[1].geo
[2026-08-13 17:05:36,228] [SUBPROCESS]    output/DAC_CORE_5bit__DAC_CORE_5bit/FasterCap_Input_Files/FasterCap_Input_108_outside=fox_net=B[2].geo
[2026-08-13 17:05:36,228] [SUBPROCESS]    output/DAC_CORE_5bit__DAC_CORE_5bit/FasterCap_Input_Files/FasterCap_Input_109_outside=spnit_net=B[2].geo
[2026-08-13 17:05:36,230] [SUBPROCESS]    output/DAC_CORE_5bit__DAC_CORE_5bit/FasterCap_Input_Files/FasterCap_Input_110_outside=psg_net=B[2].geo
[2026-08-13 17:05:36,231] [SUBPROCESS]    output/DAC_CORE_5bit__DAC_CORE_5bit/FasterCap_Input_Files/FasterCap_Input_111_outside=lint_net=B[2].geo
[2026-08-13 17:05:36,233] [SUBPROCESS]    output/DAC_CORE_5bit__DAC_CORE_5bit/FasterCap_Input_Files/FasterCap_Input_112_outside=nild2_net=B[2].geo
[2026-08-13 17:05:36,234] [SUBPROCESS]    output/DAC_CORE_5bit__DAC_CORE_5bit/FasterCap_Input_Files/FasterCap_Input_113_outside=nild3_net=B[2].geo
[2026-08-13 17:05:36,236] [SUBPROCESS]    output/DAC_CORE_5bit__DAC_CORE_5bit/FasterCap_Input_Files/FasterCap_Input_114_outside=nild4_net=B[2].geo
[2026-08-13 17:05:36,237] [SUBPROCESS]    output/DAC_CORE_5bit__DAC_CORE_5bit/FasterCap_Input_Files/FasterCap_Input_115_outside=iox_net=B[2].geo
[2026-08-13 17:05:36,238] [SUBPROCESS]    output/DAC_CORE_5bit__DAC_CORE_5bit/FasterCap_Input_Files/FasterCap_Input_116_outside=nild3c_net=B[2].geo
[2026-08-13 17:05:36,239] [SUBPROCESS]    output/DAC_CORE_5bit__DAC_CORE_5bit/FasterCap_Input_Files/FasterCap_Input_117_outside=nild4c_net=B[2].geo
[2026-08-13 17:05:36,241] [SUBPROCESS]    output/DAC_CORE_5bit__DAC_CORE_5bit/FasterCap_Input_Files/FasterCap_Input_118_outside=fox_net=B[3].geo
[2026-08-13 17:05:36,242] [SUBPROCESS]    output/DAC_CORE_5bit__DAC_CORE_5bit/FasterCap_Input_Files/FasterCap_Input_119_outside=spnit_net=B[3].geo
[2026-08-13 17:05:36,244] [SUBPROCESS]    output/DAC_CORE_5bit__DAC_CORE_5bit/FasterCap_Input_Files/FasterCap_Input_120_outside=psg_net=B[3].geo
[2026-08-13 17:05:36,245] [SUBPROCESS]    output/DAC_CORE_5bit__DAC_CORE_5bit/FasterCap_Input_Files/FasterCap_Input_121_outside=lint_net=B[3].geo
[2026-08-13 17:05:36,247] [SUBPROCESS]    output/DAC_CORE_5bit__DAC_CORE_5bit/FasterCap_Input_Files/FasterCap_Input_122_outside=nild2_net=B[3].geo
[2026-08-13 17:05:36,249] [SUBPROCESS]    output/DAC_CORE_5bit__DAC_CORE_5bit/FasterCap_Input_Files/FasterCap_Input_123_outside=nild3_net=B[3].geo
[2026-08-13 17:05:36,252] [SUBPROCESS]    output/DAC_CORE_5bit__DAC_CORE_5bit/FasterCap_Input_Files/FasterCap_Input_124_outside=nild4_net=B[3].geo
[2026-08-13 17:05:36,254] [SUBPROCESS]    output/DAC_CORE_5bit__DAC_CORE_5bit/FasterCap_Input_Files/FasterCap_Input_125_outside=iox_net=B[3].geo
[2026-08-13 17:05:36,256] [SUBPROCESS]    output/DAC_CORE_5bit__DAC_CORE_5bit/FasterCap_Input_Files/FasterCap_Input_126_outside=nild3c_net=B[3].geo
[2026-08-13 17:05:36,257] [SUBPROCESS]    output/DAC_CORE_5bit__DAC_CORE_5bit/FasterCap_Input_Files/FasterCap_Input_127_outside=nild4c_net=B[3].geo
[2026-08-13 17:05:36,259] [SUBPROCESS]    output/DAC_CORE_5bit__DAC_CORE_5bit/FasterCap_Input_Files/FasterCap_Input_128_outside=fox_net=B[4].geo
[2026-08-13 17:05:36,261] [SUBPROCESS]    output/DAC_CORE_5bit__DAC_CORE_5bit/FasterCap_Input_Files/FasterCap_Input_129_outside=spnit_net=B[4].geo
[2026-08-13 17:05:36,264] [SUBPROCESS]    output/DAC_CORE_5bit__DAC_CORE_5bit/FasterCap_Input_Files/FasterCap_Input_130_outside=psg_net=B[4].geo
[2026-08-13 17:05:36,266] [SUBPROCESS]    output/DAC_CORE_5bit__DAC_CORE_5bit/FasterCap_Input_Files/FasterCap_Input_131_outside=lint_net=B[4].geo
[2026-08-13 17:05:36,269] [SUBPROCESS]    output/DAC_CORE_5bit__DAC_CORE_5bit/FasterCap_Input_Files/FasterCap_Input_132_outside=nild2_net=B[4].geo
[2026-08-13 17:05:36,272] [SUBPROCESS]    output/DAC_CORE_5bit__DAC_CORE_5bit/FasterCap_Input_Files/FasterCap_Input_133_outside=nild3_net=B[4].geo
[2026-08-13 17:05:36,277] [SUBPROCESS]    output/DAC_CORE_5bit__DAC_CORE_5bit/FasterCap_Input_Files/FasterCap_Input_134_outside=nild4_net=B[4].geo
[2026-08-13 17:05:36,280] [SUBPROCESS]    output/DAC_CORE_5bit__DAC_CORE_5bit/FasterCap_Input_Files/FasterCap_Input_135_outside=iox_net=B[4].geo
[2026-08-13 17:05:36,282] [SUBPROCESS]    output/DAC_CORE_5bit__DAC_CORE_5bit/FasterCap_Input_Files/FasterCap_Input_136_outside=nild3c_net=B[4].geo
[2026-08-13 17:05:36,284] [SUBPROCESS]    output/DAC_CORE_5bit__DAC_CORE_5bit/FasterCap_Input_Files/FasterCap_Input_137_outside=nild4c_net=B[4].geo
[2026-08-13 17:05:36,288] [SUBPROCESS]    output/DAC_CORE_5bit__DAC_CORE_5bit/FasterCap_Input_Files/FasterCap_Input_138_outside=fox_net=DAC_REF.geo
[2026-08-13 17:05:36,289] [SUBPROCESS]    output/DAC_CORE_5bit__DAC_CORE_5bit/FasterCap_Input_Files/FasterCap_Input_139_outside=spnit_net=DAC_REF.geo
[2026-08-13 17:05:36,291] [SUBPROCESS]    output/DAC_CORE_5bit__DAC_CORE_5bit/FasterCap_Input_Files/FasterCap_Input_140_outside=psg_net=DAC_REF.geo
[2026-08-13 17:05:36,293] [SUBPROCESS]    output/DAC_CORE_5bit__DAC_CORE_5bit/FasterCap_Input_Files/FasterCap_Input_141_outside=lint_net=DAC_REF.geo
[2026-08-13 17:05:36,295] [SUBPROCESS]    output/DAC_CORE_5bit__DAC_CORE_5bit/FasterCap_Input_Files/FasterCap_Input_142_outside=nild2_net=DAC_REF.geo
[2026-08-13 17:05:36,297] [SUBPROCESS]    output/DAC_CORE_5bit__DAC_CORE_5bit/FasterCap_Input_Files/FasterCap_Input_143_outside=nild3_net=DAC_REF.geo
[2026-08-13 17:05:36,300] [SUBPROCESS]    output/DAC_CORE_5bit__DAC_CORE_5bit/FasterCap_Input_Files/FasterCap_Input_144_outside=nild4_net=DAC_REF.geo
[2026-08-13 17:05:36,301] [SUBPROCESS]    output/DAC_CORE_5bit__DAC_CORE_5bit/FasterCap_Input_Files/FasterCap_Input_145_outside=iox_net=DAC_REF.geo
[2026-08-13 17:05:36,315] [SUBPROCESS]    output/DAC_CORE_5bit__DAC_CORE_5bit/FasterCap_Input_Files/FasterCap_Input_146_outside=nild3c_net=DAC_REF.geo
[2026-08-13 17:05:36,316] [SUBPROCESS]    output/DAC_CORE_5bit__DAC_CORE_5bit/FasterCap_Input_Files/FasterCap_Input_147_outside=nild4c_net=DAC_REF.geo
[2026-08-13 17:05:36,317] [SUBPROCESS]    output/DAC_CORE_5bit__DAC_CORE_5bit/FasterCap_Input_Files/FasterCap_Input_.lst
[2026-08-13 17:05:36,322] [SUBPROCESS]    output/DAC_CORE_5bit__DAC_CORE_5bit/Geometries/diel_fox.stl
[2026-08-13 17:05:36,853] [SUBPROCESS]    output/DAC_CORE_5bit__DAC_CORE_5bit/Geometries/diel_iox.stl
[2026-08-13 17:05:37,435] [SUBPROCESS]    output/DAC_CORE_5bit__DAC_CORE_5bit/Geometries/diel_spnit.stl
[2026-08-13 17:05:37,761] [SUBPROCESS]    output/DAC_CORE_5bit__DAC_CORE_5bit/Geometries/diel_psg.stl
[2026-08-13 17:05:37,919] [SUBPROCESS]    output/DAC_CORE_5bit__DAC_CORE_5bit/Geometries/diel_lint.stl
[2026-08-13 17:05:38,173] [SUBPROCESS]    output/DAC_CORE_5bit__DAC_CORE_5bit/Geometries/diel_nild2.stl
[2026-08-13 17:05:38,522] [SUBPROCESS]    output/DAC_CORE_5bit__DAC_CORE_5bit/Geometries/diel_nild3c.stl
[2026-08-13 17:05:38,787] [SUBPROCESS]    output/DAC_CORE_5bit__DAC_CORE_5bit/Geometries/diel_nild3.stl
[2026-08-13 17:05:39,006] [SUBPROCESS]    output/DAC_CORE_5bit__DAC_CORE_5bit/Geometries/diel_nild4c.stl
[2026-08-13 17:05:39,397] [SUBPROCESS]    output/DAC_CORE_5bit__DAC_CORE_5bit/Geometries/diel_nild4.stl
[2026-08-13 17:05:39,471] [SUBPROCESS]    output/DAC_CORE_5bit__DAC_CORE_5bit/Geometries/diel_nild5.stl
[2026-08-13 17:05:39,473] [SUBPROCESS]    output/DAC_CORE_5bit__DAC_CORE_5bit/Geometries/diel_nild6.stl
[2026-08-13 17:05:39,475] [SUBPROCESS]    output/DAC_CORE_5bit__DAC_CORE_5bit/Geometries/diel_air.stl
[2026-08-13 17:05:39,480] [SUBPROCESS]    output/DAC_CORE_5bit__DAC_CORE_5bit/Geometries/cond_I_DAC.stl
[2026-08-13 17:05:39,497] [SUBPROCESS]    output/DAC_CORE_5bit__DAC_CORE_5bit/Geometries/cond_$2.stl
[2026-08-13 17:05:39,515] [SUBPROCESS]    output/DAC_CORE_5bit__DAC_CORE_5bit/Geometries/cond_$3.stl
[2026-08-13 17:05:39,585] [SUBPROCESS]    output/DAC_CORE_5bit__DAC_CORE_5bit/Geometries/cond_VDD.stl
[2026-08-13 17:05:39,884] [SUBPROCESS]    output/DAC_CORE_5bit__DAC_CORE_5bit/Geometries/cond_B[0].stl
[2026-08-13 17:05:39,892] [SUBPROCESS]    output/DAC_CORE_5bit__DAC_CORE_5bit/Geometries/cond_$10.stl
[2026-08-13 17:05:39,922] [SUBPROCESS]    output/DAC_CORE_5bit__DAC_CORE_5bit/Geometries/cond_$12.stl
[2026-08-13 17:05:39,927] [SUBPROCESS]    output/DAC_CORE_5bit__DAC_CORE_5bit/Geometries/cond_B[1].stl
[2026-08-13 17:05:39,931] [SUBPROCESS]    output/DAC_CORE_5bit__DAC_CORE_5bit/Geometries/cond_B[2].stl
[2026-08-13 17:05:39,935] [SUBPROCESS]    output/DAC_CORE_5bit__DAC_CORE_5bit/Geometries/cond_B[3].stl
[2026-08-13 17:05:39,943] [SUBPROCESS]    output/DAC_CORE_5bit__DAC_CORE_5bit/Geometries/cond_B[4].stl
[2026-08-13 17:05:39,966] [SUBPROCESS]    output/DAC_CORE_5bit__DAC_CORE_5bit/Geometries/cond_$39.stl
[2026-08-13 17:05:40,020] [SUBPROCESS]    output/DAC_CORE_5bit__DAC_CORE_5bit/Geometries/cond_DAC_REF.stl
[2026-08-13 17:05:40,034] [SUBPROCESS]    output/DAC_CORE_5bit__DAC_CORE_5bit/Geometries/cond_VSUBS.stl
[2026-08-13 17:05:40,160] [INFO]    Configure number of OpenMP threads (environmental variable OMP_NUM_THREADS) as 16
[2026-08-13 17:05:40,161] [INFO]    Calling FasterCap
[2026-08-13 17:05:40,162] [SUBPROCESS]    FasterCap -b -i -v -a0.05 -d0.5 -m0.5 -f2 -ap output/DAC_CORE_5bit__DAC_CORE_5bit/FasterCap_Input_Files/FasterCap_Input_.lst, output file: output/DAC_CORE_5bit__DAC_CORE_5bit/DAC_CORE_5bit_FasterCap_Output.txt
[2026-08-13 17:05:41,492] [SUBPROCESS]    ./src/common/platinfo.cpp(184): assert ""Assert failure"" failed in InitForCurrentPlatform(): failed to initialize wxPlatformInfo
[2026-08-13 17:05:41,500] [SUBPROCESS]    ./src/common/stdpbase.cpp(59): assert ""traits"" failed in Get(): create wxApp before calling this
[2026-08-13 17:05:41,501] [SUBPROCESS]    ./src/common/stdpbase.cpp(59): assert ""traits"" failed in Get(): create wxApp before calling this
[2026-08-13 17:05:41,502] [SUBPROCESS]    ./src/common/stdpbase.cpp(59): assert ""traits"" failed in Get(): create wxApp before calling this
[2026-08-13 17:05:41,502] [SUBPROCESS]    ./src/common/stdpbase.cpp(59): assert ""traits"" failed in Get(): create wxApp before calling this
