GDS input file passed, running in LVS mode
Found cell DAC_CORE_5bit in GDS DAC_CORE_5bit.gds (only top cell)
Calling MAGIC
magic -dnull -noconsole -rcfile pex_setup.magicrc output/DAC_CORE_5bit__DAC_CORE_5bit/magic_CC/DAC_CORE_5bit_MAGIC_CC_Script.tcl, output file: output/DAC_CORE_5bit__DAC_CORE_5bit/magic_CC/DAC_CORE_5bit_MAGIC_CC_Output.txt

Magic 8.3 revision 678 - Compiled on Mon Jul 27 03:07:22 PM CEST 2026.
Starting magic under Tcl interpreter
Using the terminal as the console.
Using NULL graphics device.
Processing system .magicrc file
Switching to WIRING tool.
Switching to NETLIST tool.
Switching to PICK tool.
Switching to BOX tool.
Warning: multiple input files specified; ignoring "ground"
Warning: multiple input files specified; ignoring "defaultsub"
Loading "output/DAC_CORE_5bit__DAC_CORE_5bit/magic_CC/DAC_CORE_5bit_MAGIC_CC_Script.tcl" from command line.
Don't know how to read GDS-II:
Nothing in "cifinput" section of tech file.
Cell DAC_CORE_5bit couldn't be read
No such file or directory
Creating new cell
Warning:  There is nothing here to extract.
Loading technology sky130A
Could not find file 'sky130A.tech' in any of these directories:
         . $CAD_ROOT/magic/sys $CAD_ROOT/magic/sys/current
Error in loading technology file
Warning:  .ext file style ngspice() is not known in this technology!
MAGIC succeeded after 0.0855s
Report DB saved at: output/DAC_CORE_5bit__DAC_CORE_5bit/magic_CC/DAC_CORE_5bit_MAGIC_report.rdb.gz
SPICE netlist saved at: output/DAC_CORE_5bit__DAC_CORE_5bit/magic_CC/DAC_CORE_5bit.pex.spice
Copied expanded SPICE netlist to: DAC_CORE_5bit_pex.spice
* NGSPICE file created from DAC_CORE_5bit.ext - technology: sky130A

.subckt DAC_CORE_5bit DAC_REF B[0] B[1] B[4] I_DAC B[2] B[3] VDD
X0 a_n1864_2898# B[2] I_DAC w_n1948_2482# sky130_fd_pr__pfet_01v8 ad=0.126 pd=1.44 as=0.126 ps=1.44 w=0.42 l=0.15
X1 VDD DAC_REF VDD w_n65_n76# sky130_fd_pr__pfet_01v8 ad=1.05 pd=7.6 as=99.75 ps=722 w=3.5 l=5
X2 a_n1864_3918# DAC_REF VDD w_n65_n76# sky130_fd_pr__pfet_01v8 ad=1.05 pd=7.6 as=1.05 ps=7.6 w=3.5 l=5
X3 a_n1494_2558# DAC_REF VDD w_n65_n76# sky130_fd_pr__pfet_01v8 ad=1.05 pd=7.6 as=1.05 ps=7.6 w=3.5 l=5
X4 a_n1864_3918# B[4] I_DAC w_n1948_2482# sky130_fd_pr__pfet_01v8 ad=0.126 pd=1.44 as=0.126 ps=1.44 w=0.42 l=0.15
X5 a_n1864_3918# DAC_REF VDD w_n65_n76# sky130_fd_pr__pfet_01v8 ad=1.05 pd=7.6 as=1.05 ps=7.6 w=3.5 l=5
X6 VDD DAC_REF VDD w_n65_n76# sky130_fd_pr__pfet_01v8 ad=1.05 pd=7.6 as=0 ps=0 w=3.5 l=5
X7 VDD DAC_REF VDD w_n65_n76# sky130_fd_pr__pfet_01v8 ad=1.05 pd=7.6 as=0 ps=0 w=3.5 l=5
X8 I_DAC B[4] a_n1864_3918# w_n1948_2482# sky130_fd_pr__pfet_01v8 ad=0.126 pd=1.44 as=0.126 ps=1.44 w=0.42 l=0.15
X9 VDD DAC_REF VDD w_n65_n76# sky130_fd_pr__pfet_01v8 ad=1.05 pd=7.6 as=0 ps=0 w=3.5 l=5
X10 VDD DAC_REF VDD w_n65_n76# sky130_fd_pr__pfet_01v8 ad=1.05 pd=7.6 as=0 ps=0 w=3.5 l=5
X11 I_DAC B[1] a_n1494_2558# w_n1948_2482# sky130_fd_pr__pfet_01v8 ad=0.126 pd=1.44 as=0.126 ps=1.44 w=0.42 l=0.15
X12 a_n1864_3238# DAC_REF VDD w_n65_n76# sky130_fd_pr__pfet_01v8 ad=1.05 pd=7.6 as=1.05 ps=7.6 w=3.5 l=5
X13 I_DAC B[4] a_n1864_3918# w_n1948_2482# sky130_fd_pr__pfet_01v8 ad=0.126 pd=1.44 as=0.126 ps=1.44 w=0.42 l=0.15
X14 a_n1864_3918# B[4] I_DAC w_n1948_2482# sky130_fd_pr__pfet_01v8 ad=0.126 pd=1.44 as=0.126 ps=1.44 w=0.42 l=0.15
X15 a_n1864_3918# DAC_REF VDD w_n65_n76# sky130_fd_pr__pfet_01v8 ad=1.05 pd=7.6 as=1.05 ps=7.6 w=3.5 l=5
X16 VDD DAC_REF VDD w_n65_n76# sky130_fd_pr__pfet_01v8 ad=1.05 pd=7.6 as=0 ps=0 w=3.5 l=5
X17 a_n934_2558# B[0] I_DAC w_n1948_2482# sky130_fd_pr__pfet_01v8 ad=0.126 pd=1.44 as=0.126 ps=1.44 w=0.42 l=0.15
X18 VDD DAC_REF VDD w_n65_n76# sky130_fd_pr__pfet_01v8 ad=1.05 pd=7.6 as=0 ps=0 w=3.5 l=5
X19 I_DAC B[3] a_n1864_3238# w_n1948_2482# sky130_fd_pr__pfet_01v8 ad=0.126 pd=1.44 as=0.126 ps=1.44 w=0.42 l=0.15
X20 VDD DAC_REF VDD w_n65_n76# sky130_fd_pr__pfet_01v8 ad=1.05 pd=7.6 as=0 ps=0 w=3.5 l=5
X21 a_n1494_2558# DAC_REF VDD w_n65_n76# sky130_fd_pr__pfet_01v8 ad=1.05 pd=7.6 as=1.05 ps=7.6 w=3.5 l=5
X22 VDD DAC_REF VDD w_n65_n76# sky130_fd_pr__pfet_01v8 ad=1.05 pd=7.6 as=0 ps=0 w=3.5 l=5
X23 VDD DAC_REF VDD w_n65_n76# sky130_fd_pr__pfet_01v8 ad=1.05 pd=7.6 as=0 ps=0 w=3.5 l=5
X24 a_n1864_3918# DAC_REF VDD w_n65_n76# sky130_fd_pr__pfet_01v8 ad=1.05 pd=7.6 as=1.05 ps=7.6 w=3.5 l=5
X25 a_n1864_2898# DAC_REF VDD w_n65_n76# sky130_fd_pr__pfet_01v8 ad=1.05 pd=7.6 as=1.05 ps=7.6 w=3.5 l=5
X26 a_n1864_3918# DAC_REF VDD w_n65_n76# sky130_fd_pr__pfet_01v8 ad=1.05 pd=7.6 as=1.05 ps=7.6 w=3.5 l=5
X27 a_n1864_3918# B[4] I_DAC w_n1948_2482# sky130_fd_pr__pfet_01v8 ad=0.126 pd=1.44 as=0.126 ps=1.44 w=0.42 l=0.15
X28 a_n1864_3918# DAC_REF VDD w_n65_n76# sky130_fd_pr__pfet_01v8 ad=1.05 pd=7.6 as=1.05 ps=7.6 w=3.5 l=5
X29 a_n1864_3918# DAC_REF VDD w_n65_n76# sky130_fd_pr__pfet_01v8 ad=1.05 pd=7.6 as=1.05 ps=7.6 w=3.5 l=5
X30 a_n1864_3238# B[3] I_DAC w_n1948_2482# sky130_fd_pr__pfet_01v8 ad=0.126 pd=1.44 as=0.126 ps=1.44 w=0.42 l=0.15
X31 VDD DAC_REF VDD w_n65_n76# sky130_fd_pr__pfet_01v8 ad=1.05 pd=7.6 as=0 ps=0 w=3.5 l=5
X32 a_n1864_3918# DAC_REF VDD w_n65_n76# sky130_fd_pr__pfet_01v8 ad=1.05 pd=7.6 as=1.05 ps=7.6 w=3.5 l=5
X33 VDD DAC_REF VDD w_n65_n76# sky130_fd_pr__pfet_01v8 ad=1.05 pd=7.6 as=0 ps=0 w=3.5 l=5
X34 I_DAC B[3] a_n1864_3238# w_n1948_2482# sky130_fd_pr__pfet_01v8 ad=0.126 pd=1.44 as=0.126 ps=1.44 w=0.42 l=0.15
X35 VDD DAC_REF VDD w_n65_n76# sky130_fd_pr__pfet_01v8 ad=1.05 pd=7.6 as=0 ps=0 w=3.5 l=5
X36 a_n1864_3918# DAC_REF VDD w_n65_n76# sky130_fd_pr__pfet_01v8 ad=1.05 pd=7.6 as=1.05 ps=7.6 w=3.5 l=5
X37 VDD DAC_REF VDD w_n65_n76# sky130_fd_pr__pfet_01v8 ad=1.05 pd=7.6 as=0 ps=0 w=3.5 l=5
X38 a_n1864_3238# DAC_REF VDD w_n65_n76# sky130_fd_pr__pfet_01v8 ad=1.05 pd=7.6 as=1.05 ps=7.6 w=3.5 l=5
X39 VDD DAC_REF VDD w_n65_n76# sky130_fd_pr__pfet_01v8 ad=1.05 pd=7.6 as=0 ps=0 w=3.5 l=5
X40 a_n1864_2898# DAC_REF VDD w_n65_n76# sky130_fd_pr__pfet_01v8 ad=1.05 pd=7.6 as=1.05 ps=7.6 w=3.5 l=5
X41 I_DAC B[4] a_n1864_3918# w_n1948_2482# sky130_fd_pr__pfet_01v8 ad=0.126 pd=1.44 as=0.126 ps=1.44 w=0.42 l=0.15
X42 VDD DAC_REF VDD w_n65_n76# sky130_fd_pr__pfet_01v8 ad=1.05 pd=7.6 as=0 ps=0 w=3.5 l=5
X43 I_DAC B[3] a_n1864_3238# w_n1948_2482# sky130_fd_pr__pfet_01v8 ad=0.126 pd=1.44 as=0.126 ps=1.44 w=0.42 l=0.15
X44 VDD DAC_REF VDD w_n65_n76# sky130_fd_pr__pfet_01v8 ad=1.05 pd=7.6 as=0 ps=0 w=3.5 l=5
X45 a_n1864_2898# DAC_REF VDD w_n65_n76# sky130_fd_pr__pfet_01v8 ad=1.05 pd=7.6 as=1.05 ps=7.6 w=3.5 l=5
X46 a_n1864_3918# B[4] I_DAC w_n1948_2482# sky130_fd_pr__pfet_01v8 ad=0.126 pd=1.44 as=0.126 ps=1.44 w=0.42 l=0.15
X47 a_n1864_3238# B[3] I_DAC w_n1948_2482# sky130_fd_pr__pfet_01v8 ad=0.126 pd=1.44 as=0.126 ps=1.44 w=0.42 l=0.15
X48 a_n1864_3918# DAC_REF VDD w_n65_n76# sky130_fd_pr__pfet_01v8 ad=1.05 pd=7.6 as=1.05 ps=7.6 w=3.5 l=5
X49 VDD DAC_REF VDD w_n65_n76# sky130_fd_pr__pfet_01v8 ad=1.05 pd=7.6 as=0 ps=0 w=3.5 l=5
X50 VDD DAC_REF VDD w_n65_n76# sky130_fd_pr__pfet_01v8 ad=1.05 pd=7.6 as=0 ps=0 w=3.5 l=5
X51 VDD DAC_REF VDD w_n65_n76# sky130_fd_pr__pfet_01v8 ad=1.05 pd=7.6 as=0 ps=0 w=3.5 l=5
X52 I_DAC B[4] a_n1864_3918# w_n1948_2482# sky130_fd_pr__pfet_01v8 ad=0.126 pd=1.44 as=0.126 ps=1.44 w=0.42 l=0.15
X53 a_n1864_3238# B[3] I_DAC w_n1948_2482# sky130_fd_pr__pfet_01v8 ad=0.126 pd=1.44 as=0.126 ps=1.44 w=0.42 l=0.15
X54 VDD DAC_REF VDD w_n65_n76# sky130_fd_pr__pfet_01v8 ad=1.05 pd=7.6 as=0 ps=0 w=3.5 l=5
X55 I_DAC B[3] a_n1864_3238# w_n1948_2482# sky130_fd_pr__pfet_01v8 ad=0.126 pd=1.44 as=0.126 ps=1.44 w=0.42 l=0.15
X56 VDD DAC_REF VDD w_n65_n76# sky130_fd_pr__pfet_01v8 ad=1.05 pd=7.6 as=0 ps=0 w=3.5 l=5
X57 a_n1864_3918# DAC_REF VDD w_n65_n76# sky130_fd_pr__pfet_01v8 ad=1.05 pd=7.6 as=1.05 ps=7.6 w=3.5 l=5
X58 a_n1864_3918# B[4] I_DAC w_n1948_2482# sky130_fd_pr__pfet_01v8 ad=0.126 pd=1.44 as=0.126 ps=1.44 w=0.42 l=0.15
X59 a_n1864_3238# B[3] I_DAC w_n1948_2482# sky130_fd_pr__pfet_01v8 ad=0.126 pd=1.44 as=0.126 ps=1.44 w=0.42 l=0.15
X60 a_n1864_3238# DAC_REF VDD w_n65_n76# sky130_fd_pr__pfet_01v8 ad=1.05 pd=7.6 as=1.05 ps=7.6 w=3.5 l=5
X61 VDD DAC_REF VDD w_n65_n76# sky130_fd_pr__pfet_01v8 ad=1.05 pd=7.6 as=0 ps=0 w=3.5 l=5
X62 I_DAC B[4] a_n1864_3918# w_n1948_2482# sky130_fd_pr__pfet_01v8 ad=0.126 pd=1.44 as=0.126 ps=1.44 w=0.42 l=0.15
X63 I_DAC B[2] a_n1864_2898# w_n1948_2482# sky130_fd_pr__pfet_01v8 ad=0.126 pd=1.44 as=0.126 ps=1.44 w=0.42 l=0.15
X64 VDD DAC_REF VDD w_n65_n76# sky130_fd_pr__pfet_01v8 ad=1.05 pd=7.6 as=0 ps=0 w=3.5 l=5
X65 VDD DAC_REF VDD w_n65_n76# sky130_fd_pr__pfet_01v8 ad=1.05 pd=7.6 as=0 ps=0 w=3.5 l=5
X66 VDD DAC_REF VDD w_n65_n76# sky130_fd_pr__pfet_01v8 ad=1.05 pd=7.6 as=0 ps=0 w=3.5 l=5
X67 VDD DAC_REF VDD w_n65_n76# sky130_fd_pr__pfet_01v8 ad=1.05 pd=7.6 as=0 ps=0 w=3.5 l=5
X68 a_n934_2558# DAC_REF VDD w_n65_n76# sky130_fd_pr__pfet_01v8 ad=1.05 pd=7.6 as=1.05 ps=7.6 w=3.5 l=5
X69 a_n1864_3238# DAC_REF VDD w_n65_n76# sky130_fd_pr__pfet_01v8 ad=1.05 pd=7.6 as=1.05 ps=7.6 w=3.5 l=5
X70 VDD DAC_REF VDD w_n65_n76# sky130_fd_pr__pfet_01v8 ad=1.05 pd=7.6 as=0 ps=0 w=3.5 l=5
X71 I_DAC B[4] a_n1864_3918# w_n1948_2482# sky130_fd_pr__pfet_01v8 ad=0.126 pd=1.44 as=0.126 ps=1.44 w=0.42 l=0.15
X72 I_DAC B[4] a_n1864_3918# w_n1948_2482# sky130_fd_pr__pfet_01v8 ad=0.126 pd=1.44 as=0.126 ps=1.44 w=0.42 l=0.15
X73 VDD DAC_REF VDD w_n65_n76# sky130_fd_pr__pfet_01v8 ad=1.05 pd=7.6 as=0 ps=0 w=3.5 l=5
X74 a_n1864_3918# DAC_REF VDD w_n65_n76# sky130_fd_pr__pfet_01v8 ad=1.05 pd=7.6 as=1.05 ps=7.6 w=3.5 l=5
X75 VDD DAC_REF VDD w_n65_n76# sky130_fd_pr__pfet_01v8 ad=1.05 pd=7.6 as=0 ps=0 w=3.5 l=5
X76 a_n1864_3918# B[4] I_DAC w_n1948_2482# sky130_fd_pr__pfet_01v8 ad=0.126 pd=1.44 as=0.126 ps=1.44 w=0.42 l=0.15
X77 a_n1864_2898# B[2] I_DAC w_n1948_2482# sky130_fd_pr__pfet_01v8 ad=0.126 pd=1.44 as=0.126 ps=1.44 w=0.42 l=0.15
X78 a_n1864_3918# DAC_REF VDD w_n65_n76# sky130_fd_pr__pfet_01v8 ad=1.05 pd=7.6 as=1.05 ps=7.6 w=3.5 l=5
X79 a_n1864_3918# DAC_REF VDD w_n65_n76# sky130_fd_pr__pfet_01v8 ad=1.05 pd=7.6 as=1.05 ps=7.6 w=3.5 l=5
X80 I_DAC B[1] I_DAC w_n1948_2482# sky130_fd_pr__pfet_01v8 ad=0.126 pd=1.44 as=4.158 ps=47.52 w=0.42 l=0.15
X81 VDD DAC_REF VDD w_n65_n76# sky130_fd_pr__pfet_01v8 ad=1.05 pd=7.6 as=0 ps=0 w=3.5 l=5
X82 a_n1864_3918# DAC_REF VDD w_n65_n76# sky130_fd_pr__pfet_01v8 ad=1.05 pd=7.6 as=1.05 ps=7.6 w=3.5 l=5
X83 a_n1864_3918# B[4] I_DAC w_n1948_2482# sky130_fd_pr__pfet_01v8 ad=0.126 pd=1.44 as=0.126 ps=1.44 w=0.42 l=0.15
X84 a_n1864_3238# DAC_REF VDD w_n65_n76# sky130_fd_pr__pfet_01v8 ad=1.05 pd=7.6 as=1.05 ps=7.6 w=3.5 l=5
X85 VDD DAC_REF VDD w_n65_n76# sky130_fd_pr__pfet_01v8 ad=1.05 pd=7.6 as=0 ps=0 w=3.5 l=5
X86 a_n1864_3918# B[4] I_DAC w_n1948_2482# sky130_fd_pr__pfet_01v8 ad=0.126 pd=1.44 as=0.126 ps=1.44 w=0.42 l=0.15
X87 a_n1864_3238# DAC_REF VDD w_n65_n76# sky130_fd_pr__pfet_01v8 ad=1.05 pd=7.6 as=1.05 ps=7.6 w=3.5 l=5
X88 I_DAC B[4] a_n1864_3918# w_n1948_2482# sky130_fd_pr__pfet_01v8 ad=0.126 pd=1.44 as=0.126 ps=1.44 w=0.42 l=0.15
X89 I_DAC B[2] a_n1864_2898# w_n1948_2482# sky130_fd_pr__pfet_01v8 ad=0.126 pd=1.44 as=0.126 ps=1.44 w=0.42 l=0.15
X90 a_n1864_3238# DAC_REF VDD w_n65_n76# sky130_fd_pr__pfet_01v8 ad=1.05 pd=7.6 as=1.05 ps=7.6 w=3.5 l=5
X91 a_n1494_2558# B[1] I_DAC w_n1948_2482# sky130_fd_pr__pfet_01v8 ad=0.126 pd=1.44 as=0.126 ps=1.44 w=0.42 l=0.15
X92 a_n1864_3238# DAC_REF VDD w_n65_n76# sky130_fd_pr__pfet_01v8 ad=1.05 pd=7.6 as=1.05 ps=7.6 w=3.5 l=5
X93 a_n1864_2898# DAC_REF VDD w_n65_n76# sky130_fd_pr__pfet_01v8 ad=1.05 pd=7.6 as=1.05 ps=7.6 w=3.5 l=5
X94 a_n1864_3918# DAC_REF VDD w_n65_n76# sky130_fd_pr__pfet_01v8 ad=1.05 pd=7.6 as=1.05 ps=7.6 w=3.5 l=5
C0 B[0] B[1] 0.05195f
C1 a_n1864_3238# B[3] 1.80681f
C2 a_n1864_2898# B[0] 0.11452f
C3 a_n1864_2898# a_n934_2558# 0.41595f
C4 a_n1864_3238# a_n1494_2558# 1.94261f
C5 I_DAC B[1] 0.42682f
C6 w_n1948_2482# B[2] 0.52379f
C7 a_n1864_2898# I_DAC 0.48898f
C8 w_n1948_2482# VDD 0.99502f
C9 VDD B[2] 0.12987f
C10 a_n1864_3238# a_n934_2558# 1.13585f
C11 VDD DAC_REF 39.9763f
C12 a_n1864_2898# B[1] 0.2104f
C13 a_n1864_3238# I_DAC 1.15902f
C14 w_n1948_2482# a_n1864_3918# 0.76278f
C15 a_n1864_3238# a_n1864_2898# 2.07851f
C16 DAC_REF a_n1864_3918# 13.3243f
C17 VDD a_n1864_3918# 13.8016f
C18 VDD a_n2024_2042# 0.61936f
C19 w_n65_n76# DAC_REF 38.3052f
C20 w_n65_n76# VDD 14.8364f
C21 w_n1948_2482# B[3] 1.04456f
C22 w_n65_n76# a_n1864_3918# 1.93543f
C23 B[3] B[2] 0.13721f
C24 w_n1948_2482# a_n1494_2558# 0.07399f
C25 w_n1948_2482# B[4] 2.06516f
C26 VDD B[3] 0.23279f
C27 DAC_REF a_n1494_2558# 3.70795f
C28 VDD a_n1494_2558# 2.10532f
C29 VDD B[4] 0.6983f
C30 w_n1948_2482# B[0] 0.12332f
C31 w_n1948_2482# a_n934_2558# 0.02211f
C32 B[0] B[2] 0.01859f
C33 DAC_REF a_n934_2558# 1.50649f
C34 VDD B[0] 0.75127f
C35 VDD a_n934_2558# 1.72216f
C36 w_n1948_2482# I_DAC 1.50571f
C37 a_n1864_3918# B[3] 0.29849f
C38 I_DAC B[2] 0.44587f
C39 DAC_REF I_DAC 0.01718f
C40 w_n1948_2482# B[1] 0.38978f
C41 VDD I_DAC 1.3383f
C42 a_n1494_2558# a_n1864_3918# 0.60287f
C43 B[4] a_n1864_3918# 4.16313f
C44 B[2] B[1] 0.14666f
C45 w_n1948_2482# a_n1864_2898# 0.15209f
C46 VDD B[1] 0.11265f
C47 a_n1864_2898# B[2] 0.62243f
C48 DAC_REF a_n1864_2898# 6.52816f
C49 VDD a_n1864_2898# 4.74911f
C50 a_n1864_3918# a_n934_2558# 0.60144f
C51 w_n1948_2482# a_n1864_3238# 0.35951f
C52 a_n1864_3918# I_DAC 2.4225f
C53 a_n1864_3238# B[2] 0.29852f
C54 a_n1864_3238# DAC_REF 7.62442f
C55 w_n65_n76# a_n1494_2558# 0.27899f
C56 a_n1864_3238# VDD 6.64425f
C57 a_n1864_2898# a_n1864_3918# 1.03115f
C58 w_n65_n76# a_n934_2558# 0.16051f
C59 a_n1864_3238# a_n1864_3918# 1.42402f
C60 VDD a_n140_n151# 2.44841f
C61 B[4] B[3] 0.12324f
C62 w_n65_n76# a_n1864_2898# 0.52804f
C63 a_n1494_2558# B[0] 0.25655f
C64 a_n1494_2558# a_n934_2558# 0.90037f
C65 B[3] I_DAC 0.89277f
C66 w_n65_n76# a_n1864_3238# 1.07753f
C67 a_n1494_2558# I_DAC 0.37274f
C68 B[4] I_DAC 1.7506f
C69 B[0] a_n934_2558# 0.18148f
C70 a_n1494_2558# B[1] 0.17934f
C71 B[0] I_DAC 0.55504f
C72 a_n934_2558# I_DAC 0.18075f
C73 a_n1494_2558# a_n1864_2898# 0.87879f
C74 VDD VSUBS 19.5671f
C75 DAC_REF VSUBS 5.83423f
C76 B[0] VSUBS 0.87958f
C77 B[1] VSUBS 0.2115f
C78 B[2] VSUBS 0.13149f
C79 B[3] VSUBS 0.29098f
C80 I_DAC VSUBS 1.04519f
C81 B[4] VSUBS 0.68408f
C82 a_n934_2558# VSUBS 0.36581f ; **FLOATING
C83 a_n1494_2558# VSUBS 0.43671f ; **FLOATING
C84 a_n1864_2898# VSUBS 0.54127f ; **FLOATING
C85 a_n1864_3238# VSUBS 0.17979f ; **FLOATING
C86 a_n1864_3918# VSUBS 1.06761f ; **FLOATING
C87 w_n1948_2482# VSUBS 9.5674f ; **FLOATING
C88 w_n65_n76# VSUBS 0.21124p ; **FLOATING
.ends

