GDS input file passed, running in LVS mode
Found cell DAC_CORE_5bit in GDS DAC_CORE_5bit.gds (only top cell)
Cache miss: extracted LVSDB does not exist
output/.kpex_cache/sky130A/foss/designs/lab2/klayout/DAC_CORE_5bit.gds/DAC_CORE_5bit.lvsdb.gz
klayout -b -r /usr/local/lib/python3.12/dist-packages/klayout_pex/pdk/sky130A/libs.tech/kpex/sky130.lvs -rd input=/foss/designs/lab2/klayout/DAC_CORE_5bit.gds -rd report=/foss/designs/lab2/klayout/output/DAC_CORE_5bit__DAC_CORE_5bit/DAC_CORE_5bit.lvsdb.gz -rd schematic=/foss/designs/lab2/xschem/DAC_CORE_5bit.spice -rd thr=22 -rd run_mode=deep -rd spice_net_names=true -rd spice_comments=false -rd scale=false -rd verbose=false -rd schematic_simplify=false -rd net_only=false -rd top_lvl_pins=true -rd combine=false -rd combine_devices=false -rd purge=false -rd purge_nets=false -rd no_simplify=true
output/DAC_CORE_5bit__DAC_CORE_5bit/DAC_CORE_5bit_lvs.log
2026-08-13 17:05:13 +0200: Memory Usage (453992K) : Starting running SKY130 Klayout LVS runset on /foss/designs/lab2/klayout/DAC_CORE_5bit.gds
2026-08-13 17:05:13 +0200: Memory Usage (456084K) : Layout file: /foss/designs/lab2/klayout/DAC_CORE_5bit.gds
2026-08-13 17:05:13 +0200: Memory Usage (456084K) : Number of threads: 22
2026-08-13 17:05:13 +0200: Memory Usage (456084K) : Final report: /foss/designs/lab2/klayout/output/DAC_CORE_5bit__DAC_CORE_5bit/DAC_CORE_5bit.lvsdb.gz
2026-08-13 17:05:13 +0200: Memory Usage (456084K) : No substrate name given, default name is sky130_gnd
2026-08-13 17:05:13 +0200: Memory Usage (456084K) : Extracted netlist with net names: true
2026-08-13 17:05:13 +0200: Memory Usage (456084K) : Extracted netlist with comments in details: false
2026-08-13 17:05:13 +0200: Memory Usage (456084K) : Extracted netlist file: DAC_CORE_5bit_extracted.cir
2026-08-13 17:05:13 +0200: Memory Usage (456084K) : device_scaling: false
2026-08-13 17:05:13 +0200: Memory Usage (456084K) : Verbose mode: false
2026-08-13 17:05:13 +0200: Memory Usage (456084K) : deep mode is enabled.
2026-08-13 17:05:13 +0200: Memory Usage (456468K) : Netlist file: /foss/designs/lab2/xschem/DAC_CORE_5bit.spice
2026-08-13 17:05:13 +0200: Memory Usage (456468K) : Read in polygons from layers.
2026-08-13 17:05:13 +0200: Memory Usage (462412K) : Read in labels from layers.
2026-08-13 17:05:13 +0200: Memory Usage (463472K) : Evaluate switches start
2026-08-13 17:05:13 +0200: Memory Usage (463472K) : SCH_SIMPLE enabled  false
2026-08-13 17:05:13 +0200: Memory Usage (463472K) : NET_ONLY enabled  false
2026-08-13 17:05:13 +0200: Memory Usage (463472K) : TOP_LVL_PINS enabled  true
2026-08-13 17:05:13 +0200: Memory Usage (463472K) : COMBINE enabled  false
2026-08-13 17:05:13 +0200: Memory Usage (463472K) : PURGE enabled  false
2026-08-13 17:05:13 +0200: Memory Usage (463472K) : PURGE_NETS enabled  false
2026-08-13 17:05:13 +0200: Memory Usage (463472K) : SIMPLIFY enabled  false
2026-08-13 17:05:13 +0200: Memory Usage (463472K) : Evaluate switches end.
2026-08-13 17:05:13 +0200: Memory Usage (463472K) : SKY130 LVS rules started
2026-08-13 17:05:13 +0200: Memory Usage (463472K) : Starting deriving base layers.
2026-08-13 17:05:13 +0200: Memory Usage (471908K) : Starting MOSFET DERIVATIONS
2026-08-13 17:05:13 +0200: Memory Usage (471908K) : Starting PMOS layers DERIVATIONS
2026-08-13 17:05:13 +0200: Memory Usage (472932K) : Starting NMOS layers DERIVATIONS
2026-08-13 17:05:13 +0200: Memory Usage (474084K) : Starting BJT DERIVATIONS
2026-08-13 17:05:13 +0200: Memory Usage (474724K) : Starting NPN layers DERIVATIONS
2026-08-13 17:05:13 +0200: Memory Usage (476644K) : Starting PNP layers DERIVATIONS
2026-08-13 17:05:13 +0200: Memory Usage (478044K) : Starting DIODE DERIVATIONS
2026-08-13 17:05:13 +0200: Memory Usage (479324K) : Starting PHOTODIODE DERIVATIONS
2026-08-13 17:05:13 +0200: Memory Usage (479964K) : Starting RESISTOR DERIVATIONS
2026-08-13 17:05:13 +0200: Memory Usage (482000K) : Starting FUSE DERIVATIONS
2026-08-13 17:05:13 +0200: Memory Usage (482000K) : Starting MIM DERIVATIONS
2026-08-13 17:05:13 +0200: Memory Usage (482000K) : Starting VARACTOR DERIVATIONS
2026-08-13 17:05:13 +0200: Memory Usage (482640K) : Starting INDUCTOR DERIVATIONS
2026-08-13 17:05:13 +0200: Memory Usage (482896K) : Starting VPP CAP DERIVATIONS
2026-08-13 17:05:13 +0200: Memory Usage (482896K) : Starting SONOS DERIVATIONS
2026-08-13 17:05:13 +0200: Memory Usage (483148K) : Starting SKY130 LVS connectivity setup
2026-08-13 17:05:13 +0200: Memory Usage (483148K) : Starting SKY130 LVS connectivity setup (Inter-layer)
2026-08-13 17:05:13 +0200: Memory Usage (483336K) : Starting SKY130 LVS connectivity setup (Attaching labels)
2026-08-13 17:05:13 +0200: Memory Usage (483336K) : Starting SKY130 LVS connectivity setup (Global connections)
2026-08-13 17:05:13 +0200: Memory Usage (483336K) : Starting SKY130 LVS connectivity setup (Multifinger Devices)
2026-08-13 17:05:13 +0200: Memory Usage (483336K) : Starting LVS BJT CONNECTIONS
2026-08-13 17:05:13 +0200: Memory Usage (483336K) : Starting LVS DIODE CONNECTIONS
2026-08-13 17:05:13 +0200: Memory Usage (483336K) : Starting LVS PHOTODIODE CONNECTIONS
2026-08-13 17:05:13 +0200: Memory Usage (483336K) : Starting LVS MIMCAP CONNECTIONS
2026-08-13 17:05:13 +0200: Memory Usage (483336K) : Starting LVS VARACTOR CONNECTIONS
2026-08-13 17:05:13 +0200: Memory Usage (483336K) : Starting LVS RESISTOR CONNECTIONS
2026-08-13 17:05:13 +0200: Memory Usage (483336K) : Starting LVS INDUCTOR CONNECTIONS
2026-08-13 17:05:13 +0200: Memory Usage (483336K) : Starting LVS VPP CAP CONNECTIONS
2026-08-13 17:05:13 +0200: Memory Usage (483336K) : Starting LVS SONOS CONNECTIONS
2026-08-13 17:05:13 +0200: Memory Usage (483336K) : Starting MOSFET EXTRACTION
2026-08-13 17:05:13 +0200: Memory Usage (483336K) : Starting PMOS EXTRACTION
2026-08-13 17:05:13 +0200: Memory Usage (483336K) : Extracting 1.8V PMOS transistor standard
2026-08-13 17:05:13 +0200: Memory Usage (483632K) : Extracting 1.8V PMOS transistor low threshold voltage
2026-08-13 17:05:13 +0200: Memory Usage (483632K) : Extracting 1.8V PMOS transistor high threshold voltage
2026-08-13 17:05:13 +0200: Memory Usage (483632K) : Extracting 5V gate 10.5V drain PMOS transistor
2026-08-13 17:05:13 +0200: Memory Usage (483632K) : Starting NMOS EXTRACTION
2026-08-13 17:05:13 +0200: Memory Usage (483632K) : Extracting 1.8V NMOS transistor standard
2026-08-13 17:05:13 +0200: Memory Usage (483632K) : Extracting 1.8V NMOS transistor low threshold voltage
2026-08-13 17:05:13 +0200: Memory Usage (483632K) : Extracting 3.3V NMOS transistor native voltage
2026-08-13 17:05:13 +0200: Memory Usage (483632K) : Extracting 5V NMOS transistor native voltage
2026-08-13 17:05:13 +0200: Memory Usage (483632K) : Extracting 5V gate 10.5V drain NMOS transistor
2026-08-13 17:05:13 +0200: Memory Usage (483632K) : Starting BJT EXTRACTION
2026-08-13 17:05:13 +0200: Memory Usage (483632K) : Starting NPN BJT EXTRACTION
2026-08-13 17:05:13 +0200: Memory Usage (483632K) : Extracting sky130_fd_pr__npn_05v5_W1p00L1p00 BJT
2026-08-13 17:05:13 +0200: Memory Usage (483632K) : Extracting sky130_fd_pr__npn_05v5_W1p00L2p00 BJT
2026-08-13 17:05:13 +0200: Memory Usage (483632K) : Extracting sky130_fd_pr__npn_11v0_W1p00L1p00 BJT
2026-08-13 17:05:13 +0200: Memory Usage (483632K) : Starting PNP BJT EXTRACTION
2026-08-13 17:05:13 +0200: Memory Usage (483632K) : Extracting sky130_fd_pr__pnp_05v5_W0p68L0p68 BJT
2026-08-13 17:05:13 +0200: Memory Usage (483632K) : Extracting sky130_fd_pr__pnp_05v5_W3p40L3p40 BJT
2026-08-13 17:05:13 +0200: Memory Usage (483632K) : Starting DIODE EXTRACTION
2026-08-13 17:05:13 +0200: Memory Usage (483632K) : Extracting 5V N+ diffusion diode
2026-08-13 17:05:13 +0200: Memory Usage (483632K) : Extracting 5V N+ diffusion diode low threshold voltage
2026-08-13 17:05:13 +0200: Memory Usage (483632K) : Extracting 5V N+ diffusion diode native threshold voltage
2026-08-13 17:05:13 +0200: Memory Usage (483632K) : Extracting 11V N+ diffusion diode
2026-08-13 17:05:13 +0200: Memory Usage (483632K) : Extracting 5V P+ diffusion diode
2026-08-13 17:05:13 +0200: Memory Usage (483632K) : Extracting5V P+ diffusion diode low threshold voltage
2026-08-13 17:05:13 +0200: Memory Usage (483632K) : Extracting 5V P+ diffusion diode high threshold voltage
2026-08-13 17:05:13 +0200: Memory Usage (483632K) : Extracting 11V P+ diffusion diode
2026-08-13 17:05:13 +0200: Memory Usage (483632K) : Starting PHOTODIODE EXTRACTION
2026-08-13 17:05:13 +0200: Memory Usage (483632K) : Extracting Photodiode
2026-08-13 17:05:13 +0200: Memory Usage (483632K) : Starting RESISTOR EXTRACTION
2026-08-13 17:05:13 +0200: Memory Usage (483632K) : Extracting sky130_fd_pr__res_generic_nd device
2026-08-13 17:05:13 +0200: Memory Usage (483632K) : Extracting sky130_fd_pr__res_generic_nd device
2026-08-13 17:05:13 +0200: Memory Usage (483632K) : Extracting sky130_fd_pr__res_generic_pd device
2026-08-13 17:05:13 +0200: Memory Usage (483632K) : Extracting sky130_fd_pr__res_generic_pd device
2026-08-13 17:05:13 +0200: Memory Usage (483632K) : Extracting sky130_fd_pr__res_iso_pw device
2026-08-13 17:05:13 +0200: Memory Usage (483632K) : Extracting sky130_fd_pr__res_generic_po device
2026-08-13 17:05:13 +0200: Memory Usage (483632K) : Extracting sky130_fd_pr__res_high_po_0p35 device
2026-08-13 17:05:13 +0200: Memory Usage (483632K) : Extracting sky130_fd_pr__res_high_po_0p69 device
2026-08-13 17:05:13 +0200: Memory Usage (483632K) : Extracting sky130_fd_pr__res_high_po_1p41 device
2026-08-13 17:05:13 +0200: Memory Usage (483632K) : Extracting sky130_fd_pr__res_high_po_2p85 device
2026-08-13 17:05:13 +0200: Memory Usage (483632K) : Extracting sky130_fd_pr__res_high_po_5p73 device
2026-08-13 17:05:13 +0200: Memory Usage (483632K) : Extracting sky130_fd_pr__res_xhigh_po_0p35 device
2026-08-13 17:05:13 +0200: Memory Usage (483632K) : Extracting sky130_fd_pr__res_xhigh_po_0p69 device
2026-08-13 17:05:13 +0200: Memory Usage (483632K) : Extracting sky130_fd_pr__res_xhigh_po_1p41 device
2026-08-13 17:05:13 +0200: Memory Usage (483632K) : Extracting sky130_fd_pr__res_xhigh_po_2p85 device
2026-08-13 17:05:13 +0200: Memory Usage (483632K) : Extracting sky130_fd_pr__res_xhigh_po_5p73 device
2026-08-13 17:05:13 +0200: Memory Usage (483632K) : Extracting sky130_fd_pr__res_generic_l1 device
2026-08-13 17:05:13 +0200: Memory Usage (483632K) : Extracting sky130_fd_pr__res_generic_m1 device
2026-08-13 17:05:13 +0200: Memory Usage (483632K) : Extracting sky130_fd_pr__res_generic_m2 device
2026-08-13 17:05:13 +0200: Memory Usage (483632K) : Extracting sky130_fd_pr__res_generic_m3 device
2026-08-13 17:05:13 +0200: Memory Usage (483632K) : Extracting sky130_fd_pr__res_generic_m4 device
2026-08-13 17:05:13 +0200: Memory Usage (483632K) : Extracting sky130_fd_pr__res_generic_m5 device
2026-08-13 17:05:13 +0200: Memory Usage (483632K) : Starting FUSE EXTRACTION
2026-08-13 17:05:13 +0200: Memory Usage (483632K) : Extracting sky130_fd_pr__fuse_m4 device
2026-08-13 17:05:13 +0200: Memory Usage (483632K) : Starting MIMCAP EXTRACTION
2026-08-13 17:05:13 +0200: Memory Usage (483632K) : Extracting sky130_fd_pr__model__cap_mim device
2026-08-13 17:05:13 +0200: Memory Usage (483632K) : Extracting sky130_fd_pr__model__cap_mim_m4 device
2026-08-13 17:05:13 +0200: Memory Usage (483632K) : Starting VARACTOR EXTRACTION
2026-08-13 17:05:13 +0200: Memory Usage (483632K) : Extracting low threshold voltage varactor
2026-08-13 17:05:13 +0200: Memory Usage (483632K) : Extracting high threshold voltage varactor
2026-08-13 17:05:13 +0200: Memory Usage (483632K) : Starting VARACTOR EXTRACTION
2026-08-13 17:05:13 +0200: Memory Usage (483632K) : Extracting sky130_fd_pr__cap_vpp_02p4x04p6_m1m2_noshield
2026-08-13 17:05:13 +0200: Memory Usage (483632K) : Extracting sky130_fd_pr__cap_vpp_02p7x06p1_m1m2m3m4_shieldl1_fingercap
2026-08-13 17:05:13 +0200: Memory Usage (483632K) : Extracting sky130_fd_pr__cap_vpp_02p7x11p1_m1m2m3m4_shieldl1_fingercap
2026-08-13 17:05:13 +0200: Memory Usage (483632K) : Extracting sky130_fd_pr__cap_vpp_02p7x21p1_m1m2m3m4_shieldl1_fingercap
2026-08-13 17:05:13 +0200: Memory Usage (483632K) : Extracting sky130_fd_pr__cap_vpp_02p7x41p1_m1m2m3m4_shieldl1_fingercap
2026-08-13 17:05:13 +0200: Memory Usage (483632K) : Extracting sky130_fd_pr__cap_vpp_02p9x06p1_m1m2m3m4_shieldl1_fingercap2
2026-08-13 17:05:13 +0200: Memory Usage (483632K) : Extracting sky130_fd_pr__cap_vpp_03p9x03p9_m1m2_shieldl1_floatm3
2026-08-13 17:05:13 +0200: Memory Usage (483632K) : Extracting sky130_fd_pr__cap_vpp_04p4x04p6_l1m1m2_noshield
2026-08-13 17:05:13 +0200: Memory Usage (483632K) : Extracting sky130_fd_pr__cap_vpp_04p4x04p6_l1m1m2_noshield_o2subcell
2026-08-13 17:05:13 +0200: Memory Usage (483632K) : Extracting sky130_fd_pr__cap_vpp_04p4x04p6_l1m1m2_shieldpo_floatm3
2026-08-13 17:05:13 +0200: Memory Usage (483632K) : Extracting sky130_fd_pr__cap_vpp_04p4x04p6_m1m2m3_shieldl1
2026-08-13 17:05:13 +0200: Memory Usage (483632K) : Extracting sky130_fd_pr__cap_vpp_04p4x04p6_m1m2m3_shieldl1m5_floatm4
2026-08-13 17:05:13 +0200: Memory Usage (483632K) : Extracting sky130_fd_pr__cap_vpp_04p4x04p6_m1m2_noshield
2026-08-13 17:05:13 +0200: Memory Usage (483632K) : Extracting sky130_fd_pr__cap_vpp_04p4x04p6_m1m2_noshield_o2
2026-08-13 17:05:13 +0200: Memory Usage (483632K) : Extracting sky130_fd_pr__cap_vpp_04p4x04p6_m1m2_shieldl1
2026-08-13 17:05:13 +0200: Memory Usage (483632K) : Extracting sky130_fd_pr__cap_vpp_05p9x05p9_m1m2m3m4_shieldl1_wafflecap
2026-08-13 17:05:13 +0200: Memory Usage (483632K) : Extracting sky130_fd_pr__cap_vpp_06p8x06p1_l1m1m2m3_shieldpom4
2026-08-13 17:05:13 +0200: Memory Usage (483632K) : Extracting sky130_fd_pr__cap_vpp_06p8x06p1_m1m2m3_shieldl1m4
2026-08-13 17:05:13 +0200: Memory Usage (483632K) : Extracting sky130_fd_pr__cap_vpp_08p6x07p8_l1m1m2_noshield
2026-08-13 17:05:13 +0200: Memory Usage (483632K) : Extracting sky130_fd_pr__cap_vpp_08p6x07p8_l1m1m2_noshield_o2subcell
2026-08-13 17:05:13 +0200: Memory Usage (483632K) : Extracting sky130_fd_pr__cap_vpp_08p6x07p8_l1m1m2_shieldpo_floatm3
2026-08-13 17:05:13 +0200: Memory Usage (483632K) : Extracting sky130_fd_pr__cap_vpp_08p6x07p8_m1m2m3_shieldl1
2026-08-13 17:05:13 +0200: Memory Usage (483632K) : Extracting sky130_fd_pr__cap_vpp_08p6x07p8_m1m2m3_shieldl1m5_floatm4
2026-08-13 17:05:13 +0200: Memory Usage (483632K) : Extracting sky130_fd_pr__cap_vpp_08p6x07p8_m1m2_noshield
2026-08-13 17:05:13 +0200: Memory Usage (483632K) : Extracting sky130_fd_pr__cap_vpp_08p6x07p8_m1m2_shieldl1
2026-08-13 17:05:13 +0200: Memory Usage (483632K) : Extracting sky130_fd_pr__cap_vpp_11p3x11p3_m1m2m3m4_shieldl1_wafflecap
2026-08-13 17:05:13 +0200: Memory Usage (483632K) : Extracting vpp cap sky130_fd_pr__cap_vpp_11p3x11p8_l1m1m2m3m4_shieldm5_nhv
2026-08-13 17:05:13 +0200: Memory Usage (483632K) : Extracting sky130_fd_pr__cap_vpp_11p5x11p7_l1m1m2m3m4_shieldm5
2026-08-13 17:05:13 +0200: Memory Usage (483632K) : Extracting sky130_fd_pr__cap_vpp_11p5x11p7_l1m1m2m3m4_shieldpom5
2026-08-13 17:05:13 +0200: Memory Usage (483632K) : Extracting sky130_fd_pr__cap_vpp_11p5x11p7_l1m1m2m3m4_shieldpom5_x
2026-08-13 17:05:13 +0200: Memory Usage (483632K) : Extracting sky130_fd_pr__cap_vpp_11p5x11p7_l1m1m2m3_shieldm4
2026-08-13 17:05:13 +0200: Memory Usage (483632K) : Extracting sky130_fd_pr__cap_vpp_11p5x11p7_l1m1m2m3_shieldpom4
2026-08-13 17:05:13 +0200: Memory Usage (483632K) : Extracting sky130_fd_pr__cap_vpp_11p5x11p7_l1m1m2_noshield
2026-08-13 17:05:13 +0200: Memory Usage (483632K) : Extracting sky130_fd_pr__cap_vpp_11p5x11p7_l1m1m2_shieldpom3
2026-08-13 17:05:13 +0200: Memory Usage (483632K) : Extracting sky130_fd_pr__cap_vpp_11p5x11p7_m1m2m3m4_shieldl1m5
2026-08-13 17:05:13 +0200: Memory Usage (483632K) : Extracting sky130_fd_pr__cap_vpp_11p5x11p7_m1m2m3m4_shieldm5
2026-08-13 17:05:13 +0200: Memory Usage (483632K) : Extracting sky130_fd_pr__cap_vpp_11p5x11p7_m1m2m3_shieldl1
2026-08-13 17:05:13 +0200: Memory Usage (483632K) : Extracting sky130_fd_pr__cap_vpp_11p5x11p7_m1m2m3_shieldl1m5_floatm4
2026-08-13 17:05:13 +0200: Memory Usage (483632K) : Extracting sky130_fd_pr__cap_vpp_11p5x11p7_m1m2_noshield
2026-08-13 17:05:13 +0200: Memory Usage (483632K) : Extracting sky130_fd_pr__cap_vpp_11p5x11p7_m1m2_shieldl1
2026-08-13 17:05:13 +0200: Memory Usage (483632K) : Extracting sky130_fd_pr__cap_vpp_11p5x11p7_m1m4_noshield
2026-08-13 17:05:13 +0200: Memory Usage (483632K) : Extracting sky130_fd_pr__cap_vpp_11p5x11p7_pol1m1m2m3m4m5_noshield
2026-08-13 17:05:13 +0200: Memory Usage (483632K) : Extracting sky130_fd_pr__cap_vpp_11p5x23p1_pol1m1m2m3m4m5_noshield
2026-08-13 17:05:13 +0200: Memory Usage (483632K) : Extracting sky130_fd_pr__cap_vpp_22p5x11p7_pol1m1m2m3m4m5_noshield
2026-08-13 17:05:13 +0200: Memory Usage (483632K) : Extracting sky130_fd_pr__cap_vpp_22p5x23p1_pol1m1m2m3m4m5_noshield
2026-08-13 17:05:13 +0200: Memory Usage (483632K) : Extracting sky130_fd_pr__cap_vpp_33p6x11p7_pol1m1m2m3m4m5_noshield
2026-08-13 17:05:13 +0200: Memory Usage (483632K) : Extracting sky130_fd_pr__cap_vpp_33p6x23p1_pol1m1m2m3m4m5_noshield
2026-08-13 17:05:13 +0200: Memory Usage (483632K) : Extracting sky130_fd_pr__cap_vpp_44p7x11p7_pol1m1m2m3m4m5_noshield
2026-08-13 17:05:13 +0200: Memory Usage (483632K) : Extracting sky130_fd_pr__cap_vpp_44p7x23p1_pol1m1m2m3m4m5_noshield
2026-08-13 17:05:13 +0200: Memory Usage (483632K) : Extracting sky130_fd_pr__cap_vpp_55p8x11p7_pol1m1m2m3m4m5_noshield
2026-08-13 17:05:13 +0200: Memory Usage (483632K) : Extracting sky130_fd_pr__cap_vpp_55p8x11p7_pol1m1m2m3m4m5_noshield_m5pullin
2026-08-13 17:05:13 +0200: Memory Usage (483632K) : Extracting sky130_fd_pr__cap_vpp_55p8x23p1_pol1m1m2m3m4m5_noshield
2026-08-13 17:05:13 +0200: Memory Usage (483632K) : Extracting sky130_fd_pr__cap_vpp_55p8x23p1_pol1m1m2m3m4m5_noshield_m5pullin
2026-08-13 17:05:13 +0200: Memory Usage (483632K) : Extracting sky130_fd_pr__cap_vpp_55p8x23p1_pol1m1m2m3m4m5_noshield_test
2026-08-13 17:05:13 +0200: Memory Usage (483632K) : Starting SONOS EXTRACTION
2026-08-13 17:05:13 +0200: Memory Usage (483632K) : Extracting Build space flash special SONOSFET star
2026-08-13 17:05:13 +0200: Memory Usage (483632K) : Starting SKY130 LVS comparison section
2026-08-13 17:05:13 +0200: Memory Usage (484320K) : LVS Total Run time 0.892780 seconds
2026-08-13 17:05:13 +0200: Memory Usage (484320K) : xxxxxxxxxxxxxxxxxxxxxxxxxxxxxxxxxxxxxxxxxx
2026-08-13 17:05:13 +0200: Memory Usage (484320K) : ERROR : Netlists don't match
2026-08-13 17:05:13 +0200: Memory Usage (484320K) : xxxxxxxxxxxxxxxxxxxxxxxxxxxxxxxxxxxxxxxxxx
klayout LVS failed with status code 1 after 3.226s, see log file: output/DAC_CORE_5bit__DAC_CORE_5bit/DAC_CORE_5bit_lvs.log
Unable to find info about extracted LVS layer 'tap'
Unable to find info about extracted LVS layer 'licon'
(64, 20) -> (nwell)
(94, 20) -> (psd)
(65, 144) -> (ntap_conn)
(66, 20) -> (poly_con)
(67, 20) -> (li_con)
(66, 4403) -> (licon_poly_con)
(66, 4402) -> (licon_psd_con)
(67, 44) -> (mcon_con)
(68, 44) -> (via1_con)
(68, 20) -> (met1_con)
(69, 20) -> (met2_con)
(68, 16) -> (met1_pin_con)
(69, 16) -> (met2_pin_con)
DBU: 0.001
Delaunay b: 0.5
Delaunay area_max: 50
Conductor I_DAC, metal li1, z=0.9361, height=0.1
Conductor I_DAC, via mcon_con, z=1.0361, height=0.3400000000000001
Conductor I_DAC, metal met1, z=1.3761, height=0.36
Conductor I_DAC, via via1_con, z=1.7361, height=0.27
Conductor I_DAC, metal met2, z=2.0061, height=0.36
Diffusion I_DAC, layer psd, z=0, height=0.1
Diffusion I_DAC, contact licon_psd_con, z=0, height=0.9361
Conductor $2, metal li1, z=0.9361, height=0.1
Conductor $2, via mcon_con, z=1.0361, height=0.3400000000000001
Conductor $2, metal met1, z=1.3761, height=0.36
Conductor $2, via via1_con, z=1.7361, height=0.27
Conductor $2, metal met2, z=2.0061, height=0.36
Diffusion $2, layer psd, z=0, height=0.1
Diffusion $2, contact licon_psd_con, z=0, height=0.9361
Conductor $3, metal li1, z=0.9361, height=0.1
Conductor $3, via mcon_con, z=1.0361, height=0.3400000000000001
Conductor $3, metal met1, z=1.3761, height=0.36
Conductor $3, via via1_con, z=1.7361, height=0.27
Conductor $3, metal met2, z=2.0061, height=0.36
Diffusion $3, layer psd, z=0, height=0.1
Diffusion $3, contact licon_psd_con, z=0, height=0.9361
Conductor VDD, metal li1, z=0.9361, height=0.1
Conductor VDD, via mcon_con, z=1.0361, height=0.3400000000000001
Conductor VDD, metal met1, z=1.3761, height=0.36
Diffusion VDD, layer psd, z=0, height=0.1
Diffusion VDD, contact licon_psd_con, z=0, height=0.9361
Conductor B[0], metal poly, z=0.3262, height=0.18
Conductor B[0], via licon_poly_con, z=0.5062, height=0.4299
Conductor B[0], metal li1, z=0.9361, height=0.1
Conductor B[0], via mcon_con, z=1.0361, height=0.3400000000000001
Conductor B[0], metal met1, z=1.3761, height=0.36
Conductor B[0], via via1_con, z=1.7361, height=0.27
Conductor B[0], metal met2, z=2.0061, height=0.36
Conductor $10, metal li1, z=0.9361, height=0.1
Conductor $10, via mcon_con, z=1.0361, height=0.3400000000000001
Conductor $10, metal met1, z=1.3761, height=0.36
Conductor $10, via via1_con, z=1.7361, height=0.27
Conductor $10, metal met2, z=2.0061, height=0.36
Diffusion $10, layer psd, z=0, height=0.1
Diffusion $10, contact licon_psd_con, z=0, height=0.9361
Conductor $12, metal li1, z=0.9361, height=0.1
Conductor $12, via mcon_con, z=1.0361, height=0.3400000000000001
Conductor $12, metal met1, z=1.3761, height=0.36
Conductor $12, via via1_con, z=1.7361, height=0.27
Conductor $12, metal met2, z=2.0061, height=0.36
Diffusion $12, layer psd, z=0, height=0.1
Diffusion $12, contact licon_psd_con, z=0, height=0.9361
Conductor B[1], metal poly, z=0.3262, height=0.18
Conductor B[1], via licon_poly_con, z=0.5062, height=0.4299
Conductor B[1], metal li1, z=0.9361, height=0.1
Conductor B[1], via mcon_con, z=1.0361, height=0.3400000000000001
Conductor B[1], metal met1, z=1.3761, height=0.36
Conductor B[1], via via1_con, z=1.7361, height=0.27
Conductor B[1], metal met2, z=2.0061, height=0.36
Conductor B[2], metal poly, z=0.3262, height=0.18
Conductor B[2], via licon_poly_con, z=0.5062, height=0.4299
Conductor B[2], metal li1, z=0.9361, height=0.1
Conductor B[2], via mcon_con, z=1.0361, height=0.3400000000000001
Conductor B[2], metal met1, z=1.3761, height=0.36
Conductor B[2], via via1_con, z=1.7361, height=0.27
Conductor B[2], metal met2, z=2.0061, height=0.36
Conductor B[3], metal poly, z=0.3262, height=0.18
Conductor B[3], via licon_poly_con, z=0.5062, height=0.4299
Conductor B[3], metal li1, z=0.9361, height=0.1
Conductor B[3], via mcon_con, z=1.0361, height=0.3400000000000001
Conductor B[3], metal met1, z=1.3761, height=0.36
Conductor B[3], via via1_con, z=1.7361, height=0.27
Conductor B[3], metal met2, z=2.0061, height=0.36
Conductor B[4], metal poly, z=0.3262, height=0.18
Conductor B[4], via licon_poly_con, z=0.5062, height=0.4299
Conductor B[4], metal li1, z=0.9361, height=0.1
Conductor B[4], via mcon_con, z=1.0361, height=0.3400000000000001
Conductor B[4], metal met1, z=1.3761, height=0.36
Conductor B[4], via via1_con, z=1.7361, height=0.27
Conductor B[4], metal met2, z=2.0061, height=0.36
Conductor $39, metal li1, z=0.9361, height=0.1
Conductor $39, via mcon_con, z=1.0361, height=0.3400000000000001
Conductor $39, metal met1, z=1.3761, height=0.36
Conductor $39, via via1_con, z=1.7361, height=0.27
Conductor $39, metal met2, z=2.0061, height=0.36
Diffusion $39, layer psd, z=0, height=0.1
Diffusion $39, contact licon_psd_con, z=0, height=0.9361
Conductor DAC_REF, metal poly, z=0.3262, height=0.18
Conductor DAC_REF, via licon_poly_con, z=0.5062, height=0.4299
Conductor DAC_REF, metal li1, z=0.9361, height=0.1
Conductor DAC_REF, via mcon_con, z=1.0361, height=0.3400000000000001
Conductor DAC_REF, metal met1, z=1.3761, height=0.36
Conductor DAC_REF, via via1_con, z=1.7361, height=0.27
Conductor DAC_REF, metal met2, z=2.0061, height=0.36
Substrate VSUBS, z=-0.43000000000000005, height=0.33
Simple dielectric (field oxide) fox: z=0, height=0.3262
Sidewall dielectric iox: z=0.3262, height=0.18
Sidewall dielectric spnit: z=0.3262, height=0.301
Simple dielectric (sidewall) psg: z=0.6272, height=0.3089000000000001
Simple dielectric psg: z=0.3262, height=0.6099000000000001
Conformal dielectric (sidewall) lint: z=0.9361, height=0.175
Conformal dielectric (where no metal) lint: z=0.9361, height=0.075
Simple dielectric (sidewall) nild2: z=1.1111, height=0.26500000000000007
Simple dielectric (no metal) nild2: z=1.0111, height=0.36500000000000005
Sidewall dielectric nild3c: z=1.3761, height=0.36
Simple dielectric (sidewall) nild3: z=1.7361, height=0.2699999999999999
Simple dielectric nild3: z=1.3761, height=0.6299999999999999
Sidewall dielectric nild4c: z=2.0061, height=0.36
Simple dielectric (sidewall) nild4: z=2.3661, height=0.4199999999999998
Simple dielectric nild4: z=2.0061, height=0.7799999999999998
Simple dielectric nild5: z=2.7861, height=0.8650000000000002
Simple dielectric nild5: z=3.6511, height=0.36999999999999966
Simple dielectric nild6: z=4.0211, height=0.8649999999999993
Simple dielectric nild6: z=4.886099999999999, height=0.4850000000000012
Simple dielectric air: z=5.3711, height=5.0
output/DAC_CORE_5bit__DAC_CORE_5bit/FasterCap_Input_Files/FasterCap_Input_1_outside=(void)_inside=fox.geo
output/DAC_CORE_5bit__DAC_CORE_5bit/FasterCap_Input_Files/FasterCap_Input_2_outside=fox_inside=iox.geo
output/DAC_CORE_5bit__DAC_CORE_5bit/FasterCap_Input_Files/FasterCap_Input_3_outside=fox_inside=spnit.geo
output/DAC_CORE_5bit__DAC_CORE_5bit/FasterCap_Input_Files/FasterCap_Input_4_outside=fox_inside=psg.geo
output/DAC_CORE_5bit__DAC_CORE_5bit/FasterCap_Input_Files/FasterCap_Input_5_outside=iox_inside=spnit.geo
output/DAC_CORE_5bit__DAC_CORE_5bit/FasterCap_Input_Files/FasterCap_Input_6_outside=spnit_inside=psg.geo
output/DAC_CORE_5bit__DAC_CORE_5bit/FasterCap_Input_Files/FasterCap_Input_7_outside=psg_inside=lint.geo
output/DAC_CORE_5bit__DAC_CORE_5bit/FasterCap_Input_Files/FasterCap_Input_8_outside=lint_inside=nild2.geo
output/DAC_CORE_5bit__DAC_CORE_5bit/FasterCap_Input_Files/FasterCap_Input_9_outside=nild2_inside=nild3c.geo
output/DAC_CORE_5bit__DAC_CORE_5bit/FasterCap_Input_Files/FasterCap_Input_10_outside=nild2_inside=nild3.geo
output/DAC_CORE_5bit__DAC_CORE_5bit/FasterCap_Input_Files/FasterCap_Input_11_outside=nild3c_inside=nild3.geo
output/DAC_CORE_5bit__DAC_CORE_5bit/FasterCap_Input_Files/FasterCap_Input_12_outside=nild3_inside=nild4c.geo
output/DAC_CORE_5bit__DAC_CORE_5bit/FasterCap_Input_Files/FasterCap_Input_13_outside=nild3_inside=nild4.geo
output/DAC_CORE_5bit__DAC_CORE_5bit/FasterCap_Input_Files/FasterCap_Input_14_outside=nild4c_inside=nild4.geo
output/DAC_CORE_5bit__DAC_CORE_5bit/FasterCap_Input_Files/FasterCap_Input_15_outside=nild4_inside=nild5.geo
output/DAC_CORE_5bit__DAC_CORE_5bit/FasterCap_Input_Files/FasterCap_Input_16_outside=nild5_inside=nild6.geo
output/DAC_CORE_5bit__DAC_CORE_5bit/FasterCap_Input_Files/FasterCap_Input_17_outside=nild6_inside=air.geo
output/DAC_CORE_5bit__DAC_CORE_5bit/FasterCap_Input_Files/FasterCap_Input_18_outside=air_inside=(void).geo
output/DAC_CORE_5bit__DAC_CORE_5bit/FasterCap_Input_Files/FasterCap_Input_19_outside=(void)_inside=psg.geo
output/DAC_CORE_5bit__DAC_CORE_5bit/FasterCap_Input_Files/FasterCap_Input_20_outside=(void)_inside=lint.geo
output/DAC_CORE_5bit__DAC_CORE_5bit/FasterCap_Input_Files/FasterCap_Input_21_outside=(void)_inside=nild2.geo
output/DAC_CORE_5bit__DAC_CORE_5bit/FasterCap_Input_Files/FasterCap_Input_22_outside=(void)_inside=nild3.geo
output/DAC_CORE_5bit__DAC_CORE_5bit/FasterCap_Input_Files/FasterCap_Input_23_outside=(void)_inside=nild4.geo
output/DAC_CORE_5bit__DAC_CORE_5bit/FasterCap_Input_Files/FasterCap_Input_24_outside=(void)_inside=nild5.geo
output/DAC_CORE_5bit__DAC_CORE_5bit/FasterCap_Input_Files/FasterCap_Input_25_outside=(void)_inside=nild6.geo
output/DAC_CORE_5bit__DAC_CORE_5bit/FasterCap_Input_Files/FasterCap_Input_26_outside=(void)_net=VSUBS.geo
output/DAC_CORE_5bit__DAC_CORE_5bit/FasterCap_Input_Files/FasterCap_Input_27_outside=(void)_net=I_DAC.geo
output/DAC_CORE_5bit__DAC_CORE_5bit/FasterCap_Input_Files/FasterCap_Input_28_outside=fox_net=I_DAC.geo
output/DAC_CORE_5bit__DAC_CORE_5bit/FasterCap_Input_Files/FasterCap_Input_29_outside=psg_net=I_DAC.geo
output/DAC_CORE_5bit__DAC_CORE_5bit/FasterCap_Input_Files/FasterCap_Input_30_outside=lint_net=I_DAC.geo
output/DAC_CORE_5bit__DAC_CORE_5bit/FasterCap_Input_Files/FasterCap_Input_31_outside=nild2_net=I_DAC.geo
output/DAC_CORE_5bit__DAC_CORE_5bit/FasterCap_Input_Files/FasterCap_Input_32_outside=nild3_net=I_DAC.geo
output/DAC_CORE_5bit__DAC_CORE_5bit/FasterCap_Input_Files/FasterCap_Input_33_outside=nild4_net=I_DAC.geo
output/DAC_CORE_5bit__DAC_CORE_5bit/FasterCap_Input_Files/FasterCap_Input_34_outside=nild3c_net=I_DAC.geo
output/DAC_CORE_5bit__DAC_CORE_5bit/FasterCap_Input_Files/FasterCap_Input_35_outside=nild4c_net=I_DAC.geo
output/DAC_CORE_5bit__DAC_CORE_5bit/FasterCap_Input_Files/FasterCap_Input_36_outside=(void)_net=$2.geo
output/DAC_CORE_5bit__DAC_CORE_5bit/FasterCap_Input_Files/FasterCap_Input_37_outside=fox_net=$2.geo
output/DAC_CORE_5bit__DAC_CORE_5bit/FasterCap_Input_Files/FasterCap_Input_38_outside=psg_net=$2.geo
output/DAC_CORE_5bit__DAC_CORE_5bit/FasterCap_Input_Files/FasterCap_Input_39_outside=lint_net=$2.geo
output/DAC_CORE_5bit__DAC_CORE_5bit/FasterCap_Input_Files/FasterCap_Input_40_outside=nild2_net=$2.geo
output/DAC_CORE_5bit__DAC_CORE_5bit/FasterCap_Input_Files/FasterCap_Input_41_outside=nild3_net=$2.geo
output/DAC_CORE_5bit__DAC_CORE_5bit/FasterCap_Input_Files/FasterCap_Input_42_outside=nild4_net=$2.geo
output/DAC_CORE_5bit__DAC_CORE_5bit/FasterCap_Input_Files/FasterCap_Input_43_outside=nild3c_net=$2.geo
output/DAC_CORE_5bit__DAC_CORE_5bit/FasterCap_Input_Files/FasterCap_Input_44_outside=nild4c_net=$2.geo
output/DAC_CORE_5bit__DAC_CORE_5bit/FasterCap_Input_Files/FasterCap_Input_45_outside=(void)_net=$3.geo
output/DAC_CORE_5bit__DAC_CORE_5bit/FasterCap_Input_Files/FasterCap_Input_46_outside=fox_net=$3.geo
output/DAC_CORE_5bit__DAC_CORE_5bit/FasterCap_Input_Files/FasterCap_Input_47_outside=psg_net=$3.geo
output/DAC_CORE_5bit__DAC_CORE_5bit/FasterCap_Input_Files/FasterCap_Input_48_outside=lint_net=$3.geo
output/DAC_CORE_5bit__DAC_CORE_5bit/FasterCap_Input_Files/FasterCap_Input_49_outside=nild2_net=$3.geo
output/DAC_CORE_5bit__DAC_CORE_5bit/FasterCap_Input_Files/FasterCap_Input_50_outside=nild3_net=$3.geo
output/DAC_CORE_5bit__DAC_CORE_5bit/FasterCap_Input_Files/FasterCap_Input_51_outside=nild4_net=$3.geo
output/DAC_CORE_5bit__DAC_CORE_5bit/FasterCap_Input_Files/FasterCap_Input_52_outside=nild3c_net=$3.geo
output/DAC_CORE_5bit__DAC_CORE_5bit/FasterCap_Input_Files/FasterCap_Input_53_outside=nild4c_net=$3.geo
output/DAC_CORE_5bit__DAC_CORE_5bit/FasterCap_Input_Files/FasterCap_Input_54_outside=(void)_net=VDD.geo
output/DAC_CORE_5bit__DAC_CORE_5bit/FasterCap_Input_Files/FasterCap_Input_55_outside=fox_net=VDD.geo
output/DAC_CORE_5bit__DAC_CORE_5bit/FasterCap_Input_Files/FasterCap_Input_56_outside=psg_net=VDD.geo
output/DAC_CORE_5bit__DAC_CORE_5bit/FasterCap_Input_Files/FasterCap_Input_57_outside=lint_net=VDD.geo
output/DAC_CORE_5bit__DAC_CORE_5bit/FasterCap_Input_Files/FasterCap_Input_58_outside=nild2_net=VDD.geo
output/DAC_CORE_5bit__DAC_CORE_5bit/FasterCap_Input_Files/FasterCap_Input_59_outside=nild3_net=VDD.geo
output/DAC_CORE_5bit__DAC_CORE_5bit/FasterCap_Input_Files/FasterCap_Input_60_outside=nild3c_net=VDD.geo
output/DAC_CORE_5bit__DAC_CORE_5bit/FasterCap_Input_Files/FasterCap_Input_61_outside=(void)_net=$10.geo
output/DAC_CORE_5bit__DAC_CORE_5bit/FasterCap_Input_Files/FasterCap_Input_62_outside=fox_net=$10.geo
output/DAC_CORE_5bit__DAC_CORE_5bit/FasterCap_Input_Files/FasterCap_Input_63_outside=psg_net=$10.geo
output/DAC_CORE_5bit__DAC_CORE_5bit/FasterCap_Input_Files/FasterCap_Input_64_outside=lint_net=$10.geo
output/DAC_CORE_5bit__DAC_CORE_5bit/FasterCap_Input_Files/FasterCap_Input_65_outside=nild2_net=$10.geo
output/DAC_CORE_5bit__DAC_CORE_5bit/FasterCap_Input_Files/FasterCap_Input_66_outside=nild3_net=$10.geo
output/DAC_CORE_5bit__DAC_CORE_5bit/FasterCap_Input_Files/FasterCap_Input_67_outside=nild4_net=$10.geo
output/DAC_CORE_5bit__DAC_CORE_5bit/FasterCap_Input_Files/FasterCap_Input_68_outside=nild3c_net=$10.geo
output/DAC_CORE_5bit__DAC_CORE_5bit/FasterCap_Input_Files/FasterCap_Input_69_outside=nild4c_net=$10.geo
output/DAC_CORE_5bit__DAC_CORE_5bit/FasterCap_Input_Files/FasterCap_Input_70_outside=(void)_net=$12.geo
output/DAC_CORE_5bit__DAC_CORE_5bit/FasterCap_Input_Files/FasterCap_Input_71_outside=fox_net=$12.geo
output/DAC_CORE_5bit__DAC_CORE_5bit/FasterCap_Input_Files/FasterCap_Input_72_outside=psg_net=$12.geo
output/DAC_CORE_5bit__DAC_CORE_5bit/FasterCap_Input_Files/FasterCap_Input_73_outside=lint_net=$12.geo
output/DAC_CORE_5bit__DAC_CORE_5bit/FasterCap_Input_Files/FasterCap_Input_74_outside=nild2_net=$12.geo
output/DAC_CORE_5bit__DAC_CORE_5bit/FasterCap_Input_Files/FasterCap_Input_75_outside=nild3_net=$12.geo
output/DAC_CORE_5bit__DAC_CORE_5bit/FasterCap_Input_Files/FasterCap_Input_76_outside=nild4_net=$12.geo
output/DAC_CORE_5bit__DAC_CORE_5bit/FasterCap_Input_Files/FasterCap_Input_77_outside=nild3c_net=$12.geo
output/DAC_CORE_5bit__DAC_CORE_5bit/FasterCap_Input_Files/FasterCap_Input_78_outside=nild4c_net=$12.geo
output/DAC_CORE_5bit__DAC_CORE_5bit/FasterCap_Input_Files/FasterCap_Input_79_outside=(void)_net=$39.geo
output/DAC_CORE_5bit__DAC_CORE_5bit/FasterCap_Input_Files/FasterCap_Input_80_outside=fox_net=$39.geo
output/DAC_CORE_5bit__DAC_CORE_5bit/FasterCap_Input_Files/FasterCap_Input_81_outside=psg_net=$39.geo
output/DAC_CORE_5bit__DAC_CORE_5bit/FasterCap_Input_Files/FasterCap_Input_82_outside=lint_net=$39.geo
output/DAC_CORE_5bit__DAC_CORE_5bit/FasterCap_Input_Files/FasterCap_Input_83_outside=nild2_net=$39.geo
output/DAC_CORE_5bit__DAC_CORE_5bit/FasterCap_Input_Files/FasterCap_Input_84_outside=nild3_net=$39.geo
output/DAC_CORE_5bit__DAC_CORE_5bit/FasterCap_Input_Files/FasterCap_Input_85_outside=nild4_net=$39.geo
output/DAC_CORE_5bit__DAC_CORE_5bit/FasterCap_Input_Files/FasterCap_Input_86_outside=nild3c_net=$39.geo
output/DAC_CORE_5bit__DAC_CORE_5bit/FasterCap_Input_Files/FasterCap_Input_87_outside=nild4c_net=$39.geo
output/DAC_CORE_5bit__DAC_CORE_5bit/FasterCap_Input_Files/FasterCap_Input_88_outside=fox_net=B[0].geo
output/DAC_CORE_5bit__DAC_CORE_5bit/FasterCap_Input_Files/FasterCap_Input_89_outside=spnit_net=B[0].geo
output/DAC_CORE_5bit__DAC_CORE_5bit/FasterCap_Input_Files/FasterCap_Input_90_outside=psg_net=B[0].geo
output/DAC_CORE_5bit__DAC_CORE_5bit/FasterCap_Input_Files/FasterCap_Input_91_outside=lint_net=B[0].geo
output/DAC_CORE_5bit__DAC_CORE_5bit/FasterCap_Input_Files/FasterCap_Input_92_outside=nild2_net=B[0].geo
output/DAC_CORE_5bit__DAC_CORE_5bit/FasterCap_Input_Files/FasterCap_Input_93_outside=nild3_net=B[0].geo
output/DAC_CORE_5bit__DAC_CORE_5bit/FasterCap_Input_Files/FasterCap_Input_94_outside=nild4_net=B[0].geo
output/DAC_CORE_5bit__DAC_CORE_5bit/FasterCap_Input_Files/FasterCap_Input_95_outside=iox_net=B[0].geo
output/DAC_CORE_5bit__DAC_CORE_5bit/FasterCap_Input_Files/FasterCap_Input_96_outside=nild3c_net=B[0].geo
output/DAC_CORE_5bit__DAC_CORE_5bit/FasterCap_Input_Files/FasterCap_Input_97_outside=nild4c_net=B[0].geo
output/DAC_CORE_5bit__DAC_CORE_5bit/FasterCap_Input_Files/FasterCap_Input_98_outside=fox_net=B[1].geo
output/DAC_CORE_5bit__DAC_CORE_5bit/FasterCap_Input_Files/FasterCap_Input_99_outside=spnit_net=B[1].geo
output/DAC_CORE_5bit__DAC_CORE_5bit/FasterCap_Input_Files/FasterCap_Input_100_outside=psg_net=B[1].geo
output/DAC_CORE_5bit__DAC_CORE_5bit/FasterCap_Input_Files/FasterCap_Input_101_outside=lint_net=B[1].geo
output/DAC_CORE_5bit__DAC_CORE_5bit/FasterCap_Input_Files/FasterCap_Input_102_outside=nild2_net=B[1].geo
output/DAC_CORE_5bit__DAC_CORE_5bit/FasterCap_Input_Files/FasterCap_Input_103_outside=nild3_net=B[1].geo
output/DAC_CORE_5bit__DAC_CORE_5bit/FasterCap_Input_Files/FasterCap_Input_104_outside=nild4_net=B[1].geo
output/DAC_CORE_5bit__DAC_CORE_5bit/FasterCap_Input_Files/FasterCap_Input_105_outside=iox_net=B[1].geo
output/DAC_CORE_5bit__DAC_CORE_5bit/FasterCap_Input_Files/FasterCap_Input_106_outside=nild3c_net=B[1].geo
output/DAC_CORE_5bit__DAC_CORE_5bit/FasterCap_Input_Files/FasterCap_Input_107_outside=nild4c_net=B[1].geo
output/DAC_CORE_5bit__DAC_CORE_5bit/FasterCap_Input_Files/FasterCap_Input_108_outside=fox_net=B[2].geo
output/DAC_CORE_5bit__DAC_CORE_5bit/FasterCap_Input_Files/FasterCap_Input_109_outside=spnit_net=B[2].geo
output/DAC_CORE_5bit__DAC_CORE_5bit/FasterCap_Input_Files/FasterCap_Input_110_outside=psg_net=B[2].geo
output/DAC_CORE_5bit__DAC_CORE_5bit/FasterCap_Input_Files/FasterCap_Input_111_outside=lint_net=B[2].geo
output/DAC_CORE_5bit__DAC_CORE_5bit/FasterCap_Input_Files/FasterCap_Input_112_outside=nild2_net=B[2].geo
output/DAC_CORE_5bit__DAC_CORE_5bit/FasterCap_Input_Files/FasterCap_Input_113_outside=nild3_net=B[2].geo
output/DAC_CORE_5bit__DAC_CORE_5bit/FasterCap_Input_Files/FasterCap_Input_114_outside=nild4_net=B[2].geo
output/DAC_CORE_5bit__DAC_CORE_5bit/FasterCap_Input_Files/FasterCap_Input_115_outside=iox_net=B[2].geo
output/DAC_CORE_5bit__DAC_CORE_5bit/FasterCap_Input_Files/FasterCap_Input_116_outside=nild3c_net=B[2].geo
output/DAC_CORE_5bit__DAC_CORE_5bit/FasterCap_Input_Files/FasterCap_Input_117_outside=nild4c_net=B[2].geo
output/DAC_CORE_5bit__DAC_CORE_5bit/FasterCap_Input_Files/FasterCap_Input_118_outside=fox_net=B[3].geo
output/DAC_CORE_5bit__DAC_CORE_5bit/FasterCap_Input_Files/FasterCap_Input_119_outside=spnit_net=B[3].geo
output/DAC_CORE_5bit__DAC_CORE_5bit/FasterCap_Input_Files/FasterCap_Input_120_outside=psg_net=B[3].geo
output/DAC_CORE_5bit__DAC_CORE_5bit/FasterCap_Input_Files/FasterCap_Input_121_outside=lint_net=B[3].geo
output/DAC_CORE_5bit__DAC_CORE_5bit/FasterCap_Input_Files/FasterCap_Input_122_outside=nild2_net=B[3].geo
output/DAC_CORE_5bit__DAC_CORE_5bit/FasterCap_Input_Files/FasterCap_Input_123_outside=nild3_net=B[3].geo
output/DAC_CORE_5bit__DAC_CORE_5bit/FasterCap_Input_Files/FasterCap_Input_124_outside=nild4_net=B[3].geo
output/DAC_CORE_5bit__DAC_CORE_5bit/FasterCap_Input_Files/FasterCap_Input_125_outside=iox_net=B[3].geo
output/DAC_CORE_5bit__DAC_CORE_5bit/FasterCap_Input_Files/FasterCap_Input_126_outside=nild3c_net=B[3].geo
output/DAC_CORE_5bit__DAC_CORE_5bit/FasterCap_Input_Files/FasterCap_Input_127_outside=nild4c_net=B[3].geo
output/DAC_CORE_5bit__DAC_CORE_5bit/FasterCap_Input_Files/FasterCap_Input_128_outside=fox_net=B[4].geo
output/DAC_CORE_5bit__DAC_CORE_5bit/FasterCap_Input_Files/FasterCap_Input_129_outside=spnit_net=B[4].geo
output/DAC_CORE_5bit__DAC_CORE_5bit/FasterCap_Input_Files/FasterCap_Input_130_outside=psg_net=B[4].geo
output/DAC_CORE_5bit__DAC_CORE_5bit/FasterCap_Input_Files/FasterCap_Input_131_outside=lint_net=B[4].geo
output/DAC_CORE_5bit__DAC_CORE_5bit/FasterCap_Input_Files/FasterCap_Input_132_outside=nild2_net=B[4].geo
output/DAC_CORE_5bit__DAC_CORE_5bit/FasterCap_Input_Files/FasterCap_Input_133_outside=nild3_net=B[4].geo
output/DAC_CORE_5bit__DAC_CORE_5bit/FasterCap_Input_Files/FasterCap_Input_134_outside=nild4_net=B[4].geo
output/DAC_CORE_5bit__DAC_CORE_5bit/FasterCap_Input_Files/FasterCap_Input_135_outside=iox_net=B[4].geo
output/DAC_CORE_5bit__DAC_CORE_5bit/FasterCap_Input_Files/FasterCap_Input_136_outside=nild3c_net=B[4].geo
output/DAC_CORE_5bit__DAC_CORE_5bit/FasterCap_Input_Files/FasterCap_Input_137_outside=nild4c_net=B[4].geo
output/DAC_CORE_5bit__DAC_CORE_5bit/FasterCap_Input_Files/FasterCap_Input_138_outside=fox_net=DAC_REF.geo
output/DAC_CORE_5bit__DAC_CORE_5bit/FasterCap_Input_Files/FasterCap_Input_139_outside=spnit_net=DAC_REF.geo
output/DAC_CORE_5bit__DAC_CORE_5bit/FasterCap_Input_Files/FasterCap_Input_140_outside=psg_net=DAC_REF.geo
output/DAC_CORE_5bit__DAC_CORE_5bit/FasterCap_Input_Files/FasterCap_Input_141_outside=lint_net=DAC_REF.geo
output/DAC_CORE_5bit__DAC_CORE_5bit/FasterCap_Input_Files/FasterCap_Input_142_outside=nild2_net=DAC_REF.geo
output/DAC_CORE_5bit__DAC_CORE_5bit/FasterCap_Input_Files/FasterCap_Input_143_outside=nild3_net=DAC_REF.geo
output/DAC_CORE_5bit__DAC_CORE_5bit/FasterCap_Input_Files/FasterCap_Input_144_outside=nild4_net=DAC_REF.geo
output/DAC_CORE_5bit__DAC_CORE_5bit/FasterCap_Input_Files/FasterCap_Input_145_outside=iox_net=DAC_REF.geo
output/DAC_CORE_5bit__DAC_CORE_5bit/FasterCap_Input_Files/FasterCap_Input_146_outside=nild3c_net=DAC_REF.geo
output/DAC_CORE_5bit__DAC_CORE_5bit/FasterCap_Input_Files/FasterCap_Input_147_outside=nild4c_net=DAC_REF.geo
output/DAC_CORE_5bit__DAC_CORE_5bit/FasterCap_Input_Files/FasterCap_Input_.lst
output/DAC_CORE_5bit__DAC_CORE_5bit/Geometries/diel_fox.stl
output/DAC_CORE_5bit__DAC_CORE_5bit/Geometries/diel_iox.stl
output/DAC_CORE_5bit__DAC_CORE_5bit/Geometries/diel_spnit.stl
output/DAC_CORE_5bit__DAC_CORE_5bit/Geometries/diel_psg.stl
output/DAC_CORE_5bit__DAC_CORE_5bit/Geometries/diel_lint.stl
output/DAC_CORE_5bit__DAC_CORE_5bit/Geometries/diel_nild2.stl
output/DAC_CORE_5bit__DAC_CORE_5bit/Geometries/diel_nild3c.stl
output/DAC_CORE_5bit__DAC_CORE_5bit/Geometries/diel_nild3.stl
output/DAC_CORE_5bit__DAC_CORE_5bit/Geometries/diel_nild4c.stl
output/DAC_CORE_5bit__DAC_CORE_5bit/Geometries/diel_nild4.stl
output/DAC_CORE_5bit__DAC_CORE_5bit/Geometries/diel_nild5.stl
output/DAC_CORE_5bit__DAC_CORE_5bit/Geometries/diel_nild6.stl
output/DAC_CORE_5bit__DAC_CORE_5bit/Geometries/diel_air.stl
output/DAC_CORE_5bit__DAC_CORE_5bit/Geometries/cond_I_DAC.stl
output/DAC_CORE_5bit__DAC_CORE_5bit/Geometries/cond_$2.stl
output/DAC_CORE_5bit__DAC_CORE_5bit/Geometries/cond_$3.stl
output/DAC_CORE_5bit__DAC_CORE_5bit/Geometries/cond_VDD.stl
output/DAC_CORE_5bit__DAC_CORE_5bit/Geometries/cond_B[0].stl
output/DAC_CORE_5bit__DAC_CORE_5bit/Geometries/cond_$10.stl
output/DAC_CORE_5bit__DAC_CORE_5bit/Geometries/cond_$12.stl
output/DAC_CORE_5bit__DAC_CORE_5bit/Geometries/cond_B[1].stl
output/DAC_CORE_5bit__DAC_CORE_5bit/Geometries/cond_B[2].stl
output/DAC_CORE_5bit__DAC_CORE_5bit/Geometries/cond_B[3].stl
output/DAC_CORE_5bit__DAC_CORE_5bit/Geometries/cond_B[4].stl
output/DAC_CORE_5bit__DAC_CORE_5bit/Geometries/cond_$39.stl
output/DAC_CORE_5bit__DAC_CORE_5bit/Geometries/cond_DAC_REF.stl
output/DAC_CORE_5bit__DAC_CORE_5bit/Geometries/cond_VSUBS.stl
Configure number of OpenMP threads (environmental variable OMP_NUM_THREADS) as 16
Calling FasterCap
FasterCap -b -i -v -a0.05 -d0.5 -m0.5 -f2 -ap output/DAC_CORE_5bit__DAC_CORE_5bit/FasterCap_Input_Files/FasterCap_Input_.lst, output file: output/DAC_CORE_5bit__DAC_CORE_5bit/DAC_CORE_5bit_FasterCap_Output.txt
./src/common/platinfo.cpp(184): assert ""Assert failure"" failed in InitForCurrentPlatform(): failed to initialize wxPlatformInfo
./src/common/stdpbase.cpp(59): assert ""traits"" failed in Get(): create wxApp before calling this
./src/common/stdpbase.cpp(59): assert ""traits"" failed in Get(): create wxApp before calling this
./src/common/stdpbase.cpp(59): assert ""traits"" failed in Get(): create wxApp before calling this
./src/common/stdpbase.cpp(59): assert ""traits"" failed in Get(): create wxApp before calling this
