GDS input file passed, running in LVS mode
Found cell DAC_CORE_5bit in GDS DAC_CORE_5bit.gds (only top cell)
Calling MAGIC
magic -dnull -noconsole -rcfile /foss/pdks/sky130A/libs.tech/magic/sky130A.magicrc output/DAC_CORE_5bit__DAC_CORE_5bit/magic_RC/DAC_CORE_5bit_MAGIC_RC_Script.tcl, output file: output/DAC_CORE_5bit__DAC_CORE_5bit/magic_RC/DAC_CORE_5bit_MAGIC_RC_Output.txt

Magic 8.3 revision 678 - Compiled on Mon Jul 27 03:07:22 PM CEST 2026.
Starting magic under Tcl interpreter
Using the terminal as the console.
Using NULL graphics device.
Processing system .magicrc file
Switching to WIRING tool.
Switching to NETLIST tool.
Switching to PICK tool.
Switching to BOX tool.
Sourcing design .magicrc for technology sky130A ...
2 Magic internal units = 1 Lambda
Input style sky130(): scaleFactor=2, multiplier=2
The following types are not handled by extraction and will be treated as non-electrical types:
    ubm 
Scaled tech values by 2 / 1 to match internal grid scaling
Loading sky130A Device Generator Menu ...
Loading "output/DAC_CORE_5bit__DAC_CORE_5bit/magic_RC/DAC_CORE_5bit_MAGIC_RC_Script.tcl" from command line.
Warning: Calma reading is not undoable!  I hope that's OK.
Library written using GDS-II Release 6.0
Library name: LIB
Reading "$$$CONTEXT_INFO$$$".
Reading "vias_gen$6".
Reading "guard_ring_gen$3".
Reading "vias_gen$5".
Reading "vias_gen$4".
Reading "TEXT$5".
Reading "TEXT$4".
Reading "TEXT$2".
Reading "TEXT$1".
Reading "TEXT$3".
Reading "vias_gen$3".
Reading "vias_gen".
Reading "DAC_BASE_MCS".
Reading "DAC_BASE_MK".
Reading "TEXT".
Reading "guard_ring_gen".
Reading "DAC_CORE_5bit".
CIF file read warning: CIF style sky130(): units rescaled by factor of 5 / 1
CIF file read warning: Input off lambda grid by 2/5; snapped to grid.
Extracting DAC_CORE_5bit into /foss/designs/lab2/klayout/output/DAC_CORE_5bit__DAC_CORE_5bit/magic_RC/DAC_CORE_5bit.ext:
Processing DAC_CORE_5bit
DAC_CORE_5bit: 33 warnings
Total of 33 warnings.
exttosim finished.
Note:  This option has been deprecated and is unused.
Extracting a_n1864_3918#
Extracting a_n1864_3238#
Extracting a_n1864_2898#
Extracting a_n1494_2558#
Extracting a_n934_2558#
Extracting B[4]
Extracting I_DAC
Extracting B[3]
Extracting B[2]
Extracting B[1]
Extracting B[0]
Extracting DAC_REF
Extracting VDD
Total Nets: 18
Nets extracted: 13 (0.722222)
Nets output: 6 (0.333333)
exttospice finished.
MAGIC succeeded after 0.5426s
Report DB saved at: output/DAC_CORE_5bit__DAC_CORE_5bit/magic_RC/DAC_CORE_5bit_MAGIC_report.rdb.gz
SPICE netlist saved at: output/DAC_CORE_5bit__DAC_CORE_5bit/magic_RC/DAC_CORE_5bit.pex.spice
Copied expanded SPICE netlist to: DAC_CORE_5bit_pex.spice
* NGSPICE file created from DAC_CORE_5bit.ext - technology: sky130A

.subckt DAC_CORE_5bit DAC_REF B[0] B[1] B[4] I_DAC B[2] B[3] VDD
X0 a_n1864_2898.t3 B[2] I_DAC w_n1948_2482# sky130_fd_pr__pfet_01v8 ad=0.126 pd=1.44 as=0.126 ps=1.44 w=0.42 l=0.15
X1 VDD DAC_REF.t55 VDD w_n65_n76# sky130_fd_pr__pfet_01v8 ad=1.05 pd=7.6 as=99.75 ps=722 w=3.5 l=5
X2 a_n1864_3918.t25 DAC_REF.t28 VDD w_n65_n76# sky130_fd_pr__pfet_01v8 ad=1.05 pd=7.6 as=1.05 ps=7.6 w=3.5 l=5
X3 a_n1494_2558.t1 DAC_REF.t22 VDD w_n65_n76# sky130_fd_pr__pfet_01v8 ad=1.05 pd=7.6 as=1.05 ps=7.6 w=3.5 l=5
X4 a_n1864_3918.t11 B[4] I_DAC w_n1948_2482# sky130_fd_pr__pfet_01v8 ad=0.126 pd=1.44 as=0.126 ps=1.44 w=0.42 l=0.15
X5 a_n1864_3918.t27 DAC_REF.t24 VDD w_n65_n76# sky130_fd_pr__pfet_01v8 ad=1.05 pd=7.6 as=1.05 ps=7.6 w=3.5 l=5
X6 VDD DAC_REF.t8 VDD w_n65_n76# sky130_fd_pr__pfet_01v8 ad=1.05 pd=7.6 as=0 ps=0 w=3.5 l=5
X7 VDD DAC_REF.t4 VDD w_n65_n76# sky130_fd_pr__pfet_01v8 ad=1.05 pd=7.6 as=0 ps=0 w=3.5 l=5
X8 I_DAC B[4] a_n1864_3918.t14 w_n1948_2482# sky130_fd_pr__pfet_01v8 ad=0.126 pd=1.44 as=0.126 ps=1.44 w=0.42 l=0.15
X9 VDD DAC_REF.t54 VDD w_n65_n76# sky130_fd_pr__pfet_01v8 ad=1.05 pd=7.6 as=0 ps=0 w=3.5 l=5
X10 VDD DAC_REF.t27 VDD w_n65_n76# sky130_fd_pr__pfet_01v8 ad=1.05 pd=7.6 as=0 ps=0 w=3.5 l=5
X11 I_DAC B[1] a_n1494_2558.t3 w_n1948_2482# sky130_fd_pr__pfet_01v8 ad=0.126 pd=1.44 as=0.126 ps=1.44 w=0.42 l=0.15
X12 a_n1864_3238.t7 DAC_REF.t12 VDD w_n65_n76# sky130_fd_pr__pfet_01v8 ad=1.05 pd=7.6 as=1.05 ps=7.6 w=3.5 l=5
X13 I_DAC B[4] a_n1864_3918.t0 w_n1948_2482# sky130_fd_pr__pfet_01v8 ad=0.126 pd=1.44 as=0.126 ps=1.44 w=0.42 l=0.15
X14 a_n1864_3918.t15 B[4] I_DAC w_n1948_2482# sky130_fd_pr__pfet_01v8 ad=0.126 pd=1.44 as=0.126 ps=1.44 w=0.42 l=0.15
X15 a_n1864_3918.t26 DAC_REF.t25 VDD w_n65_n76# sky130_fd_pr__pfet_01v8 ad=1.05 pd=7.6 as=1.05 ps=7.6 w=3.5 l=5
X16 VDD DAC_REF.t10 VDD w_n65_n76# sky130_fd_pr__pfet_01v8 ad=1.05 pd=7.6 as=0 ps=0 w=3.5 l=5
X17 a_n934_2558.t0 B[0] I_DAC w_n1948_2482# sky130_fd_pr__pfet_01v8 ad=0.126 pd=1.44 as=0.126 ps=1.44 w=0.42 l=0.15
X18 VDD DAC_REF.t5 VDD w_n65_n76# sky130_fd_pr__pfet_01v8 ad=1.05 pd=7.6 as=0 ps=0 w=3.5 l=5
X19 I_DAC B[3] a_n1864_3238.t8 w_n1948_2482# sky130_fd_pr__pfet_01v8 ad=0.126 pd=1.44 as=0.126 ps=1.44 w=0.42 l=0.15
X20 VDD DAC_REF.t62 VDD w_n65_n76# sky130_fd_pr__pfet_01v8 ad=1.05 pd=7.6 as=0 ps=0 w=3.5 l=5
X21 a_n1494_2558.t0 DAC_REF.t40 VDD w_n65_n76# sky130_fd_pr__pfet_01v8 ad=1.05 pd=7.6 as=1.05 ps=7.6 w=3.5 l=5
X22 VDD DAC_REF.t35 VDD w_n65_n76# sky130_fd_pr__pfet_01v8 ad=1.05 pd=7.6 as=0 ps=0 w=3.5 l=5
X23 VDD DAC_REF.t17 VDD w_n65_n76# sky130_fd_pr__pfet_01v8 ad=1.05 pd=7.6 as=0 ps=0 w=3.5 l=5
X24 a_n1864_3918.t30 DAC_REF.t15 VDD w_n65_n76# sky130_fd_pr__pfet_01v8 ad=1.05 pd=7.6 as=1.05 ps=7.6 w=3.5 l=5
X25 a_n1864_2898.t4 DAC_REF.t49 VDD w_n65_n76# sky130_fd_pr__pfet_01v8 ad=1.05 pd=7.6 as=1.05 ps=7.6 w=3.5 l=5
X26 a_n1864_3918.t19 DAC_REF.t42 VDD w_n65_n76# sky130_fd_pr__pfet_01v8 ad=1.05 pd=7.6 as=1.05 ps=7.6 w=3.5 l=5
X27 a_n1864_3918.t1 B[4] I_DAC w_n1948_2482# sky130_fd_pr__pfet_01v8 ad=0.126 pd=1.44 as=0.126 ps=1.44 w=0.42 l=0.15
X28 a_n1864_3918.t16 DAC_REF.t51 VDD w_n65_n76# sky130_fd_pr__pfet_01v8 ad=1.05 pd=7.6 as=1.05 ps=7.6 w=3.5 l=5
X29 a_n1864_3918.t29 DAC_REF.t19 VDD w_n65_n76# sky130_fd_pr__pfet_01v8 ad=1.05 pd=7.6 as=1.05 ps=7.6 w=3.5 l=5
X30 a_n1864_3238.t9 B[3] I_DAC w_n1948_2482# sky130_fd_pr__pfet_01v8 ad=0.126 pd=1.44 as=0.126 ps=1.44 w=0.42 l=0.15
X31 VDD DAC_REF.t56 VDD w_n65_n76# sky130_fd_pr__pfet_01v8 ad=1.05 pd=7.6 as=0 ps=0 w=3.5 l=5
X32 a_n1864_3918.t24 DAC_REF.t29 VDD w_n65_n76# sky130_fd_pr__pfet_01v8 ad=1.05 pd=7.6 as=1.05 ps=7.6 w=3.5 l=5
X33 VDD DAC_REF.t16 VDD w_n65_n76# sky130_fd_pr__pfet_01v8 ad=1.05 pd=7.6 as=0 ps=0 w=3.5 l=5
X34 I_DAC B[3] a_n1864_3238.t12 w_n1948_2482# sky130_fd_pr__pfet_01v8 ad=0.126 pd=1.44 as=0.126 ps=1.44 w=0.42 l=0.15
X35 VDD DAC_REF.t52 VDD w_n65_n76# sky130_fd_pr__pfet_01v8 ad=1.05 pd=7.6 as=0 ps=0 w=3.5 l=5
X36 a_n1864_3918.t18 DAC_REF.t43 VDD w_n65_n76# sky130_fd_pr__pfet_01v8 ad=1.05 pd=7.6 as=1.05 ps=7.6 w=3.5 l=5
X37 VDD DAC_REF.t18 VDD w_n65_n76# sky130_fd_pr__pfet_01v8 ad=1.05 pd=7.6 as=0 ps=0 w=3.5 l=5
X38 a_n1864_3238.t6 DAC_REF.t14 VDD w_n65_n76# sky130_fd_pr__pfet_01v8 ad=1.05 pd=7.6 as=1.05 ps=7.6 w=3.5 l=5
X39 VDD DAC_REF.t57 VDD w_n65_n76# sky130_fd_pr__pfet_01v8 ad=1.05 pd=7.6 as=0 ps=0 w=3.5 l=5
X40 a_n1864_2898.t6 DAC_REF.t30 VDD w_n65_n76# sky130_fd_pr__pfet_01v8 ad=1.05 pd=7.6 as=1.05 ps=7.6 w=3.5 l=5
X41 I_DAC B[4] a_n1864_3918.t2 w_n1948_2482# sky130_fd_pr__pfet_01v8 ad=0.126 pd=1.44 as=0.126 ps=1.44 w=0.42 l=0.15
X42 VDD DAC_REF.t2 VDD w_n65_n76# sky130_fd_pr__pfet_01v8 ad=1.05 pd=7.6 as=0 ps=0 w=3.5 l=5
X43 I_DAC B[3] a_n1864_3238.t10 w_n1948_2482# sky130_fd_pr__pfet_01v8 ad=0.126 pd=1.44 as=0.126 ps=1.44 w=0.42 l=0.15
X44 VDD DAC_REF.t59 VDD w_n65_n76# sky130_fd_pr__pfet_01v8 ad=1.05 pd=7.6 as=0 ps=0 w=3.5 l=5
X45 a_n1864_2898.t5 DAC_REF.t32 VDD w_n65_n76# sky130_fd_pr__pfet_01v8 ad=1.05 pd=7.6 as=1.05 ps=7.6 w=3.5 l=5
X46 a_n1864_3918.t3 B[4] I_DAC w_n1948_2482# sky130_fd_pr__pfet_01v8 ad=0.126 pd=1.44 as=0.126 ps=1.44 w=0.42 l=0.15
X47 a_n1864_3238.t13 B[3] I_DAC w_n1948_2482# sky130_fd_pr__pfet_01v8 ad=0.126 pd=1.44 as=0.126 ps=1.44 w=0.42 l=0.15
X48 a_n1864_3918.t21 DAC_REF.t37 VDD w_n65_n76# sky130_fd_pr__pfet_01v8 ad=1.05 pd=7.6 as=1.05 ps=7.6 w=3.5 l=5
X49 VDD DAC_REF.t26 VDD w_n65_n76# sky130_fd_pr__pfet_01v8 ad=1.05 pd=7.6 as=0 ps=0 w=3.5 l=5
X50 VDD DAC_REF.t46 VDD w_n65_n76# sky130_fd_pr__pfet_01v8 ad=1.05 pd=7.6 as=0 ps=0 w=3.5 l=5
X51 VDD DAC_REF.t3 VDD w_n65_n76# sky130_fd_pr__pfet_01v8 ad=1.05 pd=7.6 as=0 ps=0 w=3.5 l=5
X52 I_DAC B[4] a_n1864_3918.t4 w_n1948_2482# sky130_fd_pr__pfet_01v8 ad=0.126 pd=1.44 as=0.126 ps=1.44 w=0.42 l=0.15
X53 a_n1864_3238.t11 B[3] I_DAC w_n1948_2482# sky130_fd_pr__pfet_01v8 ad=0.126 pd=1.44 as=0.126 ps=1.44 w=0.42 l=0.15
X54 VDD DAC_REF.t36 VDD w_n65_n76# sky130_fd_pr__pfet_01v8 ad=1.05 pd=7.6 as=0 ps=0 w=3.5 l=5
X55 I_DAC B[3] a_n1864_3238.t14 w_n1948_2482# sky130_fd_pr__pfet_01v8 ad=0.126 pd=1.44 as=0.126 ps=1.44 w=0.42 l=0.15
X56 VDD DAC_REF.t45 VDD w_n65_n76# sky130_fd_pr__pfet_01v8 ad=1.05 pd=7.6 as=0 ps=0 w=3.5 l=5
X57 a_n1864_3918.t28 DAC_REF.t20 VDD w_n65_n76# sky130_fd_pr__pfet_01v8 ad=1.05 pd=7.6 as=1.05 ps=7.6 w=3.5 l=5
X58 a_n1864_3918.t5 B[4] I_DAC w_n1948_2482# sky130_fd_pr__pfet_01v8 ad=0.126 pd=1.44 as=0.126 ps=1.44 w=0.42 l=0.15
X59 a_n1864_3238.t15 B[3] I_DAC w_n1948_2482# sky130_fd_pr__pfet_01v8 ad=0.126 pd=1.44 as=0.126 ps=1.44 w=0.42 l=0.15
X60 a_n1864_3238.t5 DAC_REF.t21 VDD w_n65_n76# sky130_fd_pr__pfet_01v8 ad=1.05 pd=7.6 as=1.05 ps=7.6 w=3.5 l=5
X61 VDD DAC_REF.t0 VDD w_n65_n76# sky130_fd_pr__pfet_01v8 ad=1.05 pd=7.6 as=0 ps=0 w=3.5 l=5
X62 I_DAC B[4] a_n1864_3918.t8 w_n1948_2482# sky130_fd_pr__pfet_01v8 ad=0.126 pd=1.44 as=0.126 ps=1.44 w=0.42 l=0.15
X63 I_DAC B[2] a_n1864_2898.t0 w_n1948_2482# sky130_fd_pr__pfet_01v8 ad=0.126 pd=1.44 as=0.126 ps=1.44 w=0.42 l=0.15
X64 VDD DAC_REF.t44 VDD w_n65_n76# sky130_fd_pr__pfet_01v8 ad=1.05 pd=7.6 as=0 ps=0 w=3.5 l=5
X65 VDD DAC_REF.t6 VDD w_n65_n76# sky130_fd_pr__pfet_01v8 ad=1.05 pd=7.6 as=0 ps=0 w=3.5 l=5
X66 VDD DAC_REF.t58 VDD w_n65_n76# sky130_fd_pr__pfet_01v8 ad=1.05 pd=7.6 as=0 ps=0 w=3.5 l=5
X67 VDD DAC_REF.t53 VDD w_n65_n76# sky130_fd_pr__pfet_01v8 ad=1.05 pd=7.6 as=0 ps=0 w=3.5 l=5
X68 a_n934_2558.t1 DAC_REF.t31 VDD w_n65_n76# sky130_fd_pr__pfet_01v8 ad=1.05 pd=7.6 as=1.05 ps=7.6 w=3.5 l=5
X69 a_n1864_3238.t4 DAC_REF.t23 VDD w_n65_n76# sky130_fd_pr__pfet_01v8 ad=1.05 pd=7.6 as=1.05 ps=7.6 w=3.5 l=5
X70 VDD DAC_REF.t9 VDD w_n65_n76# sky130_fd_pr__pfet_01v8 ad=1.05 pd=7.6 as=0 ps=0 w=3.5 l=5
X71 I_DAC B[4] a_n1864_3918.t6 w_n1948_2482# sky130_fd_pr__pfet_01v8 ad=0.126 pd=1.44 as=0.126 ps=1.44 w=0.42 l=0.15
X72 I_DAC B[4] a_n1864_3918.t12 w_n1948_2482# sky130_fd_pr__pfet_01v8 ad=0.126 pd=1.44 as=0.126 ps=1.44 w=0.42 l=0.15
X73 VDD DAC_REF.t60 VDD w_n65_n76# sky130_fd_pr__pfet_01v8 ad=1.05 pd=7.6 as=0 ps=0 w=3.5 l=5
X74 a_n1864_3918.t23 DAC_REF.t33 VDD w_n65_n76# sky130_fd_pr__pfet_01v8 ad=1.05 pd=7.6 as=1.05 ps=7.6 w=3.5 l=5
X75 VDD DAC_REF.t7 VDD w_n65_n76# sky130_fd_pr__pfet_01v8 ad=1.05 pd=7.6 as=0 ps=0 w=3.5 l=5
X76 a_n1864_3918.t9 B[4] I_DAC w_n1948_2482# sky130_fd_pr__pfet_01v8 ad=0.126 pd=1.44 as=0.126 ps=1.44 w=0.42 l=0.15
X77 a_n1864_2898.t1 B[2] I_DAC w_n1948_2482# sky130_fd_pr__pfet_01v8 ad=0.126 pd=1.44 as=0.126 ps=1.44 w=0.42 l=0.15
X78 a_n1864_3918.t17 DAC_REF.t47 VDD w_n65_n76# sky130_fd_pr__pfet_01v8 ad=1.05 pd=7.6 as=1.05 ps=7.6 w=3.5 l=5
X79 a_n1864_3918.t20 DAC_REF.t38 VDD w_n65_n76# sky130_fd_pr__pfet_01v8 ad=1.05 pd=7.6 as=1.05 ps=7.6 w=3.5 l=5
X80 I_DAC B[1] I_DAC w_n1948_2482# sky130_fd_pr__pfet_01v8 ad=0.126 pd=1.44 as=4.158 ps=47.52 w=0.42 l=0.15
X81 VDD DAC_REF.t61 VDD w_n65_n76# sky130_fd_pr__pfet_01v8 ad=1.05 pd=7.6 as=0 ps=0 w=3.5 l=5
X82 a_n1864_3918.t22 DAC_REF.t34 VDD w_n65_n76# sky130_fd_pr__pfet_01v8 ad=1.05 pd=7.6 as=1.05 ps=7.6 w=3.5 l=5
X83 a_n1864_3918.t7 B[4] I_DAC w_n1948_2482# sky130_fd_pr__pfet_01v8 ad=0.126 pd=1.44 as=0.126 ps=1.44 w=0.42 l=0.15
X84 a_n1864_3238.t3 DAC_REF.t39 VDD w_n65_n76# sky130_fd_pr__pfet_01v8 ad=1.05 pd=7.6 as=1.05 ps=7.6 w=3.5 l=5
X85 VDD DAC_REF.t1 VDD w_n65_n76# sky130_fd_pr__pfet_01v8 ad=1.05 pd=7.6 as=0 ps=0 w=3.5 l=5
X86 a_n1864_3918.t13 B[4] I_DAC w_n1948_2482# sky130_fd_pr__pfet_01v8 ad=0.126 pd=1.44 as=0.126 ps=1.44 w=0.42 l=0.15
X87 a_n1864_3238.t1 DAC_REF.t48 VDD w_n65_n76# sky130_fd_pr__pfet_01v8 ad=1.05 pd=7.6 as=1.05 ps=7.6 w=3.5 l=5
X88 I_DAC B[4] a_n1864_3918.t10 w_n1948_2482# sky130_fd_pr__pfet_01v8 ad=0.126 pd=1.44 as=0.126 ps=1.44 w=0.42 l=0.15
X89 I_DAC B[2] a_n1864_2898.t2 w_n1948_2482# sky130_fd_pr__pfet_01v8 ad=0.126 pd=1.44 as=0.126 ps=1.44 w=0.42 l=0.15
X90 a_n1864_3238.t2 DAC_REF.t41 VDD w_n65_n76# sky130_fd_pr__pfet_01v8 ad=1.05 pd=7.6 as=1.05 ps=7.6 w=3.5 l=5
X91 a_n1494_2558.t2 B[1] I_DAC w_n1948_2482# sky130_fd_pr__pfet_01v8 ad=0.126 pd=1.44 as=0.126 ps=1.44 w=0.42 l=0.15
X92 a_n1864_3238.t0 DAC_REF.t50 VDD w_n65_n76# sky130_fd_pr__pfet_01v8 ad=1.05 pd=7.6 as=1.05 ps=7.6 w=3.5 l=5
X93 a_n1864_2898.t7 DAC_REF.t13 VDD w_n65_n76# sky130_fd_pr__pfet_01v8 ad=1.05 pd=7.6 as=1.05 ps=7.6 w=3.5 l=5
X94 a_n1864_3918.t31 DAC_REF.t11 VDD w_n65_n76# sky130_fd_pr__pfet_01v8 ad=1.05 pd=7.6 as=1.05 ps=7.6 w=3.5 l=5
C0 B[2] B[1] 0.14666f
C1 VDD B[0] 0.75127f
C2 VDD w_n1948_2482# 0.99502f
C3 I_DAC B[3] 0.89277f
C4 VDD DAC_REF 39.9763f
C5 VDD B[1] 0.11265f
C6 VDD w_n65_n76# 14.8364f
C7 B[4] I_DAC 1.7506f
C8 I_DAC B[2] 0.44587f
C9 w_n1948_2482# B[0] 0.12332f
C10 B[4] B[3] 0.12324f
C11 B[2] B[3] 0.13721f
C12 B[0] B[1] 0.05195f
C13 VDD I_DAC 1.3383f
C14 w_n1948_2482# B[1] 0.38978f
C15 VDD a_n140_n151# 2.44841f
C16 VDD B[3] 0.23279f
C17 DAC_REF w_n65_n76# 38.3052f
C18 VDD B[4] 0.6983f
C19 VDD B[2] 0.12987f
C20 B[0] I_DAC 0.55504f
C21 VDD a_n2024_2042# 0.61936f
C22 w_n1948_2482# I_DAC 1.50571f
C23 w_n1948_2482# B[3] 1.04456f
C24 DAC_REF I_DAC 0.01718f
C25 I_DAC B[1] 0.42682f
C26 B[0] B[2] 0.01859f
C27 B[4] w_n1948_2482# 2.06516f
C28 w_n1948_2482# B[2] 0.52379f
R0 DAC_REF.n0 DAC_REF.t54 219.208
R1 DAC_REF.n6 DAC_REF.n5 202.339
R2 DAC_REF.n5 DAC_REF.n4 202.339
R3 DAC_REF.n4 DAC_REF.n3 202.339
R4 DAC_REF.n3 DAC_REF.n2 202.339
R5 DAC_REF.n2 DAC_REF.n1 202.339
R6 DAC_REF.n1 DAC_REF.n0 202.339
R7 DAC_REF.n7 DAC_REF.n6 200.984
R8 DAC_REF.t62 DAC_REF.t53 41.0669
R9 DAC_REF.t53 DAC_REF.t44 41.0669
R10 DAC_REF.t44 DAC_REF.t35 41.0669
R11 DAC_REF.t35 DAC_REF.t26 41.0669
R12 DAC_REF.t26 DAC_REF.t17 41.0669
R13 DAC_REF.t17 DAC_REF.t8 41.0669
R14 DAC_REF.t61 DAC_REF.t52 41.0669
R15 DAC_REF.t52 DAC_REF.t43 41.0669
R16 DAC_REF.t43 DAC_REF.t34 41.0669
R17 DAC_REF.t34 DAC_REF.t25 41.0669
R18 DAC_REF.t25 DAC_REF.t16 41.0669
R19 DAC_REF.t16 DAC_REF.t7 41.0669
R20 DAC_REF.t60 DAC_REF.t51 41.0669
R21 DAC_REF.t51 DAC_REF.t42 41.0669
R22 DAC_REF.t42 DAC_REF.t33 41.0669
R23 DAC_REF.t33 DAC_REF.t24 41.0669
R24 DAC_REF.t24 DAC_REF.t15 41.0669
R25 DAC_REF.t15 DAC_REF.t6 41.0669
R26 DAC_REF.t59 DAC_REF.t50 41.0669
R27 DAC_REF.t50 DAC_REF.t41 41.0669
R28 DAC_REF.t41 DAC_REF.t32 41.0669
R29 DAC_REF.t32 DAC_REF.t23 41.0669
R30 DAC_REF.t23 DAC_REF.t14 41.0669
R31 DAC_REF.t14 DAC_REF.t5 41.0669
R32 DAC_REF.t58 DAC_REF.t49 41.0669
R33 DAC_REF.t49 DAC_REF.t40 41.0669
R34 DAC_REF.t40 DAC_REF.t31 41.0669
R35 DAC_REF.t31 DAC_REF.t22 41.0669
R36 DAC_REF.t22 DAC_REF.t13 41.0669
R37 DAC_REF.t13 DAC_REF.t4 41.0669
R38 DAC_REF.t57 DAC_REF.t48 41.0669
R39 DAC_REF.t48 DAC_REF.t39 41.0669
R40 DAC_REF.t39 DAC_REF.t30 41.0669
R41 DAC_REF.t30 DAC_REF.t21 41.0669
R42 DAC_REF.t21 DAC_REF.t12 41.0669
R43 DAC_REF.t12 DAC_REF.t3 41.0669
R44 DAC_REF.t56 DAC_REF.t47 41.0669
R45 DAC_REF.t47 DAC_REF.t38 41.0669
R46 DAC_REF.t38 DAC_REF.t29 41.0669
R47 DAC_REF.t29 DAC_REF.t20 41.0669
R48 DAC_REF.t20 DAC_REF.t11 41.0669
R49 DAC_REF.t11 DAC_REF.t2 41.0669
R50 DAC_REF.t55 DAC_REF.t46 41.0669
R51 DAC_REF.t46 DAC_REF.t37 41.0669
R52 DAC_REF.t37 DAC_REF.t28 41.0669
R53 DAC_REF.t28 DAC_REF.t19 41.0669
R54 DAC_REF.t19 DAC_REF.t10 41.0669
R55 DAC_REF.t10 DAC_REF.t1 41.0669
R56 DAC_REF.t54 DAC_REF.t45 41.0669
R57 DAC_REF.t45 DAC_REF.t36 41.0669
R58 DAC_REF.t36 DAC_REF.t27 41.0669
R59 DAC_REF.t27 DAC_REF.t18 41.0669
R60 DAC_REF.t18 DAC_REF.t9 41.0669
R61 DAC_REF.t9 DAC_REF.t0 41.0669
R62 DAC_REF.n7 DAC_REF.t62 18.2244
R63 DAC_REF.n6 DAC_REF.t61 16.8705
R64 DAC_REF.n5 DAC_REF.t60 16.8705
R65 DAC_REF.n4 DAC_REF.t59 16.8705
R66 DAC_REF.n3 DAC_REF.t58 16.8705
R67 DAC_REF.n2 DAC_REF.t57 16.8705
R68 DAC_REF.n1 DAC_REF.t56 16.8705
R69 DAC_REF.n0 DAC_REF.t55 16.8705
R70 DAC_REF DAC_REF.n7 12.0269
R71 a_n934_2558.t0 a_n934_2558.t1 766.758
R72 a_n1494_2558.n1 a_n1494_2558.t3 664.838
R73 a_n1494_2558.t2 a_n1494_2558.n1 664.838
R74 a_n1494_2558.n0 a_n1494_2558.t0 77.4484
R75 a_n1494_2558.n0 a_n1494_2558.t1 74.7357
R76 a_n1494_2558.n1 a_n1494_2558.n0 20.9299
R77 a_n1864_2898.n4 a_n1864_2898.t0 670.601
R78 a_n1864_2898.t3 a_n1864_2898.n5 669.283
R79 a_n1864_2898.n3 a_n1864_2898.t1 664.841
R80 a_n1864_2898.n3 a_n1864_2898.t2 664.837
R81 a_n1864_2898.n1 a_n1864_2898.t6 79.772
R82 a_n1864_2898.n0 a_n1864_2898.t7 79.6836
R83 a_n1864_2898.n2 a_n1864_2898.t5 77.8807
R84 a_n1864_2898.n0 a_n1864_2898.t4 75.299
R85 a_n1864_2898.n5 a_n1864_2898.n2 14.9841
R86 a_n1864_2898.n4 a_n1864_2898.n3 4.5005
R87 a_n1864_2898.n2 a_n1864_2898.n1 1.31979
R88 a_n1864_2898.n5 a_n1864_2898.n4 1.313
R89 a_n1864_2898.n1 a_n1864_2898.n0 1.1255
R90 a_n1864_3238.t14 a_n1864_3238.n4 664.84
R91 a_n1864_3238.n4 a_n1864_3238.t10 664.84
R92 a_n1864_3238.n4 a_n1864_3238.t9 664.837
R93 a_n1864_3238.n4 a_n1864_3238.t13 664.837
R94 a_n1864_3238.n0 a_n1864_3238.t8 664.721
R95 a_n1864_3238.n0 a_n1864_3238.t12 664.721
R96 a_n1864_3238.n2 a_n1864_3238.t15 664.721
R97 a_n1864_3238.n2 a_n1864_3238.t11 664.721
R98 a_n1864_3238.t3 a_n1864_3238.n5 74.4432
R99 a_n1864_3238.t2 a_n1864_3238.n6 74.4432
R100 a_n1864_3238.t5 a_n1864_3238.n7 74.4322
R101 a_n1864_3238.n5 a_n1864_3238.t1 74.8333
R102 a_n1864_3238.n6 a_n1864_3238.t0 74.8319
R103 a_n1864_3238.t7 a_n1864_3238.n7 74.8094
R104 a_n1864_3238.t6 a_n1864_3238.n8 74.809
R105 a_n1864_3238.n11 a_n1864_3238.n10 9.1486
R106 a_n1864_3238.n8 a_n1864_3238.t4 74.4322
R107 a_n1864_3238.n13 a_n1864_3238.n0 6.6255
R108 a_n1864_3238.n0 a_n1864_3238.n12 5.813
R109 a_n1864_3238.n11 a_n1864_3238.n9 5.33882
R110 a_n1864_3238.n3 a_n1864_3238.n1 0.756437
R111 a_n1864_3238.n4 a_n1864_3238.n13 5.19129
R112 a_n1864_3238.n12 a_n1864_3238.n4 4.5005
R113 a_n1864_3238.n2 a_n1864_3238.n1 2.09086
R114 a_n1864_3238.n9 a_n1864_3238.n5 4.47776
R115 a_n1864_3238.n10 a_n1864_3238.n7 4.50145
R116 a_n1864_3238.n1 a_n1864_3238.n13 1.95861
R117 a_n1864_3238.n3 a_n1864_3238.n11 1.56572
R118 a_n1864_3238.n12 a_n1864_3238.n3 1.31821
R119 a_n1864_3238.n9 a_n1864_3238.n6 1.17341
R120 a_n1864_3238.n10 a_n1864_3238.n8 1.1971
R121 a_n1864_3918.n7 a_n1864_3918.t10 664.84
R122 a_n1864_3918.n7 a_n1864_3918.t6 664.84
R123 a_n1864_3918.n18 a_n1864_3918.t2 664.84
R124 a_n1864_3918.n7 a_n1864_3918.t14 664.84
R125 a_n1864_3918.n7 a_n1864_3918.t9 664.837
R126 a_n1864_3918.n7 a_n1864_3918.t5 664.837
R127 a_n1864_3918.n18 a_n1864_3918.t1 664.837
R128 a_n1864_3918.n7 a_n1864_3918.t13 664.837
R129 a_n1864_3918.t15 a_n1864_3918.n1 664.721
R130 a_n1864_3918.n5 a_n1864_3918.t0 664.721
R131 a_n1864_3918.n6 a_n1864_3918.t12 664.721
R132 a_n1864_3918.n6 a_n1864_3918.t8 664.721
R133 a_n1864_3918.n5 a_n1864_3918.t4 664.721
R134 a_n1864_3918.n3 a_n1864_3918.t3 664.721
R135 a_n1864_3918.n3 a_n1864_3918.t7 664.721
R136 a_n1864_3918.n1 a_n1864_3918.t11 664.721
R137 a_n1864_3918.t21 a_n1864_3918.n11 74.4038
R138 a_n1864_3918.t24 a_n1864_3918.n0 74.4038
R139 a_n1864_3918.t23 a_n1864_3918.n13 74.4039
R140 a_n1864_3918.t19 a_n1864_3918.n14 74.4039
R141 a_n1864_3918.t16 a_n1864_3918.n15 74.4038
R142 a_n1864_3918.t18 a_n1864_3918.n17 74.4039
R143 a_n1864_3918.n12 a_n1864_3918.t27 74.4281
R144 a_n1864_3918.n16 a_n1864_3918.t22 74.4281
R145 a_n1864_3918.n10 a_n1864_3918.t29 74.8209
R146 a_n1864_3918.n10 a_n1864_3918.t25 74.4282
R147 a_n1864_3918.n0 a_n1864_3918.t20 74.4038
R148 a_n1864_3918.n0 a_n1864_3918.t17 74.4038
R149 a_n1864_3918.n10 a_n1864_3918.n11 0.305395
R150 a_n1864_3918.n0 a_n1864_3918.t31 74.821
R151 a_n1864_3918.n12 a_n1864_3918.t30 74.821
R152 a_n1864_3918.n12 a_n1864_3918.n13 0.305394
R153 a_n1864_3918.n13 a_n1864_3918.n14 0.341929
R154 a_n1864_3918.n14 a_n1864_3918.n15 0.341929
R155 a_n1864_3918.n16 a_n1864_3918.t26 74.821
R156 a_n1864_3918.n16 a_n1864_3918.n17 0.305394
R157 a_n1864_3918.n0 a_n1864_3918.t28 74.4281
R158 a_n1864_3918.n20 a_n1864_3918.n19 6.70159
R159 a_n1864_3918.n5 a_n1864_3918.n23 5.813
R160 a_n1864_3918.n25 a_n1864_3918.n6 5.813
R161 a_n1864_3918.n24 a_n1864_3918.n6 5.813
R162 a_n1864_3918.n22 a_n1864_3918.n5 5.813
R163 a_n1864_3918.n19 a_n1864_3918.n11 5.46464
R164 a_n1864_3918.n1 a_n1864_3918.n2 1.99243
R165 a_n1864_3918.n9 a_n1864_3918.n2 0.518145
R166 a_n1864_3918.n8 a_n1864_3918.n4 0.537697
R167 a_n1864_3918.n3 a_n1864_3918.n4 1.98265
R168 a_n1864_3918.n23 a_n1864_3918.n7 4.5005
R169 a_n1864_3918.n25 a_n1864_3918.n7 4.5005
R170 a_n1864_3918.n7 a_n1864_3918.n24 4.5005
R171 a_n1864_3918.n22 a_n1864_3918.n18 4.5005
R172 a_n1864_3918.n8 a_n1864_3918.n21 4.31679
R173 a_n1864_3918.n21 a_n1864_3918.n17 3.85866
R174 a_n1864_3918.n19 a_n1864_3918.n0 3.18235
R175 a_n1864_3918.n6 a_n1864_3918.n5 2.438
R176 a_n1864_3918.n3 a_n1864_3918.n1 2.438
R177 a_n1864_3918.n20 a_n1864_3918.n15 2.1946
R178 a_n1864_3918.n18 a_n1864_3918.n7 2.06958
R179 a_n1864_3918.n8 a_n1864_3918.n9 1.7283
R180 a_n1864_3918.n21 a_n1864_3918.n20 1.60648
R181 a_n1864_3918.n23 a_n1864_3918.n8 1.31821
R182 a_n1864_3918.n24 a_n1864_3918.n9 1.31821
R183 a_n1864_3918.n22 a_n1864_3918.n4 1.85541
R184 a_n1864_3918.n25 a_n1864_3918.n2 1.83585
C29 VDD VSUBS 19.5671f
C30 DAC_REF VSUBS 6.67328f
C31 B[0] VSUBS 0.87958f
C32 B[1] VSUBS 0.2115f
C33 B[2] VSUBS 0.13149f
C34 B[3] VSUBS 0.29098f
C35 I_DAC VSUBS 1.04519f
C36 B[4] VSUBS 0.68408f
C37 w_n1948_2482# VSUBS 9.5674f ; **FLOATING
C38 w_n65_n76# VSUBS 0.21124p ; **FLOATING
C39 a_n1864_3918.t31 VSUBS 0.22835f ; **FLOATING
C40 a_n1864_3918.n0 VSUBS 8.02023f ; **FLOATING
C41 a_n1864_3918.n1 VSUBS 0.25307f ; **FLOATING
C42 a_n1864_3918.n2 VSUBS 0.1265f ; **FLOATING
C43 a_n1864_3918.n3 VSUBS 0.2528f ; **FLOATING
C44 a_n1864_3918.n4 VSUBS 0.08556f ; **FLOATING
C45 a_n1864_3918.n5 VSUBS 0.29582f ; **FLOATING
C46 a_n1864_3918.n6 VSUBS 0.29609f ; **FLOATING
C47 a_n1864_3918.n7 VSUBS 0.55504f ; **FLOATING
C48 a_n1864_3918.n8 VSUBS 1.17513f ; **FLOATING
C49 a_n1864_3918.n9 VSUBS 0.36089f ; **FLOATING
C50 a_n1864_3918.n10 VSUBS 3.29589f ; **FLOATING
C51 a_n1864_3918.n11 VSUBS 1.81109f ; **FLOATING
C52 a_n1864_3918.n12 VSUBS 3.29589f ; **FLOATING
C53 a_n1864_3918.n13 VSUBS 1.51809f ; **FLOATING
C54 a_n1864_3918.n14 VSUBS 1.6476f ; **FLOATING
C55 a_n1864_3918.n15 VSUBS 1.55864f ; **FLOATING
C56 a_n1864_3918.n16 VSUBS 3.2959f ; **FLOATING
C57 a_n1864_3918.n17 VSUBS 1.59617f ; **FLOATING
C58 a_n1864_3918.n18 VSUBS 0.16615f ; **FLOATING
C59 a_n1864_3918.t11 VSUBS 0.02661f ; **FLOATING
C60 a_n1864_3918.t12 VSUBS 0.02661f ; **FLOATING
C61 a_n1864_3918.t6 VSUBS 0.02662f ; **FLOATING
C62 a_n1864_3918.t10 VSUBS 0.02662f ; **FLOATING
C63 a_n1864_3918.t9 VSUBS 0.02662f ; **FLOATING
C64 a_n1864_3918.t8 VSUBS 0.02661f ; **FLOATING
C65 a_n1864_3918.t4 VSUBS 0.02661f ; **FLOATING
C66 a_n1864_3918.t0 VSUBS 0.02661f ; **FLOATING
C67 a_n1864_3918.t7 VSUBS 0.02661f ; **FLOATING
C68 a_n1864_3918.t3 VSUBS 0.02661f ; **FLOATING
C69 a_n1864_3918.t21 VSUBS 0.22062f ; **FLOATING
C70 a_n1864_3918.t25 VSUBS 0.22063f ; **FLOATING
C71 a_n1864_3918.t29 VSUBS 0.22836f ; **FLOATING
C72 a_n1864_3918.t17 VSUBS 0.22062f ; **FLOATING
C73 a_n1864_3918.t20 VSUBS 0.22062f ; **FLOATING
C74 a_n1864_3918.t24 VSUBS 0.22062f ; **FLOATING
C75 a_n1864_3918.t28 VSUBS 0.22063f ; **FLOATING
C76 a_n1864_3918.n19 VSUBS 2.37223f ; **FLOATING
C77 a_n1864_3918.t16 VSUBS 0.22062f ; **FLOATING
C78 a_n1864_3918.t19 VSUBS 0.22062f ; **FLOATING
C79 a_n1864_3918.t23 VSUBS 0.22062f ; **FLOATING
C80 a_n1864_3918.t27 VSUBS 0.22063f ; **FLOATING
C81 a_n1864_3918.t30 VSUBS 0.22836f ; **FLOATING
C82 a_n1864_3918.n20 VSUBS 1.85594f ; **FLOATING
C83 a_n1864_3918.t18 VSUBS 0.22062f ; **FLOATING
C84 a_n1864_3918.t22 VSUBS 0.22063f ; **FLOATING
C85 a_n1864_3918.t26 VSUBS 0.22835f ; **FLOATING
C86 a_n1864_3918.n21 VSUBS 1.53523f ; **FLOATING
C87 a_n1864_3918.t2 VSUBS 0.02662f ; **FLOATING
C88 a_n1864_3918.t1 VSUBS 0.02662f ; **FLOATING
C89 a_n1864_3918.n22 VSUBS 0.26649f ; **FLOATING
C90 a_n1864_3918.t5 VSUBS 0.02662f ; **FLOATING
C91 a_n1864_3918.n23 VSUBS 0.23161f ; **FLOATING
C92 a_n1864_3918.n24 VSUBS 0.23161f ; **FLOATING
C93 a_n1864_3918.t14 VSUBS 0.02662f ; **FLOATING
C94 a_n1864_3918.t13 VSUBS 0.02662f ; **FLOATING
C95 a_n1864_3918.n25 VSUBS 0.2813f ; **FLOATING
C96 a_n1864_3918.t15 VSUBS 0.02661f ; **FLOATING
C97 a_n1864_3238.n0 VSUBS 0.28284f ; **FLOATING
C98 a_n1864_3238.n1 VSUBS 0.10136f ; **FLOATING
C99 a_n1864_3238.n2 VSUBS 0.23748f ; **FLOATING
C100 a_n1864_3238.n3 VSUBS 0.64751f ; **FLOATING
C101 a_n1864_3238.n4 VSUBS 0.35101f ; **FLOATING
C102 a_n1864_3238.n5 VSUBS 3.66298f ; **FLOATING
C103 a_n1864_3238.n6 VSUBS 3.04102f ; **FLOATING
C104 a_n1864_3238.n7 VSUBS 3.66089f ; **FLOATING
C105 a_n1864_3238.n8 VSUBS 3.03424f ; **FLOATING
C106 a_n1864_3238.t10 VSUBS 0.02808f ; **FLOATING
C107 a_n1864_3238.t13 VSUBS 0.02808f ; **FLOATING
C108 a_n1864_3238.t12 VSUBS 0.02807f ; **FLOATING
C109 a_n1864_3238.t8 VSUBS 0.02807f ; **FLOATING
C110 a_n1864_3238.t3 VSUBS 0.23268f ; **FLOATING
C111 a_n1864_3238.t1 VSUBS 0.24082f ; **FLOATING
C112 a_n1864_3238.t2 VSUBS 0.23268f ; **FLOATING
C113 a_n1864_3238.t0 VSUBS 0.24082f ; **FLOATING
C114 a_n1864_3238.n9 VSUBS 2.12388f ; **FLOATING
C115 a_n1864_3238.t5 VSUBS 0.23268f ; **FLOATING
C116 a_n1864_3238.t7 VSUBS 0.24049f ; **FLOATING
C117 a_n1864_3238.t4 VSUBS 0.23268f ; **FLOATING
C118 a_n1864_3238.t6 VSUBS 0.24048f ; **FLOATING
C119 a_n1864_3238.n10 VSUBS 2.83212f ; **FLOATING
C120 a_n1864_3238.n11 VSUBS 2.92028f ; **FLOATING
C121 a_n1864_3238.t11 VSUBS 0.02807f ; **FLOATING
C122 a_n1864_3238.t15 VSUBS 0.02807f ; **FLOATING
C123 a_n1864_3238.t9 VSUBS 0.02808f ; **FLOATING
C124 a_n1864_3238.n12 VSUBS 0.24425f ; **FLOATING
C125 a_n1864_3238.n13 VSUBS 0.29352f ; **FLOATING
C126 a_n1864_3238.t14 VSUBS 0.02808f ; **FLOATING
C127 a_n1864_2898.t6 VSUBS 0.41903f ; **FLOATING
C128 a_n1864_2898.t7 VSUBS 0.41576f ; **FLOATING
C129 a_n1864_2898.t4 VSUBS 0.27702f ; **FLOATING
C130 a_n1864_2898.n0 VSUBS 5.04018f ; **FLOATING
C131 a_n1864_2898.n1 VSUBS 3.69273f ; **FLOATING
C132 a_n1864_2898.t5 VSUBS 0.34982f ; **FLOATING
C133 a_n1864_2898.n2 VSUBS 5.49371f ; **FLOATING
C134 a_n1864_2898.t0 VSUBS 0.03219f ; **FLOATING
C135 a_n1864_2898.t2 VSUBS 0.03128f ; **FLOATING
C136 a_n1864_2898.t1 VSUBS 0.03128f ; **FLOATING
C137 a_n1864_2898.n3 VSUBS 0.1435f ; **FLOATING
C138 a_n1864_2898.n4 VSUBS 0.37707f ; **FLOATING
C139 a_n1864_2898.n5 VSUBS 1.46738f ; **FLOATING
C140 a_n1864_2898.t3 VSUBS 0.03182f ; **FLOATING
C141 a_n1494_2558.t3 VSUBS 0.03293f ; **FLOATING
C142 a_n1494_2558.t1 VSUBS 0.27873f ; **FLOATING
C143 a_n1494_2558.t0 VSUBS 0.35424f ; **FLOATING
C144 a_n1494_2558.n0 VSUBS 8.34845f ; **FLOATING
C145 a_n1494_2558.n1 VSUBS 2.26104f ; **FLOATING
C146 a_n1494_2558.t2 VSUBS 0.03293f ; **FLOATING
C147 a_n934_2558.t1 VSUBS 6.10581f ; **FLOATING
C148 a_n934_2558.t0 VSUBS 0.72157f ; **FLOATING
C149 DAC_REF.t7 VSUBS 1.6592f ; **FLOATING
C150 DAC_REF.t16 VSUBS 1.6592f ; **FLOATING
C151 DAC_REF.t25 VSUBS 1.6592f ; **FLOATING
C152 DAC_REF.t34 VSUBS 1.6592f ; **FLOATING
C153 DAC_REF.t43 VSUBS 1.6592f ; **FLOATING
C154 DAC_REF.t52 VSUBS 1.6592f ; **FLOATING
C155 DAC_REF.t61 VSUBS 1.1704f ; **FLOATING
C156 DAC_REF.t6 VSUBS 1.6592f ; **FLOATING
C157 DAC_REF.t15 VSUBS 1.6592f ; **FLOATING
C158 DAC_REF.t24 VSUBS 1.6592f ; **FLOATING
C159 DAC_REF.t33 VSUBS 1.6592f ; **FLOATING
C160 DAC_REF.t42 VSUBS 1.6592f ; **FLOATING
C161 DAC_REF.t51 VSUBS 1.6592f ; **FLOATING
C162 DAC_REF.t60 VSUBS 1.1704f ; **FLOATING
C163 DAC_REF.t5 VSUBS 1.6592f ; **FLOATING
C164 DAC_REF.t14 VSUBS 1.6592f ; **FLOATING
C165 DAC_REF.t23 VSUBS 1.6592f ; **FLOATING
C166 DAC_REF.t32 VSUBS 1.6592f ; **FLOATING
C167 DAC_REF.t41 VSUBS 1.6592f ; **FLOATING
C168 DAC_REF.t50 VSUBS 1.6592f ; **FLOATING
C169 DAC_REF.t59 VSUBS 1.1704f ; **FLOATING
C170 DAC_REF.t4 VSUBS 1.6592f ; **FLOATING
C171 DAC_REF.t13 VSUBS 1.6592f ; **FLOATING
C172 DAC_REF.t22 VSUBS 1.6592f ; **FLOATING
C173 DAC_REF.t31 VSUBS 1.6592f ; **FLOATING
C174 DAC_REF.t40 VSUBS 1.6592f ; **FLOATING
C175 DAC_REF.t49 VSUBS 1.6592f ; **FLOATING
C176 DAC_REF.t58 VSUBS 1.1704f ; **FLOATING
C177 DAC_REF.t3 VSUBS 1.6592f ; **FLOATING
C178 DAC_REF.t12 VSUBS 1.6592f ; **FLOATING
C179 DAC_REF.t21 VSUBS 1.6592f ; **FLOATING
C180 DAC_REF.t30 VSUBS 1.6592f ; **FLOATING
C181 DAC_REF.t39 VSUBS 1.6592f ; **FLOATING
C182 DAC_REF.t48 VSUBS 1.6592f ; **FLOATING
C183 DAC_REF.t57 VSUBS 1.1704f ; **FLOATING
C184 DAC_REF.t2 VSUBS 1.6592f ; **FLOATING
C185 DAC_REF.t11 VSUBS 1.6592f ; **FLOATING
C186 DAC_REF.t20 VSUBS 1.6592f ; **FLOATING
C187 DAC_REF.t29 VSUBS 1.6592f ; **FLOATING
C188 DAC_REF.t38 VSUBS 1.6592f ; **FLOATING
C189 DAC_REF.t47 VSUBS 1.6592f ; **FLOATING
C190 DAC_REF.t56 VSUBS 1.1704f ; **FLOATING
C191 DAC_REF.t1 VSUBS 1.6592f ; **FLOATING
C192 DAC_REF.t10 VSUBS 1.6592f ; **FLOATING
C193 DAC_REF.t19 VSUBS 1.6592f ; **FLOATING
C194 DAC_REF.t28 VSUBS 1.6592f ; **FLOATING
C195 DAC_REF.t37 VSUBS 1.6592f ; **FLOATING
C196 DAC_REF.t46 VSUBS 1.6592f ; **FLOATING
C197 DAC_REF.t55 VSUBS 1.1704f ; **FLOATING
C198 DAC_REF.t0 VSUBS 1.6592f ; **FLOATING
C199 DAC_REF.t9 VSUBS 1.6592f ; **FLOATING
C200 DAC_REF.t18 VSUBS 1.6592f ; **FLOATING
C201 DAC_REF.t27 VSUBS 1.6592f ; **FLOATING
C202 DAC_REF.t36 VSUBS 1.6592f ; **FLOATING
C203 DAC_REF.t45 VSUBS 1.6592f ; **FLOATING
C204 DAC_REF.t54 VSUBS 2.16534f ; **FLOATING
C205 DAC_REF.n0 VSUBS 1.20467f ; **FLOATING
C206 DAC_REF.n1 VSUBS 1.12171f ; **FLOATING
C207 DAC_REF.n2 VSUBS 1.12171f ; **FLOATING
C208 DAC_REF.n3 VSUBS 1.12171f ; **FLOATING
C209 DAC_REF.n4 VSUBS 1.12171f ; **FLOATING
C210 DAC_REF.n5 VSUBS 1.12171f ; **FLOATING
C211 DAC_REF.n6 VSUBS 1.11911f ; **FLOATING
C212 DAC_REF.t8 VSUBS 1.6592f ; **FLOATING
C213 DAC_REF.t17 VSUBS 1.6592f ; **FLOATING
C214 DAC_REF.t26 VSUBS 1.6592f ; **FLOATING
C215 DAC_REF.t35 VSUBS 1.6592f ; **FLOATING
C216 DAC_REF.t44 VSUBS 1.6592f ; **FLOATING
C217 DAC_REF.t53 VSUBS 1.6592f ; **FLOATING
C218 DAC_REF.t62 VSUBS 1.22173f ; **FLOATING
C219 DAC_REF.n7 VSUBS 1.05088f ; **FLOATING
.ends

